Archive member included to satisfy reference by file (symbol)

c:/program files (x86)/cypress/psoc creator/4.2/psoc creator/import/gnu/arm/5.4.1/bin/../lib/gcc/arm-none-eabi/5.4.1/armv6-m\libgcc.a(_udivsi3.o)
                              .\CortexM0p\ARM_GCC_541\Debug\system_psoc62_cm0plus.o (__aeabi_uidiv)
c:/program files (x86)/cypress/psoc creator/4.2/psoc creator/import/gnu/arm/5.4.1/bin/../lib/gcc/arm-none-eabi/5.4.1/armv6-m\libgcc.a(_dvmd_tls.o)
                              c:/program files (x86)/cypress/psoc creator/4.2/psoc creator/import/gnu/arm/5.4.1/bin/../lib/gcc/arm-none-eabi/5.4.1/armv6-m\libgcc.a(_udivsi3.o) (__aeabi_idiv0)
c:/program files (x86)/cypress/psoc creator/4.2/psoc creator/import/gnu/arm/5.4.1/bin/../lib/gcc/arm-none-eabi/5.4.1/armv6-m\libgcc.a(_arm_cmpsf2.o)
                              .\CortexM0p\ARM_GCC_541\Debug\cy_sysclk.o (__aeabi_fcmplt)
c:/program files (x86)/cypress/psoc creator/4.2/psoc creator/import/gnu/arm/5.4.1/bin/../lib/gcc/arm-none-eabi/5.4.1/armv6-m\libgcc.a(_aeabi_uldivmod.o)
                              .\CortexM0p\ARM_GCC_541\Debug\cy_sysclk.o (__aeabi_uldivmod)
c:/program files (x86)/cypress/psoc creator/4.2/psoc creator/import/gnu/arm/5.4.1/bin/../lib/gcc/arm-none-eabi/5.4.1/armv6-m\libgcc.a(_muldi3.o)
                              .\CortexM0p\ARM_GCC_541\Debug\cy_sysclk.o (__aeabi_lmul)
c:/program files (x86)/cypress/psoc creator/4.2/psoc creator/import/gnu/arm/5.4.1/bin/../lib/gcc/arm-none-eabi/5.4.1/armv6-m\libgcc.a(_fixunssfsi.o)
                              .\CortexM0p\ARM_GCC_541\Debug\cy_sysclk.o (__aeabi_f2uiz)
c:/program files (x86)/cypress/psoc creator/4.2/psoc creator/import/gnu/arm/5.4.1/bin/../lib/gcc/arm-none-eabi/5.4.1/armv6-m\libgcc.a(_fixunsdfsi.o)
                              .\CortexM0p\ARM_GCC_541\Debug\cy_sysclk.o (__aeabi_d2uiz)
c:/program files (x86)/cypress/psoc creator/4.2/psoc creator/import/gnu/arm/5.4.1/bin/../lib/gcc/arm-none-eabi/5.4.1/armv6-m\libgcc.a(_udivmoddi4.o)
                              c:/program files (x86)/cypress/psoc creator/4.2/psoc creator/import/gnu/arm/5.4.1/bin/../lib/gcc/arm-none-eabi/5.4.1/armv6-m\libgcc.a(_aeabi_uldivmod.o) (__udivmoddi4)
c:/program files (x86)/cypress/psoc creator/4.2/psoc creator/import/gnu/arm/5.4.1/bin/../lib/gcc/arm-none-eabi/5.4.1/armv6-m\libgcc.a(addsf3.o)
                              .\CortexM0p\ARM_GCC_541\Debug\cy_sysclk.o (__aeabi_fadd)
c:/program files (x86)/cypress/psoc creator/4.2/psoc creator/import/gnu/arm/5.4.1/bin/../lib/gcc/arm-none-eabi/5.4.1/armv6-m\libgcc.a(divsf3.o)
                              .\CortexM0p\ARM_GCC_541\Debug\cy_sysclk.o (__aeabi_fdiv)
c:/program files (x86)/cypress/psoc creator/4.2/psoc creator/import/gnu/arm/5.4.1/bin/../lib/gcc/arm-none-eabi/5.4.1/armv6-m\libgcc.a(eqsf2.o)
                              c:/program files (x86)/cypress/psoc creator/4.2/psoc creator/import/gnu/arm/5.4.1/bin/../lib/gcc/arm-none-eabi/5.4.1/armv6-m\libgcc.a(_arm_cmpsf2.o) (__eqsf2)
c:/program files (x86)/cypress/psoc creator/4.2/psoc creator/import/gnu/arm/5.4.1/bin/../lib/gcc/arm-none-eabi/5.4.1/armv6-m\libgcc.a(gesf2.o)
                              c:/program files (x86)/cypress/psoc creator/4.2/psoc creator/import/gnu/arm/5.4.1/bin/../lib/gcc/arm-none-eabi/5.4.1/armv6-m\libgcc.a(_arm_cmpsf2.o) (__gesf2)
c:/program files (x86)/cypress/psoc creator/4.2/psoc creator/import/gnu/arm/5.4.1/bin/../lib/gcc/arm-none-eabi/5.4.1/armv6-m\libgcc.a(lesf2.o)
                              c:/program files (x86)/cypress/psoc creator/4.2/psoc creator/import/gnu/arm/5.4.1/bin/../lib/gcc/arm-none-eabi/5.4.1/armv6-m\libgcc.a(_arm_cmpsf2.o) (__lesf2)
c:/program files (x86)/cypress/psoc creator/4.2/psoc creator/import/gnu/arm/5.4.1/bin/../lib/gcc/arm-none-eabi/5.4.1/armv6-m\libgcc.a(mulsf3.o)
                              .\CortexM0p\ARM_GCC_541\Debug\cy_sysclk.o (__aeabi_fmul)
c:/program files (x86)/cypress/psoc creator/4.2/psoc creator/import/gnu/arm/5.4.1/bin/../lib/gcc/arm-none-eabi/5.4.1/armv6-m\libgcc.a(subsf3.o)
                              .\CortexM0p\ARM_GCC_541\Debug\cy_sysclk.o (__aeabi_fsub)
c:/program files (x86)/cypress/psoc creator/4.2/psoc creator/import/gnu/arm/5.4.1/bin/../lib/gcc/arm-none-eabi/5.4.1/armv6-m\libgcc.a(fixsfsi.o)
                              c:/program files (x86)/cypress/psoc creator/4.2/psoc creator/import/gnu/arm/5.4.1/bin/../lib/gcc/arm-none-eabi/5.4.1/armv6-m\libgcc.a(_fixunssfsi.o) (__aeabi_f2iz)
c:/program files (x86)/cypress/psoc creator/4.2/psoc creator/import/gnu/arm/5.4.1/bin/../lib/gcc/arm-none-eabi/5.4.1/armv6-m\libgcc.a(floatunsisf.o)
                              .\CortexM0p\ARM_GCC_541\Debug\cy_sysclk.o (__aeabi_ui2f)
c:/program files (x86)/cypress/psoc creator/4.2/psoc creator/import/gnu/arm/5.4.1/bin/../lib/gcc/arm-none-eabi/5.4.1/armv6-m\libgcc.a(divdf3.o)
                              .\CortexM0p\ARM_GCC_541\Debug\cy_sysclk.o (__aeabi_ddiv)
[...]
Memory Configuration

Name             Origin             Length             Attributes
ram              0x08000000         0x00024000         xrw
flash            0x10000000         0x00080000         xr
em_eeprom        0x14000000         0x00008000         xr
sflash_user_data 0x16000800         0x00000800         xr
sflash_nar       0x16001a00         0x00000200         xr
sflash_public_key 0x16005a00         0x00000c00         xr
sflash_toc_2     0x16007c00         0x00000200         xr
sflash_rtoc_2    0x16007e00         0x00000200         xr
xip              0x18000000         0x08000000         xr
efuse            0x90700000         0x00100000         r
*default*        0x00000000         0xffffffff

Linker script and memory map

LOAD c:/program files (x86)/cypress/psoc creator/4.2/psoc creator/import/gnu/arm/5.4.1/bin/../lib/gcc/arm-none-eabi/5.4.1/armv6-m/crti.o
LOAD c:/program files (x86)/cypress/psoc creator/4.2/psoc creator/import/gnu/arm/5.4.1/bin/../lib/gcc/arm-none-eabi/5.4.1/armv6-m/crtbegin.o
LOAD c:/program files (x86)/cypress/psoc creator/4.2/psoc creator/import/gnu/arm/5.4.1/bin/../lib/gcc/arm-none-eabi/5.4.1/../../../../arm-none-eabi/lib/armv6-m/crt0.o
START GROUP
LOAD .\CortexM0p\ARM_GCC_541\Debug\startup_psoc62_cm0plus.o
LOAD .\CortexM0p\ARM_GCC_541\Debug\main_cm0p.o
LOAD .\CortexM0p\ARM_GCC_541\Debug\system_psoc62_cm0plus.o
LOAD .\CortexM0p\ARM_GCC_541\Debug\cy_ipc_config.o
LOAD .\CortexM0p\ARM_GCC_541\Debug\stdio_user.o
LOAD .\CortexM0p\ARM_GCC_541\Debug\cyfitter_sysint_cfg.o
LOAD .\CortexM0p\ARM_GCC_541\Debug\cyfitter_cfg.o
LOAD .\CortexM0p\ARM_GCC_541\Debug\cymetadata.o
LOAD .\CortexM0p\ARM_GCC_541\Debug\UART.o
LOAD .\CortexM0p\ARM_GCC_541\Debug\cy_sysint.o
LOAD .\CortexM0p\ARM_GCC_541\Debug\cy_ipc_drv.o
LOAD .\CortexM0p\ARM_GCC_541\Debug\cy_ipc_sema.o
LOAD .\CortexM0p\ARM_GCC_541\Debug\cy_ipc_pipe.o
LOAD .\CortexM0p\ARM_GCC_541\Debug\cy_sysclk.o
LOAD .\CortexM0p\ARM_GCC_541\Debug\cy_wdt.o
LOAD .\CortexM0p\ARM_GCC_541\Debug\cy_scb_common.o
LOAD .\CortexM0p\ARM_GCC_541\Debug\cy_scb_i2c.o
LOAD .\CortexM0p\ARM_GCC_541\Debug\cy_scb_ezi2c.o
LOAD .\CortexM0p\ARM_GCC_541\Debug\cy_scb_spi.o
LOAD .\CortexM0p\ARM_GCC_541\Debug\cy_scb_uart.o
LOAD .\CortexM0p\ARM_GCC_541\Debug\cy_efuse.o
LOAD .\CortexM0p\ARM_GCC_541\Debug\cy_flash.o
LOAD .\CortexM0p\ARM_GCC_541\Debug\cy_gpio.o
LOAD .\CortexM0p\ARM_GCC_541\Debug\cy_sysanalog.o
LOAD .\CortexM0p\ARM_GCC_541\Debug\cy_syspm.o
LOAD .\CortexM0p\ARM_GCC_541\Debug\cy_syslib.o
LOAD .\CortexM0p\ARM_GCC_541\Debug\cy_syslib_gcc.o
LOAD .\CortexM0p\ARM_GCC_541\Debug\cy_trigmux.o
LOAD .\CortexM0p\ARM_GCC_541\Debug\cy_systick.o
LOAD .\CortexM0p\ARM_GCC_541\Debug\cy_profile.o
LOAD .\CortexM0p\ARM_GCC_541\Debug\cy_prot.o
LOAD .\CortexM0p\ARM_GCC_541\Debug\cy_lvd.o
LOAD .\CortexM0p\ARM_GCC_541\Debug\retarget.o
END GROUP
START GROUP
LOAD c:/program files (x86)/cypress/psoc creator/4.2/psoc creator/import/gnu/arm/5.4.1/bin/../lib/gcc/arm-none-eabi/5.4.1/armv6-m\libgcc.a
LOAD c:/program files (x86)/cypress/psoc creator/4.2/psoc creator/import/gnu/arm/5.4.1/bin/../lib/gcc/arm-none-eabi/5.4.1/../../../../arm-none-eabi/lib/armv6-m\libg_nano.a
LOAD c:/program files (x86)/cypress/psoc creator/4.2/psoc creator/import/gnu/arm/5.4.1/bin/../lib/gcc/arm-none-eabi/5.4.1/../../../../arm-none-eabi/lib/armv6-m\libc_nano.a
END GROUP
START GROUP
LOAD c:/program files (x86)/cypress/psoc creator/4.2/psoc creator/import/gnu/arm/5.4.1/bin/../lib/gcc/arm-none-eabi/5.4.1/armv6-m\libgcc.a
LOAD c:/program files (x86)/cypress/psoc creator/4.2/psoc creator/import/gnu/arm/5.4.1/bin/../lib/gcc/arm-none-eabi/5.4.1/../../../../arm-none-eabi/lib/armv6-m\libc_nano.a
END GROUP
LOAD c:/program files (x86)/cypress/psoc creator/4.2/psoc creator/import/gnu/arm/5.4.1/bin/../lib/gcc/arm-none-eabi/5.4.1/armv6-m/crtend.o
LOAD c:/program files (x86)/cypress/psoc creator/4.2/psoc creator/import/gnu/arm/5.4.1/bin/../lib/gcc/arm-none-eabi/5.4.1/armv6-m/crtn.o
START GROUP
LOAD c:/program files (x86)/cypress/psoc creator/4.2/psoc creator/import/gnu/arm/5.4.1/bin/../lib/gcc/arm-none-eabi/5.4.1/armv6-m\libgcc.a
LOAD c:/program files (x86)/cypress/psoc creator/4.2/psoc creator/import/gnu/arm/5.4.1/bin/../lib/gcc/arm-none-eabi/5.4.1/../../../../arm-none-eabi/lib/armv6-m\libc.a
LOAD c:/program files (x86)/cypress/psoc creator/4.2/psoc creator/import/gnu/arm/5.4.1/bin/../lib/gcc/arm-none-eabi/5.4.1/../../../../arm-none-eabi/lib/armv6-m\libnosys.a
END GROUP
START GROUP
LOAD c:/program files (x86)/cypress/psoc creator/4.2/psoc creator/import/gnu/arm/5.4.1/bin/../lib/gcc/arm-none-eabi/5.4.1/armv6-m\libgcc.a
LOAD c:/program files (x86)/cypress/psoc creator/4.2/psoc creator/import/gnu/arm/5.4.1/bin/../lib/gcc/arm-none-eabi/5.4.1/../../../../arm-none-eabi/lib/armv6-m\libc.a
LOAD c:/program files (x86)/cypress/psoc creator/4.2/psoc creator/import/gnu/arm/5.4.1/bin/../lib/gcc/arm-none-eabi/5.4.1/../../../../arm-none-eabi/lib/armv6-m\libm.a
LOAD c:/program files (x86)/cypress/psoc creator/4.2/psoc creator/import/gnu/arm/5.4.1/bin/../lib/gcc/arm-none-eabi/5.4.1/../../../../arm-none-eabi/lib/armv6-m\libnosys.a
END GROUP

.cy_app_header
 *(.cy_app_header)

.text           0x10000000     0x6c38
                0x10000000                . = ALIGN (0x4)
                0x10000000                __Vectors = .
 *(.vectors)
 .vectors       0x10000000       0xc0 .\CortexM0p\ARM_GCC_541\Debug\startup_psoc62_cm0plus.o
                0x100000c0                . = ALIGN (0x4)
                0x100000c0                __Vectors_End = .
                0x000000c0                __Vectors_Size = (__Vectors_End - __Vectors)
                0x100000c0                __end__ = .
                0x100000c0                . = ALIGN (0x4)
 *(.text*)
 .text          0x100000c0       0x60 c:/program files (x86)/cypress/psoc creator/4.2/psoc creator/import/gnu/arm/5.4.1/bin/../lib/gcc/arm-none-eabi/5.4.1/armv6-m/crtbegin.o
 .text          0x10000120       0x90 .\CortexM0p\ARM_GCC_541\Debug\startup_psoc62_cm0plus.o
                0x10000120                Cy_OnResetUser
                0x10000122                Cy_SaveIRQ
                0x1000012a                Cy_RestoreIRQ
                0x10000130                Reset_Handler
                0x10000190                SysTick_Handler
                0x10000190                PendSV_Handler
                0x10000190                NMI_Handler
                0x10000190                NvicMux19_IRQHandler
                0x10000190                NvicMux8_IRQHandler
                0x10000190                NvicMux27_IRQHandler
                0x10000190                NvicMux10_IRQHandler
                0x10000190                NvicMux17_IRQHandler
                0x10000190                NvicMux0_IRQHandler
                0x10000190                NvicMux25_IRQHandler
                0x10000190                NvicMux13_IRQHandler
                0x10000190                NvicMux11_IRQHandler
                0x10000190                NvicMux9_IRQHandler
                0x10000190                NvicMux21_IRQHandler
                0x10000190                NvicMux6_IRQHandler
                0x10000190                NvicMux22_IRQHandler
                0x10000190                NvicMux7_IRQHandler
                0x10000190                NvicMux26_IRQHandler
                0x10000190                NvicMux4_IRQHandler
                0x10000190                Default_Handler
                0x10000190                NvicMux30_IRQHandler
                0x10000190                NvicMux12_IRQHandler
                0x10000190                NvicMux5_IRQHandler
                0x10000190                NvicMux14_IRQHandler
                0x10000190                NvicMux3_IRQHandler
                0x10000190                SVC_Handler
                0x10000190                NvicMux16_IRQHandler
                0x10000190                NvicMux29_IRQHandler
                0x10000190                NvicMux31_IRQHandler
                0x10000190                NvicMux18_IRQHandler
                0x10000190                NvicMux24_IRQHandler
                0x10000190                NvicMux20_IRQHandler
                0x10000190                NvicMux2_IRQHandler
                0x10000190                NvicMux15_IRQHandler
                0x10000190                NvicMux28_IRQHandler
                0x10000190                NvicMux23_IRQHandler
                0x10000194                HardFault_Handler
 .text.main     0x100001b0       0x58 .\CortexM0p\ARM_GCC_541\Debug\main_cm0p.o
                0x100001b0                main
 .text.SystemCoreClockUpdate
                0x10000208      0x1a4 .\CortexM0p\ARM_GCC_541\Debug\system_psoc62_cm0plus.o
                0x10000208                SystemCoreClockUpdate
 .text.SystemInit
                0x100003ac       0xa4 .\CortexM0p\ARM_GCC_541\Debug\system_psoc62_cm0plus.o
                0x100003ac                SystemInit
 .text.Cy_SysGetCM4Status
                0x10000450       0x10 .\CortexM0p\ARM_GCC_541\Debug\system_psoc62_cm0plus.o
                0x10000450                Cy_SysGetCM4Status
 .text.Cy_SysResetCM4
                0x10000460       0x34 .\CortexM0p\ARM_GCC_541\Debug\system_psoc62_cm0plus.o
                0x10000460                Cy_SysResetCM4
 .text.Cy_SysEnableCM4
                0x10000494       0x4c .\CortexM0p\ARM_GCC_541\Debug\system_psoc62_cm0plus.o
                0x10000494                Cy_SysEnableCM4
 .text.NvicMux1_IRQHandler
                0x100004e0       0x10 .\CortexM0p\ARM_GCC_541\Debug\cy_ipc_config.o
                0x100004e0                NvicMux1_IRQHandler
 .text.Cy_IPC_SystemSemaInit
                0x100004f0       0x14 .\CortexM0p\ARM_GCC_541\Debug\cy_ipc_config.o
                0x100004f0                Cy_IPC_SystemSemaInit
 .text.Cy_IPC_SystemPipeInit
                0x10000504       0x24 .\CortexM0p\ARM_GCC_541\Debug\cy_ipc_config.o
                0x10000504                Cy_IPC_SystemPipeInit
 .text.STDIO_PutChar
                0x10000528       0x18 .\CortexM0p\ARM_GCC_541\Debug\stdio_user.o
                0x10000528                STDIO_PutChar
 .text.STDIO_GetChar
                0x10000540       0x18 .\CortexM0p\ARM_GCC_541\Debug\stdio_user.o
                0x10000540                STDIO_GetChar
 .text.CyClockStartupError
                0x10000558        0x4 .\CortexM0p\ARM_GCC_541\Debug\cyfitter_cfg.o
 .text.ClockInit
                0x1000055c      0x190 .\CortexM0p\ARM_GCC_541\Debug\cyfitter_cfg.o
 .text.Cy_SystemInit
                0x100006ec       0xa4 .\CortexM0p\ARM_GCC_541\Debug\cyfitter_cfg.o
                0x100006ec                Cy_SystemInit
 .text.UART_Start
                0x10000790       0x38 .\CortexM0p\ARM_GCC_541\Debug\UART.o
                0x10000790                UART_Start
 .text.Cy_SysInt_SetIntSource
                0x100007c8       0x88 .\CortexM0p\ARM_GCC_541\Debug\cy_sysint.o
                0x100007c8                Cy_SysInt_SetIntSource
 .text.Cy_SysInt_GetIntSource
                0x10000850       0x78 .\CortexM0p\ARM_GCC_541\Debug\cy_sysint.o
                0x10000850                Cy_SysInt_GetIntSource
 .text.Cy_SysInt_SetVector
                0x100008c8       0x44 .\CortexM0p\ARM_GCC_541\Debug\cy_sysint.o
                0x100008c8                Cy_SysInt_SetVector
 .text.Cy_SysInt_Init
                0x1000090c       0xcc .\CortexM0p\ARM_GCC_541\Debug\cy_sysint.o
                0x1000090c                Cy_SysInt_Init
 .text.Cy_IPC_Drv_LockRelease
                0x100009d8       0x34 .\CortexM0p\ARM_GCC_541\Debug\cy_ipc_drv.o
                0x100009d8                Cy_IPC_Drv_LockRelease
 .text.Cy_IPC_Drv_SendMsgWord
                0x10000a0c       0x40 .\CortexM0p\ARM_GCC_541\Debug\cy_ipc_drv.o
                0x10000a0c                Cy_IPC_Drv_SendMsgWord
 .text.Cy_IPC_Drv_ReadMsgWord
                0x10000a4c       0x2c .\CortexM0p\ARM_GCC_541\Debug\cy_ipc_drv.o
                0x10000a4c                Cy_IPC_Drv_ReadMsgWord
 .text.Cy_IPC_Sema_Init
                0x10000a78       0xb8 .\CortexM0p\ARM_GCC_541\Debug\cy_ipc_sema.o
                0x10000a78                Cy_IPC_Sema_Init
 .text.Cy_IPC_Sema_Clear
                0x10000b30       0x8c .\CortexM0p\ARM_GCC_541\Debug\cy_ipc_sema.o
                0x10000b30                Cy_IPC_Sema_Clear
 .text.Cy_IPC_Sema_Status
                0x10000bbc       0x3c .\CortexM0p\ARM_GCC_541\Debug\cy_ipc_sema.o
                0x10000bbc                Cy_IPC_Sema_Status
 .text.Cy_IPC_Pipe_Config
                0x10000bf8       0x14 .\CortexM0p\ARM_GCC_541\Debug\cy_ipc_pipe.o
                0x10000bf8                Cy_IPC_Pipe_Config
 .text.Cy_IPC_Pipe_EndpointInit
                0x10000c0c       0xc0 .\CortexM0p\ARM_GCC_541\Debug\cy_ipc_pipe.o
                0x10000c0c                Cy_IPC_Pipe_EndpointInit
 .text.Cy_IPC_Pipe_Init
                0x10000ccc       0xcc .\CortexM0p\ARM_GCC_541\Debug\cy_ipc_pipe.o
                0x10000ccc                Cy_IPC_Pipe_Init
 .text.Cy_IPC_Pipe_SendMessage
                0x10000d98       0xc0 .\CortexM0p\ARM_GCC_541\Debug\cy_ipc_pipe.o
                0x10000d98                Cy_IPC_Pipe_SendMessage
 .text.Cy_IPC_Pipe_RegisterCallback
                0x10000e58       0x40 .\CortexM0p\ARM_GCC_541\Debug\cy_ipc_pipe.o
                0x10000e58                Cy_IPC_Pipe_RegisterCallback
 .text.Cy_IPC_Pipe_ExecCallback
                0x10000e98       0xc4 .\CortexM0p\ARM_GCC_541\Debug\cy_ipc_pipe.o
                0x10000e98                Cy_IPC_Pipe_ExecCallback
 .text.Cy_SysClk_ClkPathSetSource
                0x10000f5c       0x50 .\CortexM0p\ARM_GCC_541\Debug\cy_sysclk.o
                0x10000f5c                Cy_SysClk_ClkPathSetSource
 .text.Cy_SysClk_FllManualConfigure
                0x10000fac      0x174 .\CortexM0p\ARM_GCC_541\Debug\cy_sysclk.o
                0x10000fac                Cy_SysClk_FllManualConfigure
 .text.Cy_SysClk_FllEnable
                0x10001120       0xcc .\CortexM0p\ARM_GCC_541\Debug\cy_sysclk.o
                0x10001120                Cy_SysClk_FllEnable
 .text.Cy_SCB_Write
                0x100011ec       0x28 .\CortexM0p\ARM_GCC_541\Debug\cy_scb_common.o
                0x100011ec                Cy_SCB_Write
 .text.Cy_SCB_UART_Init
                0x10001214      0x3bc .\CortexM0p\ARM_GCC_541\Debug\cy_scb_uart.o
                0x10001214                Cy_SCB_UART_Init
 .text.Cy_Flash_ProcessOpcode
                0x100015d0       0xbc .\CortexM0p\ARM_GCC_541\Debug\cy_flash.o
 .text.Cy_Flash_OperationStatus
                0x1000168c       0x4c .\CortexM0p\ARM_GCC_541\Debug\cy_flash.o
 .text.Cy_Flash_Init
                0x100016d8       0x14 .\CortexM0p\ARM_GCC_541\Debug\cy_flash.o
                0x100016d8                Cy_Flash_Init
 .text.Cy_GPIO_Port_Init
                0x100016ec       0xb4 .\CortexM0p\ARM_GCC_541\Debug\cy_gpio.o
                0x100016ec                Cy_GPIO_Port_Init
 .text.SetVoltageBitForFlash
                0x100017a0       0x14 .\CortexM0p\ARM_GCC_541\Debug\cy_syspm.o
 .text.ClearVoltageBitForFlash
                0x100017b4       0x14 .\CortexM0p\ARM_GCC_541\Debug\cy_syspm.o
 .text.SetReadMarginTrimUlp
                0x100017c8       0x28 .\CortexM0p\ARM_GCC_541\Debug\cy_syspm.o
 .text.SetReadMarginTrimLp
                0x100017f0       0x28 .\CortexM0p\ARM_GCC_541\Debug\cy_syspm.o
 .text.SetWriteAssistTrimUlp
                0x10001818       0x20 .\CortexM0p\ARM_GCC_541\Debug\cy_syspm.o
 .text.SetWriteAssistTrimLp
                0x10001838       0x20 .\CortexM0p\ARM_GCC_541\Debug\cy_syspm.o
 .text.Cy_SysPm_LdoSetVoltage
                0x10001858       0xc8 .\CortexM0p\ARM_GCC_541\Debug\cy_syspm.o
                0x10001858                Cy_SysPm_LdoSetVoltage
 .text.Cy_SysLib_DelayUs
                0x10001920       0x14 .\CortexM0p\ARM_GCC_541\Debug\cy_syslib.o
                0x10001920                Cy_SysLib_DelayUs
 .text.Cy_SysLib_Halt
                0x10001934        0x4 .\CortexM0p\ARM_GCC_541\Debug\cy_syslib.o
                0x10001934                Cy_SysLib_Halt
 .text.Cy_SysLib_AssertFailed
                0x10001938       0x1c .\CortexM0p\ARM_GCC_541\Debug\cy_syslib.o
                0x10001938                Cy_SysLib_AssertFailed
 .text.Cy_SysLib_ResetBackupDomain
                0x10001954       0x20 .\CortexM0p\ARM_GCC_541\Debug\cy_syslib.o
                0x10001954                Cy_SysLib_ResetBackupDomain
 .text.Cy_SysLib_GetResetReason
                0x10001974       0x1c .\CortexM0p\ARM_GCC_541\Debug\cy_syslib.o
                0x10001974                Cy_SysLib_GetResetReason
 .text.Cy_SysLib_ProcessingFault
                0x10001990        0x4 .\CortexM0p\ARM_GCC_541\Debug\cy_syslib.o
                0x10001990                Cy_SysLib_ProcessingFault
 .text.Cy_SysLib_FaultHandler
                0x10001994       0x30 .\CortexM0p\ARM_GCC_541\Debug\cy_syslib.o
                0x10001994                Cy_SysLib_FaultHandler
 .text.Cy_SysLib_SetWaitStates
                0x100019c4       0x90 .\CortexM0p\ARM_GCC_541\Debug\cy_syslib.o
                0x100019c4                Cy_SysLib_SetWaitStates
 *fill*         0x10001a54        0x4 
 .text          0x10001a58       0x20 .\CortexM0p\ARM_GCC_541\Debug\cy_syslib_gcc.o
                0x10001a58                Cy_SysLib_DelayCycles
                0x10001a6a                Cy_SysLib_EnterCriticalSection
                0x10001a72                Cy_SysLib_ExitCriticalSection
 .text.Cy_SysTick_SetClockSource
                0x10001a78       0x34 .\CortexM0p\ARM_GCC_541\Debug\cy_systick.o
                0x10001a78                Cy_SysTick_SetClockSource
 .text._write   0x10001aac       0x24 .\CortexM0p\ARM_GCC_541\Debug\retarget.o
                0x10001aac                _write
 .text._read    0x10001ad0       0x2c .\CortexM0p\ARM_GCC_541\Debug\retarget.o
                0x10001ad0                _read
 .text          0x10001afc      0x114 c:/program files (x86)/cypress/psoc creator/4.2/psoc creator/import/gnu/arm/5.4.1/bin/../lib/gcc/arm-none-eabi/5.4.1/armv6-m\libgcc.a(_udivsi3.o)
                0x10001afc                __aeabi_uidiv
                0x10001afc                __udivsi3
                0x10001c08                __aeabi_uidivmod
 .text          0x10001c10        0x4 c:/program files (x86)/cypress/psoc creator/4.2/psoc creator/import/gnu/arm/5.4.1/bin/../lib/gcc/arm-none-eabi/5.4.1/armv6-m\libgcc.a(_dvmd_tls.o)
                0x10001c10                __aeabi_idiv0
                0x10001c10                __aeabi_ldiv0
 .text          0x10001c14      0x62c c:/program files (x86)/cypress/psoc creator/4.2/psoc creator/import/gnu/arm/5.4.1/bin/../lib/gcc/arm-none-eabi/5.4.1/armv6-m\libgcc.a(divdf3.o)
                0x10001c14                __aeabi_ddiv
 .text          0x10002240      0x6a8 c:/program files (x86)/cypress/psoc creator/4.2/psoc creator/import/gnu/arm/5.4.1/bin/../lib/gcc/arm-none-eabi/5.4.1/armv6-m\libgcc.a(subdf3.o)
                0x10002240                __aeabi_dsub
 .text          0x100028e8       0x6c c:/program files (x86)/cypress/psoc creator/4.2/psoc creator/import/gnu/arm/5.4.1/bin/../lib/gcc/arm-none-eabi/5.4.1/armv6-m\libgcc.a(fixdfsi.o)
                0x100028e8                __aeabi_d2iz
 .text          0x10002954       0x7c c:/program files (x86)/cypress/psoc creator/4.2/psoc creator/import/gnu/arm/5.4.1/bin/../lib/gcc/arm-none-eabi/5.4.1/armv6-m\libgcc.a(_arm_cmpdf2.o)
                0x10002954                __aeabi_cdrcmple
                0x10002964                __aeabi_cdcmple
                0x10002964                __aeabi_cdcmpeq
                0x10002974                __aeabi_dcmpeq
                0x10002980                __aeabi_dcmplt
                0x10002994                __aeabi_dcmple
                0x100029a8                __aeabi_dcmpgt
                0x100029bc                __aeabi_dcmpge
 .text          0x100029d0       0x3c c:/program files (x86)/cypress/psoc creator/4.2/psoc creator/import/gnu/arm/5.4.1/bin/../lib/gcc/arm-none-eabi/5.4.1/armv6-m\libgcc.a(_clzsi2.o)
                0x100029d0                __clzsi2
 .text          0x10002a0c       0x80 c:/program files (x86)/cypress/psoc creator/4.2/psoc creator/import/gnu/arm/5.4.1/bin/../lib/gcc/arm-none-eabi/5.4.1/armv6-m\libgcc.a(eqdf2.o)
                0x10002a0c                __nedf2
                0x10002a0c                __eqdf2
 .text          0x10002a8c       0xc8 c:/program files (x86)/cypress/psoc creator/4.2/psoc creator/import/gnu/arm/5.4.1/bin/../lib/gcc/arm-none-eabi/5.4.1/armv6-m\libgcc.a(gedf2.o)
                0x10002a8c                __gedf2
                0x10002a8c                __gtdf2
 .text          0x10002b54       0xd4 c:/program files (x86)/cypress/psoc creator/4.2/psoc creator/import/gnu/arm/5.4.1/bin/../lib/gcc/arm-none-eabi/5.4.1/armv6-m\libgcc.a(ledf2.o)
                0x10002b54                __ledf2
                0x10002b54                __ltdf2
 .text.memset   0x10002c28       0x10 c:/program files (x86)/cypress/psoc creator/4.2/psoc creator/import/gnu/arm/5.4.1/bin/../lib/gcc/arm-none-eabi/5.4.1/../../../../arm-none-eabi/lib/armv6-m\libg_nano.a(lib_a-memset.o)
                0x10002c28                memset
 .text.__cvt    0x10002c38       0xca c:/program files (x86)/cypress/psoc creator/4.2/psoc creator/import/gnu/arm/5.4.1/bin/../lib/gcc/arm-none-eabi/5.4.1/../../../../arm-none-eabi/lib/armv6-m\libg_nano.a(lib_a-nano-vfprintf_float.o)
                0x10002c38                __cvt
 .text.__exponent
                0x10002d02       0x62 c:/program files (x86)/cypress/psoc creator/4.2/psoc creator/import/gnu/arm/5.4.1/bin/../lib/gcc/arm-none-eabi/5.4.1/../../../../arm-none-eabi/lib/armv6-m\libg_nano.a(lib_a-nano-vfprintf_float.o)
                0x10002d02                __exponent
 .text._printf_float
                0x10002d64      0x4a0 c:/program files (x86)/cypress/psoc creator/4.2/psoc creator/import/gnu/arm/5.4.1/bin/../lib/gcc/arm-none-eabi/5.4.1/../../../../arm-none-eabi/lib/armv6-m\libg_nano.a(lib_a-nano-vfprintf_float.o)
                0x10002d64                _printf_float
 .text._printf_common
                0x10003204       0xdc c:/program files (x86)/cypress/psoc creator/4.2/psoc creator/import/gnu/arm/5.4.1/bin/../lib/gcc/arm-none-eabi/5.4.1/../../../../arm-none-eabi/lib/armv6-m\libg_nano.a(lib_a-nano-vfprintf_i.o)
                0x10003204                _printf_common
 .text._printf_i
                0x100032e0      0x244 c:/program files (x86)/cypress/psoc creator/4.2/psoc creator/import/gnu/arm/5.4.1/bin/../lib/gcc/arm-none-eabi/5.4.1/../../../../arm-none-eabi/lib/armv6-m\libg_nano.a(lib_a-nano-vfprintf_i.o)
                0x100032e0                _printf_i
 .text.printf   0x10003524       0x34 c:/program files (x86)/cypress/psoc creator/4.2/psoc creator/import/gnu/arm/5.4.1/bin/../lib/gcc/arm-none-eabi/5.4.1/../../../../arm-none-eabi/lib/armv6-m\libg_nano.a(lib_a-printf.o)
                0x10003524                iprintf
                0x10003524                printf
 .text.__srget_r
                0x10003558       0x60 c:/program files (x86)/cypress/psoc creator/4.2/psoc creator/import/gnu/arm/5.4.1/bin/../lib/gcc/arm-none-eabi/5.4.1/../../../../arm-none-eabi/lib/armv6-m\libg_nano.a(lib_a-rget.o)
                0x10003558                __srget_r
 .text.setvbuf  0x100035b8      0x160 c:/program files (x86)/cypress/psoc creator/4.2/psoc creator/import/gnu/arm/5.4.1/bin/../lib/gcc/arm-none-eabi/5.4.1/../../../../arm-none-eabi/lib/armv6-m\libg_nano.a(lib_a-setvbuf.o)
                0x100035b8                setvbuf
 .text          0x10003718        0xe c:/program files (x86)/cypress/psoc creator/4.2/psoc creator/import/gnu/arm/5.4.1/bin/../lib/gcc/arm-none-eabi/5.4.1/../../../../arm-none-eabi/lib/armv6-m\libg_nano.a(lib_a-strlen.o)
                0x10003718                strlen
 .text.strncpy  0x10003726       0x26 c:/program files (x86)/cypress/psoc creator/4.2/psoc creator/import/gnu/arm/5.4.1/bin/../lib/gcc/arm-none-eabi/5.4.1/../../../../arm-none-eabi/lib/armv6-m\libg_nano.a(lib_a-strncpy.o)
                0x10003726                strncpy
 .text.quorem   0x1000374c      0x10c c:/program files (x86)/cypress/psoc creator/4.2/psoc creator/import/gnu/arm/5.4.1/bin/../lib/gcc/arm-none-eabi/5.4.1/../../../../arm-none-eabi/lib/armv6-m\libg_nano.a(lib_a-dtoa.o)
 .text._dtoa_r  0x10003858      0xb8c c:/program files (x86)/cypress/psoc creator/4.2/psoc creator/import/gnu/arm/5.4.1/bin/../lib/gcc/arm-none-eabi/5.4.1/../../../../arm-none-eabi/lib/armv6-m\libg_nano.a(lib_a-dtoa.o)
                0x10003858                _dtoa_r
 .text.__sflush_r
                0x100043e4      0x10c c:/program files (x86)/cypress/psoc creator/4.2/psoc creator/import/gnu/arm/5.4.1/bin/../lib/gcc/arm-none-eabi/5.4.1/../../../../arm-none-eabi/lib/armv6-m\libg_nano.a(lib_a-fflush.o)
                0x100043e4                __sflush_r
 .text._fflush_r
                0x100044f0       0x58 c:/program files (x86)/cypress/psoc creator/4.2/psoc creator/import/gnu/arm/5.4.1/bin/../lib/gcc/arm-none-eabi/5.4.1/../../../../arm-none-eabi/lib/armv6-m\libg_nano.a(lib_a-fflush.o)
                0x100044f0                _fflush_r
 .text.fflush   0x10004548       0x28 c:/program files (x86)/cypress/psoc creator/4.2/psoc creator/import/gnu/arm/5.4.1/bin/../lib/gcc/arm-none-eabi/5.4.1/../../../../arm-none-eabi/lib/armv6-m\libg_nano.a(lib_a-fflush.o)
                0x10004548                fflush
 .text._cleanup_r
                0x10004570       0x10 c:/program files (x86)/cypress/psoc creator/4.2/psoc creator/import/gnu/arm/5.4.1/bin/../lib/gcc/arm-none-eabi/5.4.1/../../../../arm-none-eabi/lib/armv6-m\libg_nano.a(lib_a-findfp.o)
                0x10004570                _cleanup_r
 .text.std.isra.0
                0x10004580       0x48 c:/program files (x86)/cypress/psoc creator/4.2/psoc creator/import/gnu/arm/5.4.1/bin/../lib/gcc/arm-none-eabi/5.4.1/../../../../arm-none-eabi/lib/armv6-m\libg_nano.a(lib_a-findfp.o)
 .text.__sfmoreglue
                0x100045c8       0x2c c:/program files (x86)/cypress/psoc creator/4.2/psoc creator/import/gnu/arm/5.4.1/bin/../lib/gcc/arm-none-eabi/5.4.1/../../../../arm-none-eabi/lib/armv6-m\libg_nano.a(lib_a-findfp.o)
                0x100045c8                __sfmoreglue
 .text.__sinit  0x100045f4       0x68 c:/program files (x86)/cypress/psoc creator/4.2/psoc creator/import/gnu/arm/5.4.1/bin/../lib/gcc/arm-none-eabi/5.4.1/../../../../arm-none-eabi/lib/armv6-m\libg_nano.a(lib_a-findfp.o)
                0x100045f4                __sinit
 .text.__sfp    0x1000465c       0x7c c:/program files (x86)/cypress/psoc creator/4.2/psoc creator/import/gnu/arm/5.4.1/bin/../lib/gcc/arm-none-eabi/5.4.1/../../../../arm-none-eabi/lib/armv6-m\libg_nano.a(lib_a-findfp.o)
                0x1000465c                __sfp
 .text._fwalk   0x100046d8       0x38 c:/program files (x86)/cypress/psoc creator/4.2/psoc creator/import/gnu/arm/5.4.1/bin/../lib/gcc/arm-none-eabi/5.4.1/../../../../arm-none-eabi/lib/armv6-m\libg_nano.a(lib_a-fwalk.o)
                0x100046d8                _fwalk
 .text._fwalk_reent
                0x10004710       0x42 c:/program files (x86)/cypress/psoc creator/4.2/psoc creator/import/gnu/arm/5.4.1/bin/../lib/gcc/arm-none-eabi/5.4.1/../../../../arm-none-eabi/lib/armv6-m\libg_nano.a(lib_a-fwalk.o)
                0x10004710                _fwalk_reent
 *fill*         0x10004752        0x2 
 .text._localeconv_r
                0x10004754        0x8 c:/program files (x86)/cypress/psoc creator/4.2/psoc creator/import/gnu/arm/5.4.1/bin/../lib/gcc/arm-none-eabi/5.4.1/../../../../arm-none-eabi/lib/armv6-m\libg_nano.a(lib_a-locale.o)
                0x10004754                _localeconv_r
 .text.__swhatbuf_r
                0x1000475c       0x4c c:/program files (x86)/cypress/psoc creator/4.2/psoc creator/import/gnu/arm/5.4.1/bin/../lib/gcc/arm-none-eabi/5.4.1/../../../../arm-none-eabi/lib/armv6-m\libg_nano.a(lib_a-makebuf.o)
                0x1000475c                __swhatbuf_r
 .text.__smakebuf_r
                0x100047a8       0x7c c:/program files (x86)/cypress/psoc creator/4.2/psoc creator/import/gnu/arm/5.4.1/bin/../lib/gcc/arm-none-eabi/5.4.1/../../../../arm-none-eabi/lib/armv6-m\libg_nano.a(lib_a-makebuf.o)
                0x100047a8                __smakebuf_r
 .text.malloc   0x10004824       0x14 c:/program files (x86)/cypress/psoc creator/4.2/psoc creator/import/gnu/arm/5.4.1/bin/../lib/gcc/arm-none-eabi/5.4.1/../../../../arm-none-eabi/lib/armv6-m\libg_nano.a(lib_a-malloc.o)
                0x10004824                malloc
 .text.memchr   0x10004838       0x16 c:/program files (x86)/cypress/psoc creator/4.2/psoc creator/import/gnu/arm/5.4.1/bin/../lib/gcc/arm-none-eabi/5.4.1/../../../../arm-none-eabi/lib/armv6-m\libg_nano.a(lib_a-memchr-stub.o)
                0x10004838                memchr
 .text.memcpy   0x1000484e       0x12 c:/program files (x86)/cypress/psoc creator/4.2/psoc creator/import/gnu/arm/5.4.1/bin/../lib/gcc/arm-none-eabi/5.4.1/../../../../arm-none-eabi/lib/armv6-m\libg_nano.a(lib_a-memcpy-stub.o)
                0x1000484e                memcpy
 .text._Balloc  0x10004860       0x70 c:/program files (x86)/cypress/psoc creator/4.2/psoc creator/import/gnu/arm/5.4.1/bin/../lib/gcc/arm-none-eabi/5.4.1/../../../../arm-none-eabi/lib/armv6-m\libg_nano.a(lib_a-mprec.o)
                0x10004860                _Balloc
 .text._Bfree   0x100048d0       0x32 c:/program files (x86)/cypress/psoc creator/4.2/psoc creator/import/gnu/arm/5.4.1/bin/../lib/gcc/arm-none-eabi/5.4.1/../../../../arm-none-eabi/lib/armv6-m\libg_nano.a(lib_a-mprec.o)
                0x100048d0                _Bfree
 .text.__multadd
                0x10004902       0x7a c:/program files (x86)/cypress/psoc creator/4.2/psoc creator/import/gnu/arm/5.4.1/bin/../lib/gcc/arm-none-eabi/5.4.1/../../../../arm-none-eabi/lib/armv6-m\libg_nano.a(lib_a-mprec.o)
                0x10004902                __multadd
 .text.__hi0bits
                0x1000497c       0x36 c:/program files (x86)/cypress/psoc creator/4.2/psoc creator/import/gnu/arm/5.4.1/bin/../lib/gcc/arm-none-eabi/5.4.1/../../../../arm-none-eabi/lib/armv6-m\libg_nano.a(lib_a-mprec.o)
                0x1000497c                __hi0bits
 .text.__lo0bits
                0x100049b2       0x5e c:/program files (x86)/cypress/psoc creator/4.2/psoc creator/import/gnu/arm/5.4.1/bin/../lib/gcc/arm-none-eabi/5.4.1/../../../../arm-none-eabi/lib/armv6-m\libg_nano.a(lib_a-mprec.o)
                0x100049b2                __lo0bits
 .text.__i2b    0x10004a10       0x12 c:/program files (x86)/cypress/psoc creator/4.2/psoc creator/import/gnu/arm/5.4.1/bin/../lib/gcc/arm-none-eabi/5.4.1/../../../../arm-none-eabi/lib/armv6-m\libg_nano.a(lib_a-mprec.o)
                0x10004a10                __i2b
 .text.__multiply
                0x10004a22      0x112 c:/program files (x86)/cypress/psoc creator/4.2/psoc creator/import/gnu/arm/5.4.1/bin/../lib/gcc/arm-none-eabi/5.4.1/../../../../arm-none-eabi/lib/armv6-m\libg_nano.a(lib_a-mprec.o)
                0x10004a22                __multiply
 .text.__pow5mult
                0x10004b34       0xa8 c:/program files (x86)/cypress/psoc creator/4.2/psoc creator/import/gnu/arm/5.4.1/bin/../lib/gcc/arm-none-eabi/5.4.1/../../../../arm-none-eabi/lib/armv6-m\libg_nano.a(lib_a-mprec.o)
                0x10004b34                __pow5mult
 .text.__lshift
                0x10004bdc       0xa4 c:/program files (x86)/cypress/psoc creator/4.2/psoc creator/import/gnu/arm/5.4.1/bin/../lib/gcc/arm-none-eabi/5.4.1/../../../../arm-none-eabi/lib/armv6-m\libg_nano.a(lib_a-mprec.o)
                0x10004bdc                __lshift
 .text.__mcmp   0x10004c80       0x36 c:/program files (x86)/cypress/psoc creator/4.2/psoc creator/import/gnu/arm/5.4.1/bin/../lib/gcc/arm-none-eabi/5.4.1/../../../../arm-none-eabi/lib/armv6-m\libg_nano.a(lib_a-mprec.o)
                0x10004c80                __mcmp
 .text.__mdiff  0x10004cb6       0xd6 c:/program files (x86)/cypress/psoc creator/4.2/psoc creator/import/gnu/arm/5.4.1/bin/../lib/gcc/arm-none-eabi/5.4.1/../../../../arm-none-eabi/lib/armv6-m\libg_nano.a(lib_a-mprec.o)
                0x10004cb6                __mdiff
 .text.__d2b    0x10004d8c       0xa8 c:/program files (x86)/cypress/psoc creator/4.2/psoc creator/import/gnu/arm/5.4.1/bin/../lib/gcc/arm-none-eabi/5.4.1/../../../../arm-none-eabi/lib/armv6-m\libg_nano.a(lib_a-mprec.o)
                0x10004d8c                __d2b
 .text._calloc_r
                0x10004e34       0x1c c:/program files (x86)/cypress/psoc creator/4.2/psoc creator/import/gnu/arm/5.4.1/bin/../lib/gcc/arm-none-eabi/5.4.1/../../../../arm-none-eabi/lib/armv6-m\libg_nano.a(lib_a-nano-callocr.o)
                0x10004e34                _calloc_r
 .text._free_r  0x10004e50       0x98 c:/program files (x86)/cypress/psoc creator/4.2/psoc creator/import/gnu/arm/5.4.1/bin/../lib/gcc/arm-none-eabi/5.4.1/../../../../arm-none-eabi/lib/armv6-m\libg_nano.a(lib_a-nano-freer.o)
                0x10004e50                _free_r
 .text._malloc_r
                0x10004ee8       0xc0 c:/program files (x86)/cypress/psoc creator/4.2/psoc creator/import/gnu/arm/5.4.1/bin/../lib/gcc/arm-none-eabi/5.4.1/../../../../arm-none-eabi/lib/armv6-m\libg_nano.a(lib_a-nano-mallocr.o)
                0x10004ee8                _malloc_r
 .text.__sfputc_r
                0x10004fa8       0x2a c:/program files (x86)/cypress/psoc creator/4.2/psoc creator/import/gnu/arm/5.4.1/bin/../lib/gcc/arm-none-eabi/5.4.1/../../../../arm-none-eabi/lib/armv6-m\libg_nano.a(lib_a-nano-vfprintf.o)
 .text.__sfputs_r
                0x10004fd2       0x24 c:/program files (x86)/cypress/psoc creator/4.2/psoc creator/import/gnu/arm/5.4.1/bin/../lib/gcc/arm-none-eabi/5.4.1/../../../../arm-none-eabi/lib/armv6-m\libg_nano.a(lib_a-nano-vfprintf.o)
                0x10004fd2                __sfputs_r
 *fill*         0x10004ff6        0x2 
 .text._vfprintf_r
                0x10004ff8      0x238 c:/program files (x86)/cypress/psoc creator/4.2/psoc creator/import/gnu/arm/5.4.1/bin/../lib/gcc/arm-none-eabi/5.4.1/../../../../arm-none-eabi/lib/armv6-m\libg_nano.a(lib_a-nano-vfprintf.o)
                0x10004ff8                _vfprintf_r
                0x10004ff8                _vfiprintf_r
 .text.lflush   0x10005230       0x18 c:/program files (x86)/cypress/psoc creator/4.2/psoc creator/import/gnu/arm/5.4.1/bin/../lib/gcc/arm-none-eabi/5.4.1/../../../../arm-none-eabi/lib/armv6-m\libg_nano.a(lib_a-refill.o)
 .text.__srefill_r
                0x10005248      0x124 c:/program files (x86)/cypress/psoc creator/4.2/psoc creator/import/gnu/arm/5.4.1/bin/../lib/gcc/arm-none-eabi/5.4.1/../../../../arm-none-eabi/lib/armv6-m\libg_nano.a(lib_a-refill.o)
                0x10005248                __srefill_r
 .text._sbrk_r  0x1000536c       0x24 c:/program files (x86)/cypress/psoc creator/4.2/psoc creator/import/gnu/arm/5.4.1/bin/../lib/gcc/arm-none-eabi/5.4.1/../../../../arm-none-eabi/lib/armv6-m\libg_nano.a(lib_a-sbrkr.o)
                0x1000536c                _sbrk_r
 .text.__sread  0x10005390       0x28 c:/program files (x86)/cypress/psoc creator/4.2/psoc creator/import/gnu/arm/5.4.1/bin/../lib/gcc/arm-none-eabi/5.4.1/../../../../arm-none-eabi/lib/armv6-m\libg_nano.a(lib_a-stdio.o)
                0x10005390                __sread
 .text.__swrite
                0x100053b8       0x38 c:/program files (x86)/cypress/psoc creator/4.2/psoc creator/import/gnu/arm/5.4.1/bin/../lib/gcc/arm-none-eabi/5.4.1/../../../../arm-none-eabi/lib/armv6-m\libg_nano.a(lib_a-stdio.o)
                0x100053b8                __swrite
 .text.__sseek  0x100053f0       0x2c c:/program files (x86)/cypress/psoc creator/4.2/psoc creator/import/gnu/arm/5.4.1/bin/../lib/gcc/arm-none-eabi/5.4.1/../../../../arm-none-eabi/lib/armv6-m\libg_nano.a(lib_a-stdio.o)
                0x100053f0                __sseek
 .text.__sclose
                0x1000541c        0xc c:/program files (x86)/cypress/psoc creator/4.2/psoc creator/import/gnu/arm/5.4.1/bin/../lib/gcc/arm-none-eabi/5.4.1/../../../../arm-none-eabi/lib/armv6-m\libg_nano.a(lib_a-stdio.o)
                0x1000541c                __sclose
 .text.__swbuf_r
                0x10005428       0xb0 c:/program files (x86)/cypress/psoc creator/4.2/psoc creator/import/gnu/arm/5.4.1/bin/../lib/gcc/arm-none-eabi/5.4.1/../../../../arm-none-eabi/lib/armv6-m\libg_nano.a(lib_a-wbuf.o)
                0x10005428                __swbuf_r
 .text._write_r
                0x100054d8       0x28 c:/program files (x86)/cypress/psoc creator/4.2/psoc creator/import/gnu/arm/5.4.1/bin/../lib/gcc/arm-none-eabi/5.4.1/../../../../arm-none-eabi/lib/armv6-m\libg_nano.a(lib_a-writer.o)
                0x100054d8                _write_r
 .text.__swsetup_r
                0x10005500       0xec c:/program files (x86)/cypress/psoc creator/4.2/psoc creator/import/gnu/arm/5.4.1/bin/../lib/gcc/arm-none-eabi/5.4.1/../../../../arm-none-eabi/lib/armv6-m\libg_nano.a(lib_a-wsetup.o)
                0x10005500                __swsetup_r
 .text._close_r
                0x100055ec       0x24 c:/program files (x86)/cypress/psoc creator/4.2/psoc creator/import/gnu/arm/5.4.1/bin/../lib/gcc/arm-none-eabi/5.4.1/../../../../arm-none-eabi/lib/armv6-m\libg_nano.a(lib_a-closer.o)
                0x100055ec                _close_r
 .text._fstat_r
                0x10005610       0x24 c:/program files (x86)/cypress/psoc creator/4.2/psoc creator/import/gnu/arm/5.4.1/bin/../lib/gcc/arm-none-eabi/5.4.1/../../../../arm-none-eabi/lib/armv6-m\libg_nano.a(lib_a-fstatr.o)
                0x10005610                _fstat_r
 .text._isatty_r
                0x10005634       0x24 c:/program files (x86)/cypress/psoc creator/4.2/psoc creator/import/gnu/arm/5.4.1/bin/../lib/gcc/arm-none-eabi/5.4.1/../../../../arm-none-eabi/lib/armv6-m\libg_nano.a(lib_a-isattyr.o)
                0x10005634                _isatty_r
 .text._lseek_r
                0x10005658       0x28 c:/program files (x86)/cypress/psoc creator/4.2/psoc creator/import/gnu/arm/5.4.1/bin/../lib/gcc/arm-none-eabi/5.4.1/../../../../arm-none-eabi/lib/armv6-m\libg_nano.a(lib_a-lseekr.o)
                0x10005658                _lseek_r
 .text.__malloc_lock
                0x10005680        0x2 c:/program files (x86)/cypress/psoc creator/4.2/psoc creator/import/gnu/arm/5.4.1/bin/../lib/gcc/arm-none-eabi/5.4.1/../../../../arm-none-eabi/lib/armv6-m\libg_nano.a(lib_a-mlock.o)
                0x10005680                __malloc_lock
 .text.__malloc_unlock
                0x10005682        0x2 c:/program files (x86)/cypress/psoc creator/4.2/psoc creator/import/gnu/arm/5.4.1/bin/../lib/gcc/arm-none-eabi/5.4.1/../../../../arm-none-eabi/lib/armv6-m\libg_nano.a(lib_a-mlock.o)
                0x10005682                __malloc_unlock
 .text._read_r  0x10005684       0x28 c:/program files (x86)/cypress/psoc creator/4.2/psoc creator/import/gnu/arm/5.4.1/bin/../lib/gcc/arm-none-eabi/5.4.1/../../../../arm-none-eabi/lib/armv6-m\libg_nano.a(lib_a-readr.o)
                0x10005684                _read_r
 .text          0x100056ac       0x14 c:/program files (x86)/cypress/psoc creator/4.2/psoc creator/import/gnu/arm/5.4.1/bin/../lib/gcc/arm-none-eabi/5.4.1/armv6-m\libgcc.a(_thumb1_case_uqi.o)
                0x100056ac                __gnu_thumb1_case_uqi
 .text          0x100056c0      0x1d4 c:/program files (x86)/cypress/psoc creator/4.2/psoc creator/import/gnu/arm/5.4.1/bin/../lib/gcc/arm-none-eabi/5.4.1/armv6-m\libgcc.a(_divsi3.o)
                0x100056c0                __divsi3
                0x100056c0                __aeabi_idiv
                0x1000588c                __aeabi_idivmod
 .text          0x10005894      0x658 c:/program files (x86)/cypress/psoc creator/4.2/psoc creator/import/gnu/arm/5.4.1/bin/../lib/gcc/arm-none-eabi/5.4.1/armv6-m\libgcc.a(adddf3.o)
                0x10005894                __aeabi_dadd
 .text          0x10005eec      0x4f4 c:/program files (x86)/cypress/psoc creator/4.2/psoc creator/import/gnu/arm/5.4.1/bin/../lib/gcc/arm-none-eabi/5.4.1/armv6-m\libgcc.a(muldf3.o)
                0x10005eec                __aeabi_dmul
 .text          0x100063e0       0x40 c:/program files (x86)/cypress/psoc creator/4.2/psoc creator/import/gnu/arm/5.4.1/bin/../lib/gcc/arm-none-eabi/5.4.1/armv6-m\libgcc.a(unorddf2.o)
                0x100063e0                __aeabi_dcmpun
 .text          0x10006420       0x84 c:/program files (x86)/cypress/psoc creator/4.2/psoc creator/import/gnu/arm/5.4.1/bin/../lib/gcc/arm-none-eabi/5.4.1/armv6-m\libgcc.a(floatsidf.o)
                0x10006420                __aeabi_i2d
 .text          0x100064a4       0x70 c:/program files (x86)/cypress/psoc creator/4.2/psoc creator/import/gnu/arm/5.4.1/bin/../lib/gcc/arm-none-eabi/5.4.1/armv6-m\libgcc.a(floatunsidf.o)
                0x100064a4                __aeabi_ui2d
 .text._close   0x10006514       0x10 c:/program files (x86)/cypress/psoc creator/4.2/psoc creator/import/gnu/arm/5.4.1/bin/../lib/gcc/arm-none-eabi/5.4.1/../../../../arm-none-eabi/lib/armv6-m\libnosys.a(close.o)
                0x10006514                _close
 .text._fstat   0x10006524       0x10 c:/program files (x86)/cypress/psoc creator/4.2/psoc creator/import/gnu/arm/5.4.1/bin/../lib/gcc/arm-none-eabi/5.4.1/../../../../arm-none-eabi/lib/armv6-m\libnosys.a(fstat.o)
                0x10006524                _fstat
 .text._isatty  0x10006534       0x10 c:/program files (x86)/cypress/psoc creator/4.2/psoc creator/import/gnu/arm/5.4.1/bin/../lib/gcc/arm-none-eabi/5.4.1/../../../../arm-none-eabi/lib/armv6-m\libnosys.a(isatty.o)
                0x10006534                _isatty
 .text._lseek   0x10006544       0x10 c:/program files (x86)/cypress/psoc creator/4.2/psoc creator/import/gnu/arm/5.4.1/bin/../lib/gcc/arm-none-eabi/5.4.1/../../../../arm-none-eabi/lib/armv6-m\libnosys.a(lseek.o)
                0x10006544                _lseek
 .text._sbrk    0x10006554       0x1c c:/program files (x86)/cypress/psoc creator/4.2/psoc creator/import/gnu/arm/5.4.1/bin/../lib/gcc/arm-none-eabi/5.4.1/../../../../arm-none-eabi/lib/armv6-m\libnosys.a(sbrk.o)
                0x10006554                _sbrk
 *(.init)
 .init          0x10006570        0x4 c:/program files (x86)/cypress/psoc creator/4.2/psoc creator/import/gnu/arm/5.4.1/bin/../lib/gcc/arm-none-eabi/5.4.1/armv6-m/crti.o
                0x10006570                _init
 .init          0x10006574        0x8 c:/program files (x86)/cypress/psoc creator/4.2/psoc creator/import/gnu/arm/5.4.1/bin/../lib/gcc/arm-none-eabi/5.4.1/armv6-m/crtn.o
 *(.fini)
 .fini          0x1000657c        0x4 c:/program files (x86)/cypress/psoc creator/4.2/psoc creator/import/gnu/arm/5.4.1/bin/../lib/gcc/arm-none-eabi/5.4.1/armv6-m/crti.o
                0x1000657c                _fini
 .fini          0x10006580        0x8 c:/program files (x86)/cypress/psoc creator/4.2/psoc creator/import/gnu/arm/5.4.1/bin/../lib/gcc/arm-none-eabi/5.4.1/armv6-m/crtn.o
 *crtbegin.o(.ctors)
 *crtbegin?.o(.ctors)
 *(EXCLUDE_FILE(*crtend.o *crtend?.o) .ctors)
 *(SORT(.ctors.*))
 *(.ctors)
 *crtbegin.o(.dtors)
 *crtbegin?.o(.dtors)
 *(EXCLUDE_FILE(*crtend.o *crtend?.o) .dtors)
 *(SORT(.dtors.*))
 *(.dtors)
 *(.rodata .rodata.* .constdata .constdata.* .conststring .conststring.*)
 .rodata.str1.4
                0x10006588        0x4 .\CortexM0p\ARM_GCC_541\Debug\main_cm0p.o
 .rodata        0x1000658c       0x34 .\CortexM0p\ARM_GCC_541\Debug\cy_ipc_config.o
 .rodata        0x100065c0       0x5c .\CortexM0p\ARM_GCC_541\Debug\cyfitter_cfg.o
 .rodata        0x1000661c       0x40 .\CortexM0p\ARM_GCC_541\Debug\UART.o
                0x1000661c                UART_config
 .rodata        0x1000665c       0x40 .\CortexM0p\ARM_GCC_541\Debug\cy_sysint.o
 .rodata.str1.4
                0x1000669c       0x41 .\CortexM0p\ARM_GCC_541\Debug\cy_sysint.o
 *fill*         0x100066dd        0x3 
 .rodata.str1.4
                0x100066e0       0x7f .\CortexM0p\ARM_GCC_541\Debug\cy_ipc_drv.o
 *fill*         0x1000675f        0x1 
 .rodata.str1.4
                0x10006760       0x3f .\CortexM0p\ARM_GCC_541\Debug\cy_ipc_sema.o
 *fill*         0x1000679f        0x1 
 .rodata.str1.4
                0x100067a0       0x40 .\CortexM0p\ARM_GCC_541\Debug\cy_ipc_pipe.o
                                 0x7f (size before relaxing)
 .rodata.str1.4
                0x100067e0       0x85 .\CortexM0p\ARM_GCC_541\Debug\cy_sysclk.o
 *fill*         0x10006865        0x3 
 .rodata.str1.4
                0x10006868       0xc4 .\CortexM0p\ARM_GCC_541\Debug\cy_scb_uart.o
 .rodata.str1.4
                0x1000692c       0x7d .\CortexM0p\ARM_GCC_541\Debug\cy_gpio.o
 *fill*         0x100069a9        0x3 
 .rodata.str1.4
                0x100069ac       0x40 .\CortexM0p\ARM_GCC_541\Debug\cy_syspm.o
                                 0x3f (size before relaxing)
 .rodata        0x100069ec       0x40 c:/program files (x86)/cypress/psoc creator/4.2/psoc creator/import/gnu/arm/5.4.1/bin/../lib/gcc/arm-none-eabi/5.4.1/armv6-m\libgcc.a(divdf3.o)
 .rodata.str1.1
                0x10006a2c        0x2 c:/program files (x86)/cypress/psoc creator/4.2/psoc creator/import/gnu/arm/5.4.1/bin/../lib/gcc/arm-none-eabi/5.4.1/../../../../arm-none-eabi/lib/armv6-m\libg_nano.a(lib_a-impure.o)
 *fill*         0x10006a2e        0x2 
 .rodata._global_impure_ptr
                0x10006a30        0x4 c:/program files (x86)/cypress/psoc creator/4.2/psoc creator/import/gnu/arm/5.4.1/bin/../lib/gcc/arm-none-eabi/5.4.1/../../../../arm-none-eabi/lib/armv6-m\libg_nano.a(lib_a-impure.o)
                0x10006a30                _global_impure_ptr
 .rodata.str1.1
                0x10006a34       0x12 c:/program files (x86)/cypress/psoc creator/4.2/psoc creator/import/gnu/arm/5.4.1/bin/../lib/gcc/arm-none-eabi/5.4.1/../../../../arm-none-eabi/lib/armv6-m\libg_nano.a(lib_a-nano-vfprintf_float.o)
 .rodata.str1.1
                0x10006a46       0x22 c:/program files (x86)/cypress/psoc creator/4.2/psoc creator/import/gnu/arm/5.4.1/bin/../lib/gcc/arm-none-eabi/5.4.1/../../../../arm-none-eabi/lib/armv6-m\libg_nano.a(lib_a-nano-vfprintf_i.o)
 .rodata.str1.1
                0x10006a68        0xd c:/program files (x86)/cypress/psoc creator/4.2/psoc creator/import/gnu/arm/5.4.1/bin/../lib/gcc/arm-none-eabi/5.4.1/../../../../arm-none-eabi/lib/armv6-m\libg_nano.a(lib_a-dtoa.o)
                                  0xf (size before relaxing)
 *fill*         0x10006a75        0x3 
 .rodata.__sf_fake_stdin
                0x10006a78       0x20 c:/program files (x86)/cypress/psoc creator/4.2/psoc creator/import/gnu/arm/5.4.1/bin/../lib/gcc/arm-none-eabi/5.4.1/../../../../arm-none-eabi/lib/armv6-m\libg_nano.a(lib_a-findfp.o)
                0x10006a78                __sf_fake_stdin
 .rodata.__sf_fake_stdout
                0x10006a98       0x20 c:/program files (x86)/cypress/psoc creator/4.2/psoc creator/import/gnu/arm/5.4.1/bin/../lib/gcc/arm-none-eabi/5.4.1/../../../../arm-none-eabi/lib/armv6-m\libg_nano.a(lib_a-findfp.o)
                0x10006a98                __sf_fake_stdout
 .rodata.__sf_fake_stderr
                0x10006ab8       0x20 c:/program files (x86)/cypress/psoc creator/4.2/psoc creator/import/gnu/arm/5.4.1/bin/../lib/gcc/arm-none-eabi/5.4.1/../../../../arm-none-eabi/lib/armv6-m\libg_nano.a(lib_a-findfp.o)
                0x10006ab8                __sf_fake_stderr
 .rodata.str1.1
                0x10006ad8        0x8 c:/program files (x86)/cypress/psoc creator/4.2/psoc creator/import/gnu/arm/5.4.1/bin/../lib/gcc/arm-none-eabi/5.4.1/../../../../arm-none-eabi/lib/armv6-m\libg_nano.a(lib_a-locale.o)
                                  0xb (size before relaxing)
 .rodata.__mprec_tens
                0x10006ae0       0xc8 c:/program files (x86)/cypress/psoc creator/4.2/psoc creator/import/gnu/arm/5.4.1/bin/../lib/gcc/arm-none-eabi/5.4.1/../../../../arm-none-eabi/lib/armv6-m\libg_nano.a(lib_a-mprec.o)
                0x10006ae0                __mprec_tens
 .rodata.p05.5408
                0x10006ba8        0xc c:/program files (x86)/cypress/psoc creator/4.2/psoc creator/import/gnu/arm/5.4.1/bin/../lib/gcc/arm-none-eabi/5.4.1/../../../../arm-none-eabi/lib/armv6-m\libg_nano.a(lib_a-mprec.o)
 *fill*         0x10006bb4        0x4 
 .rodata.__mprec_bigtens
                0x10006bb8       0x28 c:/program files (x86)/cypress/psoc creator/4.2/psoc creator/import/gnu/arm/5.4.1/bin/../lib/gcc/arm-none-eabi/5.4.1/../../../../arm-none-eabi/lib/armv6-m\libg_nano.a(lib_a-mprec.o)
                0x10006bb8                __mprec_bigtens
 .rodata.str1.1
                0x10006be0       0x11 c:/program files (x86)/cypress/psoc creator/4.2/psoc creator/import/gnu/arm/5.4.1/bin/../lib/gcc/arm-none-eabi/5.4.1/../../../../arm-none-eabi/lib/armv6-m\libg_nano.a(lib_a-nano-vfprintf.o)
 *fill*         0x10006bf1        0x3 
 .rodata        0x10006bf4       0x40 c:/program files (x86)/cypress/psoc creator/4.2/psoc creator/import/gnu/arm/5.4.1/bin/../lib/gcc/arm-none-eabi/5.4.1/armv6-m\libgcc.a(muldf3.o)
 *(.eh_frame*)
 .eh_frame      0x10006c34        0x0 c:/program files (x86)/cypress/psoc creator/4.2/psoc creator/import/gnu/arm/5.4.1/bin/../lib/gcc/arm-none-eabi/5.4.1/armv6-m/crtbegin.o
 .eh_frame      0x10006c34        0x4 c:/program files (x86)/cypress/psoc creator/4.2/psoc creator/import/gnu/arm/5.4.1/bin/../lib/gcc/arm-none-eabi/5.4.1/armv6-m/crtend.o

.glue_7         0x10006c38        0x0
 .glue_7        0x10006c38        0x0 linker stubs

.glue_7t        0x10006c38        0x0
 .glue_7t       0x10006c38        0x0 linker stubs

.vfp11_veneer   0x10006c38        0x0
 .vfp11_veneer  0x10006c38        0x0 linker stubs

.v4_bx          0x10006c38        0x0
 .v4_bx         0x10006c38        0x0 linker stubs

.iplt           0x10006c38        0x0
 .iplt          0x10006c38        0x0 c:/program files (x86)/cypress/psoc creator/4.2/psoc creator/import/gnu/arm/5.4.1/bin/../lib/gcc/arm-none-eabi/5.4.1/armv6-m/crtbegin.o

.ARM.extab
 *(.ARM.extab* .gnu.linkonce.armextab.*)
                0x10006c38                __exidx_start = .

.ARM.exidx
 *(.ARM.exidx* .gnu.linkonce.armexidx.*)
                0x10006c38                __exidx_end = .

.copy.table     0x10006c38       0x18
                0x10006c38                . = ALIGN (0x4)
                0x10006c38                __copy_table_start__ = .
                0x10006c38        0x4 LONG 0x10000000 __Vectors
                0x10006c3c        0x4 LONG 0x8000000 __ram_vectors_start__
                0x10006c40        0x4 LONG 0xc0 (__Vectors_End - __Vectors)
                0x10006c44        0x4 LONG 0x10006c58 __etext
                0x10006c48        0x4 LONG 0x80000c0 __data_start__
                0x10006c4c        0x4 LONG 0x3f0 (__data_end__ - __data_start__)
                0x10006c50                __copy_table_end__ = .

.zero.table     0x10006c50        0x8
                0x10006c50                . = ALIGN (0x4)
                0x10006c50                __zero_table_start__ = .
                0x10006c50        0x4 LONG 0x80004ec __bss_start__
                0x10006c54        0x4 LONG 0x218 (__bss_end__ - __bss_start__)
                0x10006c58                __zero_table_end__ = .
                0x10006c58                __etext = .

.ramVectors     0x08000000       0xc0
                0x08000000                __ram_vectors_start__ = .
 *(.ram_vectors)
 .ram_vectors   0x08000000       0xc0 .\CortexM0p\ARM_GCC_541\Debug\startup_psoc62_cm0plus.o
                0x08000000                __ramVectors
                0x080000c0                __ram_vectors_end__ = .

.data           0x080000c0      0x3f0 load address 0x10006c58
                0x080000c0                __data_start__ = .
 *(vtable)
 *(.data*)
 .data          0x080000c0       0x1c .\CortexM0p\ARM_GCC_541\Debug\system_psoc62_cm0plus.o
                0x080000c0                cy_Hfclk0FreqHz
                0x080000c4                cy_PeriClkFreqHz
                0x080000c8                SystemCoreClock
                0x080000cc                cy_delayFreqHz
                0x080000d0                cy_delayFreqMhz
                0x080000d4                cy_delayFreqKhz
                0x080000d8                cy_delay32kMs
 .data          0x080000dc        0x4 .\CortexM0p\ARM_GCC_541\Debug\cy_flash.o
 .data.impure_data
                0x080000e0       0x60 c:/program files (x86)/cypress/psoc creator/4.2/psoc creator/import/gnu/arm/5.4.1/bin/../lib/gcc/arm-none-eabi/5.4.1/../../../../arm-none-eabi/lib/armv6-m\libg_nano.a(lib_a-impure.o)
 .data._impure_ptr
                0x08000140        0x4 c:/program files (x86)/cypress/psoc creator/4.2/psoc creator/import/gnu/arm/5.4.1/bin/../lib/gcc/arm-none-eabi/5.4.1/../../../../arm-none-eabi/lib/armv6-m\libg_nano.a(lib_a-impure.o)
                0x08000140                _impure_ptr
 .data.lconv    0x08000144       0x38 c:/program files (x86)/cypress/psoc creator/4.2/psoc creator/import/gnu/arm/5.4.1/bin/../lib/gcc/arm-none-eabi/5.4.1/../../../../arm-none-eabi/lib/armv6-m\libg_nano.a(lib_a-locale.o)
                0x0800017c                . = ALIGN (0x4)
                0x0800017c                PROVIDE (__preinit_array_start, .)
 *(.preinit_array)
                0x0800017c                PROVIDE (__preinit_array_end, .)
                0x0800017c                . = ALIGN (0x4)
                0x0800017c                PROVIDE (__init_array_start, .)
 *(SORT(.init_array.*))
 *(.init_array)
 .init_array    0x0800017c        0x4 c:/program files (x86)/cypress/psoc creator/4.2/psoc creator/import/gnu/arm/5.4.1/bin/../lib/gcc/arm-none-eabi/5.4.1/armv6-m/crtbegin.o
                0x08000180                PROVIDE (__init_array_end, .)
                0x08000180                . = ALIGN (0x4)
                [!provide]                PROVIDE (__fini_array_start, .)
 *(SORT(.fini_array.*))
 *(.fini_array)
 .fini_array    0x08000180        0x4 c:/program files (x86)/cypress/psoc creator/4.2/psoc creator/import/gnu/arm/5.4.1/bin/../lib/gcc/arm-none-eabi/5.4.1/armv6-m/crtbegin.o
                [!provide]                PROVIDE (__fini_array_end, .)
 *(.jcr*)
 .jcr           0x08000184        0x0 c:/program files (x86)/cypress/psoc creator/4.2/psoc creator/import/gnu/arm/5.4.1/bin/../lib/gcc/arm-none-eabi/5.4.1/armv6-m/crtbegin.o
 .jcr           0x08000184        0x4 c:/program files (x86)/cypress/psoc creator/4.2/psoc creator/import/gnu/arm/5.4.1/bin/../lib/gcc/arm-none-eabi/5.4.1/armv6-m/crtend.o
                0x08000188                . = ALIGN (0x4)
 *(.cy_ramfunc*)
 .cy_ramfunc    0x08000188      0x150 .\CortexM0p\ARM_GCC_541\Debug\cy_flash.o
 .cy_ramfunc    0x080002d8      0x154 .\CortexM0p\ARM_GCC_541\Debug\cy_syspm.o
 *fill*         0x0800042c        0x4 
 .cy_ramfunc.__stub
                0x08000430       0x80 linker stubs
                0x080004b0                . = ALIGN (0x4)
                0x080004b0                __data_end__ = .

.igot.plt       0x080004b0        0x0 load address 0x10007048
 .igot.plt      0x080004b0        0x0 c:/program files (x86)/cypress/psoc creator/4.2/psoc creator/import/gnu/arm/5.4.1/bin/../lib/gcc/arm-none-eabi/5.4.1/armv6-m/crtbegin.o

.noinit         0x080004b0       0x3c load address 0x10007048
 *(.noinit)
 .noinit        0x080004b0       0x3c .\CortexM0p\ARM_GCC_541\Debug\cy_syslib.o
                0x080004b0                cy_assertFileName
                0x080004c8                cy_assertLine
                0x080004cc                cy_faultFrame

.bss            0x080004ec      0x218 load address 0x10007084
                0x080004ec                . = ALIGN (0x4)
                0x080004ec                __bss_start__ = .
 *(.bss*)
 .bss           0x080004ec       0x1c c:/program files (x86)/cypress/psoc creator/4.2/psoc creator/import/gnu/arm/5.4.1/bin/../lib/gcc/arm-none-eabi/5.4.1/armv6-m/crtbegin.o
 .bss           0x08000508      0x190 .\CortexM0p\ARM_GCC_541\Debug\cy_ipc_config.o
 .bss           0x08000698        0x1 .\CortexM0p\ARM_GCC_541\Debug\UART.o
                0x08000698                UART_initVar
 *fill*         0x08000699        0x3 
 .bss           0x0800069c        0xc .\CortexM0p\ARM_GCC_541\Debug\cy_ipc_sema.o
 .bss           0x080006a8        0x4 .\CortexM0p\ARM_GCC_541\Debug\cy_ipc_pipe.o
 .bss           0x080006ac       0x10 .\CortexM0p\ARM_GCC_541\Debug\cy_flash.o
 .bss.__malloc_sbrk_start
                0x080006bc        0x4 c:/program files (x86)/cypress/psoc creator/4.2/psoc creator/import/gnu/arm/5.4.1/bin/../lib/gcc/arm-none-eabi/5.4.1/../../../../arm-none-eabi/lib/armv6-m\libg_nano.a(lib_a-nano-mallocr.o)
                0x080006bc                __malloc_sbrk_start
 .bss.__malloc_free_list
                0x080006c0        0x4 c:/program files (x86)/cypress/psoc creator/4.2/psoc creator/import/gnu/arm/5.4.1/bin/../lib/gcc/arm-none-eabi/5.4.1/../../../../arm-none-eabi/lib/armv6-m\libg_nano.a(lib_a-nano-mallocr.o)
                0x080006c0                __malloc_free_list
 .bss.heap_end.4167
                0x080006c4        0x4 c:/program files (x86)/cypress/psoc creator/4.2/psoc creator/import/gnu/arm/5.4.1/bin/../lib/gcc/arm-none-eabi/5.4.1/../../../../arm-none-eabi/lib/armv6-m\libnosys.a(sbrk.o)
 *(COMMON)
 COMMON         0x080006c8       0x38 .\CortexM0p\ARM_GCC_541\Debug\UART.o
                0x080006c8                UART_context
 COMMON         0x08000700        0x4 c:/program files (x86)/cypress/psoc creator/4.2/psoc creator/import/gnu/arm/5.4.1/bin/../lib/gcc/arm-none-eabi/5.4.1/../../../../arm-none-eabi/lib/armv6-m\libg_nano.a(lib_a-reent.o)
                0x08000700                errno
                0x08000704                . = ALIGN (0x4)
                0x08000704                __bss_end__ = .

.heap           0x08000708      0x400
                0x08000708                __HeapBase = .
                0x08000708                __end__ = .
                0x08000708                end = __end__
 *(.heap*)
 .heap          0x08000708      0x400 .\CortexM0p\ARM_GCC_541\Debug\startup_psoc62_cm0plus.o
                0x08000b08                __HeapLimit = .

.stack_dummy    0x08000708     0x1000
 *(.stack*)
 .stack         0x08000708     0x1000 .\CortexM0p\ARM_GCC_541\Debug\startup_psoc62_cm0plus.o
                0x08024000                __StackTop = (ORIGIN (ram) + LENGTH (ram))
                0x08023000                __StackLimit = (__StackTop - SIZEOF (.stack_dummy))
                0x08024000                PROVIDE (__stack, __StackTop)
                0x00000001                ASSERT ((__StackLimit >= __HeapLimit), region RAM overflowed with stack)

.cy_em_eeprom
 *(.cy_em_eeprom)

.cy_sflash_user_data
 *(.cy_sflash_user_data)

.cy_sflash_nar
 *(.cy_sflash_nar)

.cy_sflash_public_key
 *(.cy_sflash_public_key)

.cy_toc_part2
 *(.cy_toc_part2)

.cy_rtoc_part2
 *(.cy_rtoc_part2)

.cy_xip
 *(.cy_xip)

.cy_efuse
 *(.cy_efuse)

.cymeta         0x90500000        0xc
 *(.cymeta)
 .cymeta        0x90500000        0xc .\CortexM0p\ARM_GCC_541\Debug\cymetadata.o
                0x90500000                cy_metadata
                0x10000000                __cy_memory_0_start = 0x10000000
                0x00100000                __cy_memory_0_length = 0x100000
                0x00000200                __cy_memory_0_row_size = 0x200
                0x14000000                __cy_memory_1_start = 0x14000000
                0x00008000                __cy_memory_1_length = 0x8000
                0x00000200                __cy_memory_1_row_size = 0x200
                0x16000000                __cy_memory_2_start = 0x16000000
                0x00008000                __cy_memory_2_length = 0x8000
                0x00000200                __cy_memory_2_row_size = 0x200
                0x18000000                __cy_memory_3_start = 0x18000000
                0x08000000                __cy_memory_3_length = 0x8000000
                0x00000200                __cy_memory_3_row_size = 0x200
                0x90700000                __cy_memory_4_start = 0x90700000
                0x00100000                __cy_memory_4_length = 0x100000
                0x00000001                __cy_memory_4_row_size = 0x1
OUTPUT(D:\Documents\PSoC Creator\Workspace02\Printf.cydsn\CortexM0p\ARM_GCC_541\Debug\Printf_link.elf elf32-littlearm)

.rel.dyn        0x08000704        0x0 load address 0x98506ba4
 .rel.iplt      0x08000704        0x0 c:/program files (x86)/cypress/psoc creator/4.2/psoc creator/import/gnu/arm/5.4.1/bin/../lib/gcc/arm-none-eabi/5.4.1/armv6-m/crtbegin.o

.ARM.attributes
                0x00000000       0x28
 .ARM.attributes
                0x00000000       0x1e c:/program files (x86)/cypress/psoc creator/4.2/psoc creator/import/gnu/arm/5.4.1/bin/../lib/gcc/arm-none-eabi/5.4.1/armv6-m/crti.o
 .ARM.attributes
                0x0000001e       0x2c c:/program files (x86)/cypress/psoc creator/4.2/psoc creator/import/gnu/arm/5.4.1/bin/../lib/gcc/arm-none-eabi/5.4.1/armv6-m/crtbegin.o
 .ARM.attributes
                0x0000004a       0x1b .\CortexM0p\ARM_GCC_541\Debug\startup_psoc62_cm0plus.o
 .ARM.attributes
                0x00000065       0x32 .\CortexM0p\ARM_GCC_541\Debug\main_cm0p.o
 .ARM.attributes
                0x00000097       0x32 .\CortexM0p\ARM_GCC_541\Debug\system_psoc62_cm0plus.o
 .ARM.attributes
                0x000000c9       0x32 .\CortexM0p\ARM_GCC_541\Debug\cy_ipc_config.o
 .ARM.attributes
                0x000000fb       0x32 .\CortexM0p\ARM_GCC_541\Debug\stdio_user.o
 .ARM.attributes
                0x0000012d       0x32 .\CortexM0p\ARM_GCC_541\Debug\cyfitter_cfg.o
 .ARM.attributes
                0x0000015f       0x32 .\CortexM0p\ARM_GCC_541\Debug\cymetadata.o
 .ARM.attributes
                0x00000191       0x32 .\CortexM0p\ARM_GCC_541\Debug\UART.o
 .ARM.attributes
                0x000001c3       0x32 .\CortexM0p\ARM_GCC_541\Debug\cy_sysint.o
 .ARM.attributes
                0x000001f5       0x32 .\CortexM0p\ARM_GCC_541\Debug\cy_ipc_drv.o
 .ARM.attributes
                0x00000227       0x32 .\CortexM0p\ARM_GCC_541\Debug\cy_ipc_sema.o
 .ARM.attributes
                0x00000259       0x32 .\CortexM0p\ARM_GCC_541\Debug\cy_ipc_pipe.o
 .ARM.attributes
                0x0000028b       0x32 .\CortexM0p\ARM_GCC_541\Debug\cy_sysclk.o
 .ARM.attributes
                0x000002bd       0x32 .\CortexM0p\ARM_GCC_541\Debug\cy_scb_common.o
 .ARM.attributes
                0x000002ef       0x32 .\CortexM0p\ARM_GCC_541\Debug\cy_scb_uart.o
 .ARM.attributes
                0x00000321       0x32 .\CortexM0p\ARM_GCC_541\Debug\cy_flash.o
 .ARM.attributes
                0x00000353       0x32 .\CortexM0p\ARM_GCC_541\Debug\cy_gpio.o
 .ARM.attributes
                0x00000385       0x32 .\CortexM0p\ARM_GCC_541\Debug\cy_syspm.o
 .ARM.attributes
                0x000003b7       0x32 .\CortexM0p\ARM_GCC_541\Debug\cy_syslib.o
 .ARM.attributes
                0x000003e9       0x22 .\CortexM0p\ARM_GCC_541\Debug\cy_syslib_gcc.o
 .ARM.attributes
                0x0000040b       0x32 .\CortexM0p\ARM_GCC_541\Debug\cy_systick.o
 .ARM.attributes
                0x0000043d       0x32 .\CortexM0p\ARM_GCC_541\Debug\retarget.o
 .ARM.attributes
                0x0000046f       0x1e c:/program files (x86)/cypress/psoc creator/4.2/psoc creator/import/gnu/arm/5.4.1/bin/../lib/gcc/arm-none-eabi/5.4.1/armv6-m\libgcc.a(_udivsi3.o)
 .ARM.attributes
                0x0000048d       0x1e c:/program files (x86)/cypress/psoc creator/4.2/psoc creator/import/gnu/arm/5.4.1/bin/../lib/gcc/arm-none-eabi/5.4.1/armv6-m\libgcc.a(_dvmd_tls.o)
 .ARM.attributes
                0x000004ab       0x2c c:/program files (x86)/cypress/psoc creator/4.2/psoc creator/import/gnu/arm/5.4.1/bin/../lib/gcc/arm-none-eabi/5.4.1/armv6-m\libgcc.a(divdf3.o)
 .ARM.attributes
                0x000004d7       0x2c c:/program files (x86)/cypress/psoc creator/4.2/psoc creator/import/gnu/arm/5.4.1/bin/../lib/gcc/arm-none-eabi/5.4.1/armv6-m\libgcc.a(subdf3.o)
 .ARM.attributes
                0x00000503       0x2c c:/program files (x86)/cypress/psoc creator/4.2/psoc creator/import/gnu/arm/5.4.1/bin/../lib/gcc/arm-none-eabi/5.4.1/armv6-m\libgcc.a(fixdfsi.o)
 .ARM.attributes
                0x0000052f       0x1e c:/program files (x86)/cypress/psoc creator/4.2/psoc creator/import/gnu/arm/5.4.1/bin/../lib/gcc/arm-none-eabi/5.4.1/armv6-m\libgcc.a(_arm_cmpdf2.o)
 .ARM.attributes
                0x0000054d       0x1e c:/program files (x86)/cypress/psoc creator/4.2/psoc creator/import/gnu/arm/5.4.1/bin/../lib/gcc/arm-none-eabi/5.4.1/armv6-m\libgcc.a(_clzsi2.o)
 .ARM.attributes
                0x0000056b       0x2c c:/program files (x86)/cypress/psoc creator/4.2/psoc creator/import/gnu/arm/5.4.1/bin/../lib/gcc/arm-none-eabi/5.4.1/armv6-m\libgcc.a(eqdf2.o)
 .ARM.attributes
                0x00000597       0x2c c:/program files (x86)/cypress/psoc creator/4.2/psoc creator/import/gnu/arm/5.4.1/bin/../lib/gcc/arm-none-eabi/5.4.1/armv6-m\libgcc.a(gedf2.o)
 .ARM.attributes
                0x000005c3       0x2c c:/program files (x86)/cypress/psoc creator/4.2/psoc creator/import/gnu/arm/5.4.1/bin/../lib/gcc/arm-none-eabi/5.4.1/armv6-m\libgcc.a(ledf2.o)
 .ARM.attributes
                0x000005ef       0x2c c:/program files (x86)/cypress/psoc creator/4.2/psoc creator/import/gnu/arm/5.4.1/bin/../lib/gcc/arm-none-eabi/5.4.1/../../../../arm-none-eabi/lib/armv6-m\libg_nano.a(lib_a-impure.o)
 .ARM.attributes
                0x0000061b       0x2c c:/program files (x86)/cypress/psoc creator/4.2/psoc creator/import/gnu/arm/5.4.1/bin/../lib/gcc/arm-none-eabi/5.4.1/../../../../arm-none-eabi/lib/armv6-m\libg_nano.a(lib_a-memset.o)
 .ARM.attributes
                0x00000647       0x2c c:/program files (x86)/cypress/psoc creator/4.2/psoc creator/import/gnu/arm/5.4.1/bin/../lib/gcc/arm-none-eabi/5.4.1/../../../../arm-none-eabi/lib/armv6-m\libg_nano.a(lib_a-nano-vfprintf_float.o)
 .ARM.attributes
                0x00000673       0x2c c:/program files (x86)/cypress/psoc creator/4.2/psoc creator/import/gnu/arm/5.4.1/bin/../lib/gcc/arm-none-eabi/5.4.1/../../../../arm-none-eabi/lib/armv6-m\libg_nano.a(lib_a-nano-vfprintf_i.o)
 .ARM.attributes
                0x0000069f       0x2c c:/program files (x86)/cypress/psoc creator/4.2/psoc creator/import/gnu/arm/5.4.1/bin/../lib/gcc/arm-none-eabi/5.4.1/../../../../arm-none-eabi/lib/armv6-m\libg_nano.a(lib_a-printf.o)
 .ARM.attributes
                0x000006cb       0x2c c:/program files (x86)/cypress/psoc creator/4.2/psoc creator/import/gnu/arm/5.4.1/bin/../lib/gcc/arm-none-eabi/5.4.1/../../../../arm-none-eabi/lib/armv6-m\libg_nano.a(lib_a-rget.o)
 .ARM.attributes
                0x000006f7       0x2c c:/program files (x86)/cypress/psoc creator/4.2/psoc creator/import/gnu/arm/5.4.1/bin/../lib/gcc/arm-none-eabi/5.4.1/../../../../arm-none-eabi/lib/armv6-m\libg_nano.a(lib_a-setvbuf.o)
 .ARM.attributes
                0x00000723       0x1c c:/program files (x86)/cypress/psoc creator/4.2/psoc creator/import/gnu/arm/5.4.1/bin/../lib/gcc/arm-none-eabi/5.4.1/../../../../arm-none-eabi/lib/armv6-m\libg_nano.a(lib_a-strlen.o)
 .ARM.attributes
                0x0000073f       0x2c c:/program files (x86)/cypress/psoc creator/4.2/psoc creator/import/gnu/arm/5.4.1/bin/../lib/gcc/arm-none-eabi/5.4.1/../../../../arm-none-eabi/lib/armv6-m\libg_nano.a(lib_a-strncpy.o)
 .ARM.attributes
                0x0000076b       0x2c c:/program files (x86)/cypress/psoc creator/4.2/psoc creator/import/gnu/arm/5.4.1/bin/../lib/gcc/arm-none-eabi/5.4.1/../../../../arm-none-eabi/lib/armv6-m\libg_nano.a(lib_a-dtoa.o)
 .ARM.attributes
                0x00000797       0x2c c:/program files (x86)/cypress/psoc creator/4.2/psoc creator/import/gnu/arm/5.4.1/bin/../lib/gcc/arm-none-eabi/5.4.1/../../../../arm-none-eabi/lib/armv6-m\libg_nano.a(lib_a-fflush.o)
 .ARM.attributes
                0x000007c3       0x2c c:/program files (x86)/cypress/psoc creator/4.2/psoc creator/import/gnu/arm/5.4.1/bin/../lib/gcc/arm-none-eabi/5.4.1/../../../../arm-none-eabi/lib/armv6-m\libg_nano.a(lib_a-findfp.o)
 .ARM.attributes
                0x000007ef       0x2c c:/program files (x86)/cypress/psoc creator/4.2/psoc creator/import/gnu/arm/5.4.1/bin/../lib/gcc/arm-none-eabi/5.4.1/../../../../arm-none-eabi/lib/armv6-m\libg_nano.a(lib_a-fwalk.o)
 .ARM.attributes
                0x0000081b       0x2c c:/program files (x86)/cypress/psoc creator/4.2/psoc creator/import/gnu/arm/5.4.1/bin/../lib/gcc/arm-none-eabi/5.4.1/../../../../arm-none-eabi/lib/armv6-m\libg_nano.a(lib_a-locale.o)
 .ARM.attributes
                0x00000847       0x2c c:/program files (x86)/cypress/psoc creator/4.2/psoc creator/import/gnu/arm/5.4.1/bin/../lib/gcc/arm-none-eabi/5.4.1/../../../../arm-none-eabi/lib/armv6-m\libg_nano.a(lib_a-makebuf.o)
 .ARM.attributes
                0x00000873       0x2c c:/program files (x86)/cypress/psoc creator/4.2/psoc creator/import/gnu/arm/5.4.1/bin/../lib/gcc/arm-none-eabi/5.4.1/../../../../arm-none-eabi/lib/armv6-m\libg_nano.a(lib_a-malloc.o)
 .ARM.attributes
                0x0000089f       0x2c c:/program files (x86)/cypress/psoc creator/4.2/psoc creator/import/gnu/arm/5.4.1/bin/../lib/gcc/arm-none-eabi/5.4.1/../../../../arm-none-eabi/lib/armv6-m\libg_nano.a(lib_a-memchr-stub.o)
 .ARM.attributes
                0x000008cb       0x2c c:/program files (x86)/cypress/psoc creator/4.2/psoc creator/import/gnu/arm/5.4.1/bin/../lib/gcc/arm-none-eabi/5.4.1/../../../../arm-none-eabi/lib/armv6-m\libg_nano.a(lib_a-memcpy-stub.o)
 .ARM.attributes
                0x000008f7       0x2c c:/program files (x86)/cypress/psoc creator/4.2/psoc creator/import/gnu/arm/5.4.1/bin/../lib/gcc/arm-none-eabi/5.4.1/../../../../arm-none-eabi/lib/armv6-m\libg_nano.a(lib_a-mprec.o)
 .ARM.attributes
                0x00000923       0x2c c:/program files (x86)/cypress/psoc creator/4.2/psoc creator/import/gnu/arm/5.4.1/bin/../lib/gcc/arm-none-eabi/5.4.1/../../../../arm-none-eabi/lib/armv6-m\libg_nano.a(lib_a-nano-callocr.o)
 .ARM.attributes
                0x0000094f       0x2c c:/program files (x86)/cypress/psoc creator/4.2/psoc creator/import/gnu/arm/5.4.1/bin/../lib/gcc/arm-none-eabi/5.4.1/../../../../arm-none-eabi/lib/armv6-m\libg_nano.a(lib_a-nano-freer.o)
 .ARM.attributes
                0x0000097b       0x2c c:/program files (x86)/cypress/psoc creator/4.2/psoc creator/import/gnu/arm/5.4.1/bin/../lib/gcc/arm-none-eabi/5.4.1/../../../../arm-none-eabi/lib/armv6-m\libg_nano.a(lib_a-nano-mallocr.o)
 .ARM.attributes
                0x000009a7       0x2c c:/program files (x86)/cypress/psoc creator/4.2/psoc creator/import/gnu/arm/5.4.1/bin/../lib/gcc/arm-none-eabi/5.4.1/../../../../arm-none-eabi/lib/armv6-m\libg_nano.a(lib_a-nano-vfprintf.o)
 .ARM.attributes
                0x000009d3       0x2c c:/program files (x86)/cypress/psoc creator/4.2/psoc creator/import/gnu/arm/5.4.1/bin/../lib/gcc/arm-none-eabi/5.4.1/../../../../arm-none-eabi/lib/armv6-m\libg_nano.a(lib_a-refill.o)
 .ARM.attributes
                0x000009ff       0x2c c:/program files (x86)/cypress/psoc creator/4.2/psoc creator/import/gnu/arm/5.4.1/bin/../lib/gcc/arm-none-eabi/5.4.1/../../../../arm-none-eabi/lib/armv6-m\libg_nano.a(lib_a-sbrkr.o)
 .ARM.attributes
                0x00000a2b       0x2c c:/program files (x86)/cypress/psoc creator/4.2/psoc creator/import/gnu/arm/5.4.1/bin/../lib/gcc/arm-none-eabi/5.4.1/../../../../arm-none-eabi/lib/armv6-m\libg_nano.a(lib_a-stdio.o)
 .ARM.attributes
                0x00000a57       0x2c c:/program files (x86)/cypress/psoc creator/4.2/psoc creator/import/gnu/arm/5.4.1/bin/../lib/gcc/arm-none-eabi/5.4.1/../../../../arm-none-eabi/lib/armv6-m\libg_nano.a(lib_a-wbuf.o)
 .ARM.attributes
                0x00000a83       0x2c c:/program files (x86)/cypress/psoc creator/4.2/psoc creator/import/gnu/arm/5.4.1/bin/../lib/gcc/arm-none-eabi/5.4.1/../../../../arm-none-eabi/lib/armv6-m\libg_nano.a(lib_a-writer.o)
 .ARM.attributes
                0x00000aaf       0x2c c:/program files (x86)/cypress/psoc creator/4.2/psoc creator/import/gnu/arm/5.4.1/bin/../lib/gcc/arm-none-eabi/5.4.1/../../../../arm-none-eabi/lib/armv6-m\libg_nano.a(lib_a-wsetup.o)
 .ARM.attributes
                0x00000adb       0x2c c:/program files (x86)/cypress/psoc creator/4.2/psoc creator/import/gnu/arm/5.4.1/bin/../lib/gcc/arm-none-eabi/5.4.1/../../../../arm-none-eabi/lib/armv6-m\libg_nano.a(lib_a-closer.o)
 .ARM.attributes
                0x00000b07       0x2c c:/program files (x86)/cypress/psoc creator/4.2/psoc creator/import/gnu/arm/5.4.1/bin/../lib/gcc/arm-none-eabi/5.4.1/../../../../arm-none-eabi/lib/armv6-m\libg_nano.a(lib_a-fstatr.o)
 .ARM.attributes
                0x00000b33       0x2c c:/program files (x86)/cypress/psoc creator/4.2/psoc creator/import/gnu/arm/5.4.1/bin/../lib/gcc/arm-none-eabi/5.4.1/../../../../arm-none-eabi/lib/armv6-m\libg_nano.a(lib_a-isattyr.o)
 .ARM.attributes
                0x00000b5f       0x2c c:/program files (x86)/cypress/psoc creator/4.2/psoc creator/import/gnu/arm/5.4.1/bin/../lib/gcc/arm-none-eabi/5.4.1/../../../../arm-none-eabi/lib/armv6-m\libg_nano.a(lib_a-lseekr.o)
 .ARM.attributes
                0x00000b8b       0x2c c:/program files (x86)/cypress/psoc creator/4.2/psoc creator/import/gnu/arm/5.4.1/bin/../lib/gcc/arm-none-eabi/5.4.1/../../../../arm-none-eabi/lib/armv6-m\libg_nano.a(lib_a-mlock.o)
 .ARM.attributes
                0x00000bb7       0x2c c:/program files (x86)/cypress/psoc creator/4.2/psoc creator/import/gnu/arm/5.4.1/bin/../lib/gcc/arm-none-eabi/5.4.1/../../../../arm-none-eabi/lib/armv6-m\libg_nano.a(lib_a-readr.o)
 .ARM.attributes
                0x00000be3       0x2c c:/program files (x86)/cypress/psoc creator/4.2/psoc creator/import/gnu/arm/5.4.1/bin/../lib/gcc/arm-none-eabi/5.4.1/../../../../arm-none-eabi/lib/armv6-m\libg_nano.a(lib_a-reent.o)
 .ARM.attributes
                0x00000c0f       0x1e c:/program files (x86)/cypress/psoc creator/4.2/psoc creator/import/gnu/arm/5.4.1/bin/../lib/gcc/arm-none-eabi/5.4.1/armv6-m\libgcc.a(_thumb1_case_uqi.o)
 .ARM.attributes
                0x00000c2d       0x1e c:/program files (x86)/cypress/psoc creator/4.2/psoc creator/import/gnu/arm/5.4.1/bin/../lib/gcc/arm-none-eabi/5.4.1/armv6-m\libgcc.a(_divsi3.o)
 .ARM.attributes
                0x00000c4b       0x2c c:/program files (x86)/cypress/psoc creator/4.2/psoc creator/import/gnu/arm/5.4.1/bin/../lib/gcc/arm-none-eabi/5.4.1/armv6-m\libgcc.a(adddf3.o)
 .ARM.attributes
                0x00000c77       0x2c c:/program files (x86)/cypress/psoc creator/4.2/psoc creator/import/gnu/arm/5.4.1/bin/../lib/gcc/arm-none-eabi/5.4.1/armv6-m\libgcc.a(muldf3.o)
 .ARM.attributes
                0x00000ca3       0x2c c:/program files (x86)/cypress/psoc creator/4.2/psoc creator/import/gnu/arm/5.4.1/bin/../lib/gcc/arm-none-eabi/5.4.1/armv6-m\libgcc.a(unorddf2.o)
 .ARM.attributes
                0x00000ccf       0x2c c:/program files (x86)/cypress/psoc creator/4.2/psoc creator/import/gnu/arm/5.4.1/bin/../lib/gcc/arm-none-eabi/5.4.1/armv6-m\libgcc.a(floatsidf.o)
 .ARM.attributes
                0x00000cfb       0x2c c:/program files (x86)/cypress/psoc creator/4.2/psoc creator/import/gnu/arm/5.4.1/bin/../lib/gcc/arm-none-eabi/5.4.1/armv6-m\libgcc.a(floatunsidf.o)
 .ARM.attributes
                0x00000d27       0x2c c:/program files (x86)/cypress/psoc creator/4.2/psoc creator/import/gnu/arm/5.4.1/bin/../lib/gcc/arm-none-eabi/5.4.1/armv6-m/crtend.o
 .ARM.attributes
                0x00000d53       0x1e c:/program files (x86)/cypress/psoc creator/4.2/psoc creator/import/gnu/arm/5.4.1/bin/../lib/gcc/arm-none-eabi/5.4.1/armv6-m/crtn.o
 .ARM.attributes
                0x00000d71       0x2c c:/program files (x86)/cypress/psoc creator/4.2/psoc creator/import/gnu/arm/5.4.1/bin/../lib/gcc/arm-none-eabi/5.4.1/../../../../arm-none-eabi/lib/armv6-m\libnosys.a(close.o)
 .ARM.attributes
                0x00000d9d       0x2c c:/program files (x86)/cypress/psoc creator/4.2/psoc creator/import/gnu/arm/5.4.1/bin/../lib/gcc/arm-none-eabi/5.4.1/../../../../arm-none-eabi/lib/armv6-m\libnosys.a(fstat.o)
 .ARM.attributes
                0x00000dc9       0x2c c:/program files (x86)/cypress/psoc creator/4.2/psoc creator/import/gnu/arm/5.4.1/bin/../lib/gcc/arm-none-eabi/5.4.1/../../../../arm-none-eabi/lib/armv6-m\libnosys.a(isatty.o)
 .ARM.attributes
                0x00000df5       0x2c c:/program files (x86)/cypress/psoc creator/4.2/psoc creator/import/gnu/arm/5.4.1/bin/../lib/gcc/arm-none-eabi/5.4.1/../../../../arm-none-eabi/lib/armv6-m\libnosys.a(lseek.o)
 .ARM.attributes
                0x00000e21       0x2c c:/program files (x86)/cypress/psoc creator/4.2/psoc creator/import/gnu/arm/5.4.1/bin/../lib/gcc/arm-none-eabi/5.4.1/../../../../arm-none-eabi/lib/armv6-m\libnosys.a(sbrk.o)

.comment        0x00000000       0x6e
 .comment       0x00000000       0x6e .\CortexM0p\ARM_GCC_541\Debug\main_cm0p.o
                                 0x6f (size before relaxing)
 .comment       0x0000006e       0x6f .\CortexM0p\ARM_GCC_541\Debug\system_psoc62_cm0plus.o
 .comment       0x0000006e       0x6f .\CortexM0p\ARM_GCC_541\Debug\cy_ipc_config.o
 .comment       0x0000006e       0x6f .\CortexM0p\ARM_GCC_541\Debug\stdio_user.o
 .comment       0x0000006e       0x6f .\CortexM0p\ARM_GCC_541\Debug\cyfitter_cfg.o
 .comment       0x0000006e       0x6f .\CortexM0p\ARM_GCC_541\Debug\cymetadata.o
 .comment       0x0000006e       0x6f .\CortexM0p\ARM_GCC_541\Debug\UART.o
 .comment       0x0000006e       0x6f .\CortexM0p\ARM_GCC_541\Debug\cy_sysint.o
 .comment       0x0000006e       0x6f .\CortexM0p\ARM_GCC_541\Debug\cy_ipc_drv.o
 .comment       0x0000006e       0x6f .\CortexM0p\ARM_GCC_541\Debug\cy_ipc_sema.o
 .comment       0x0000006e       0x6f .\CortexM0p\ARM_GCC_541\Debug\cy_ipc_pipe.o
 .comment       0x0000006e       0x6f .\CortexM0p\ARM_GCC_541\Debug\cy_sysclk.o
 .comment       0x0000006e       0x6f .\CortexM0p\ARM_GCC_541\Debug\cy_scb_common.o
 .comment       0x0000006e       0x6f .\CortexM0p\ARM_GCC_541\Debug\cy_scb_uart.o
 .comment       0x0000006e       0x6f .\CortexM0p\ARM_GCC_541\Debug\cy_flash.o
 .comment       0x0000006e       0x6f .\CortexM0p\ARM_GCC_541\Debug\cy_gpio.o
 .comment       0x0000006e       0x6f .\CortexM0p\ARM_GCC_541\Debug\cy_syspm.o
 .comment       0x0000006e       0x6f .\CortexM0p\ARM_GCC_541\Debug\cy_syslib.o
 .comment       0x0000006e       0x6f .\CortexM0p\ARM_GCC_541\Debug\cy_systick.o
 .comment       0x0000006e       0x6f .\CortexM0p\ARM_GCC_541\Debug\retarget.o

.debug_line     0x00000000     0x53ba
 .debug_line    0x00000000       0xa4 .\CortexM0p\ARM_GCC_541\Debug\startup_psoc62_cm0plus.o
 .debug_line    0x000000a4      0x324 .\CortexM0p\ARM_GCC_541\Debug\main_cm0p.o
 .debug_line    0x000003c8      0x38f .\CortexM0p\ARM_GCC_541\Debug\system_psoc62_cm0plus.o
 .debug_line    0x00000757      0x284 .\CortexM0p\ARM_GCC_541\Debug\cy_ipc_config.o
 .debug_line    0x000009db      0x22e .\CortexM0p\ARM_GCC_541\Debug\stdio_user.o
 .debug_line    0x00000c09      0x41c .\CortexM0p\ARM_GCC_541\Debug\cyfitter_cfg.o
 .debug_line    0x00001025      0x141 .\CortexM0p\ARM_GCC_541\Debug\cymetadata.o
 .debug_line    0x00001166      0x1d7 .\CortexM0p\ARM_GCC_541\Debug\UART.o
 .debug_line    0x0000133d      0x342 .\CortexM0p\ARM_GCC_541\Debug\cy_sysint.o
 .debug_line    0x0000167f      0x275 .\CortexM0p\ARM_GCC_541\Debug\cy_ipc_drv.o
 .debug_line    0x000018f4      0x323 .\CortexM0p\ARM_GCC_541\Debug\cy_ipc_sema.o
 .debug_line    0x00001c17      0x51f .\CortexM0p\ARM_GCC_541\Debug\cy_ipc_pipe.o
 .debug_line    0x00002136      0x91d .\CortexM0p\ARM_GCC_541\Debug\cy_sysclk.o
 .debug_line    0x00002a53      0x417 .\CortexM0p\ARM_GCC_541\Debug\cy_scb_common.o
 .debug_line    0x00002e6a      0x9b8 .\CortexM0p\ARM_GCC_541\Debug\cy_scb_uart.o
 .debug_line    0x00003822      0x5e3 .\CortexM0p\ARM_GCC_541\Debug\cy_flash.o
 .debug_line    0x00003e05      0x409 .\CortexM0p\ARM_GCC_541\Debug\cy_gpio.o
 .debug_line    0x0000420e      0x7c4 .\CortexM0p\ARM_GCC_541\Debug\cy_syspm.o
 .debug_line    0x000049d2      0x42e .\CortexM0p\ARM_GCC_541\Debug\cy_syslib.o
 .debug_line    0x00004e00       0x89 .\CortexM0p\ARM_GCC_541\Debug\cy_syslib_gcc.o
 .debug_line    0x00004e89      0x313 .\CortexM0p\ARM_GCC_541\Debug\cy_systick.o
 .debug_line    0x0000519c      0x21e .\CortexM0p\ARM_GCC_541\Debug\retarget.o

.debug_info     0x00000000    0x1a064
 .debug_info    0x00000000       0x83 .\CortexM0p\ARM_GCC_541\Debug\startup_psoc62_cm0plus.o
 .debug_info    0x00000083      0xa6d .\CortexM0p\ARM_GCC_541\Debug\main_cm0p.o
 .debug_info    0x00000af0     0x1889 .\CortexM0p\ARM_GCC_541\Debug\system_psoc62_cm0plus.o
 .debug_info    0x00002379      0x5ac .\CortexM0p\ARM_GCC_541\Debug\cy_ipc_config.o
 .debug_info    0x00002925      0x856 .\CortexM0p\ARM_GCC_541\Debug\stdio_user.o
 .debug_info    0x0000317b     0x1fac .\CortexM0p\ARM_GCC_541\Debug\cyfitter_cfg.o
 .debug_info    0x00005127       0xac .\CortexM0p\ARM_GCC_541\Debug\cymetadata.o
 .debug_info    0x000051d3      0x99d .\CortexM0p\ARM_GCC_541\Debug\UART.o
 .debug_info    0x00005b70      0xf3f .\CortexM0p\ARM_GCC_541\Debug\cy_sysint.o
 .debug_info    0x00006aaf      0x45f .\CortexM0p\ARM_GCC_541\Debug\cy_ipc_drv.o
 .debug_info    0x00006f0e      0x7e3 .\CortexM0p\ARM_GCC_541\Debug\cy_ipc_sema.o
 .debug_info    0x000076f1     0x1526 .\CortexM0p\ARM_GCC_541\Debug\cy_ipc_pipe.o
 .debug_info    0x00008c17     0x252e .\CortexM0p\ARM_GCC_541\Debug\cy_sysclk.o
 .debug_info    0x0000b145      0xd63 .\CortexM0p\ARM_GCC_541\Debug\cy_scb_common.o
 .debug_info    0x0000bea8     0x2559 .\CortexM0p\ARM_GCC_541\Debug\cy_scb_uart.o
 .debug_info    0x0000e401     0x20fc .\CortexM0p\ARM_GCC_541\Debug\cy_flash.o
 .debug_info    0x000104fd     0x356a .\CortexM0p\ARM_GCC_541\Debug\cy_gpio.o
 .debug_info    0x00013a67     0x396c .\CortexM0p\ARM_GCC_541\Debug\cy_syspm.o
 .debug_info    0x000173d3     0x20d1 .\CortexM0p\ARM_GCC_541\Debug\cy_syslib.o
 .debug_info    0x000194a4       0xa4 .\CortexM0p\ARM_GCC_541\Debug\cy_syslib_gcc.o
 .debug_info    0x00019548      0x88e .\CortexM0p\ARM_GCC_541\Debug\cy_systick.o
 .debug_info    0x00019dd6      0x28e .\CortexM0p\ARM_GCC_541\Debug\retarget.o

.debug_abbrev   0x00000000     0x2ae1
 .debug_abbrev  0x00000000       0x14 .\CortexM0p\ARM_GCC_541\Debug\startup_psoc62_cm0plus.o
 .debug_abbrev  0x00000014      0x22a .\CortexM0p\ARM_GCC_541\Debug\main_cm0p.o
 .debug_abbrev  0x0000023e      0x1e8 .\CortexM0p\ARM_GCC_541\Debug\system_psoc62_cm0plus.o
 .debug_abbrev  0x00000426      0x14a .\CortexM0p\ARM_GCC_541\Debug\cy_ipc_config.o
 .debug_abbrev  0x00000570      0x1ac .\CortexM0p\ARM_GCC_541\Debug\stdio_user.o
 .debug_abbrev  0x0000071c      0x292 .\CortexM0p\ARM_GCC_541\Debug\cyfitter_cfg.o
 .debug_abbrev  0x000009ae       0x5d .\CortexM0p\ARM_GCC_541\Debug\cymetadata.o
 .debug_abbrev  0x00000a0b      0x179 .\CortexM0p\ARM_GCC_541\Debug\UART.o
 .debug_abbrev  0x00000b84      0x260 .\CortexM0p\ARM_GCC_541\Debug\cy_sysint.o
 .debug_abbrev  0x00000de4      0x166 .\CortexM0p\ARM_GCC_541\Debug\cy_ipc_drv.o
 .debug_abbrev  0x00000f4a      0x21c .\CortexM0p\ARM_GCC_541\Debug\cy_ipc_sema.o
 .debug_abbrev  0x00001166      0x2f1 .\CortexM0p\ARM_GCC_541\Debug\cy_ipc_pipe.o
 .debug_abbrev  0x00001457      0x37a .\CortexM0p\ARM_GCC_541\Debug\cy_sysclk.o
 .debug_abbrev  0x000017d1      0x254 .\CortexM0p\ARM_GCC_541\Debug\cy_scb_common.o
 .debug_abbrev  0x00001a25      0x303 .\CortexM0p\ARM_GCC_541\Debug\cy_scb_uart.o
 .debug_abbrev  0x00001d28      0x308 .\CortexM0p\ARM_GCC_541\Debug\cy_flash.o
 .debug_abbrev  0x00002030      0x1c6 .\CortexM0p\ARM_GCC_541\Debug\cy_gpio.o
 .debug_abbrev  0x000021f6      0x2fb .\CortexM0p\ARM_GCC_541\Debug\cy_syspm.o
 .debug_abbrev  0x000024f1      0x2d9 .\CortexM0p\ARM_GCC_541\Debug\cy_syslib.o
 .debug_abbrev  0x000027ca       0x14 .\CortexM0p\ARM_GCC_541\Debug\cy_syslib_gcc.o
 .debug_abbrev  0x000027de      0x20c .\CortexM0p\ARM_GCC_541\Debug\cy_systick.o
 .debug_abbrev  0x000029ea       0xf7 .\CortexM0p\ARM_GCC_541\Debug\retarget.o

.debug_aranges  0x00000000      0x748
 .debug_aranges
                0x00000000       0x20 .\CortexM0p\ARM_GCC_541\Debug\startup_psoc62_cm0plus.o
 .debug_aranges
                0x00000020       0x20 .\CortexM0p\ARM_GCC_541\Debug\main_cm0p.o
 .debug_aranges
                0x00000040       0x58 .\CortexM0p\ARM_GCC_541\Debug\system_psoc62_cm0plus.o
 .debug_aranges
                0x00000098       0x30 .\CortexM0p\ARM_GCC_541\Debug\cy_ipc_config.o
 .debug_aranges
                0x000000c8       0x28 .\CortexM0p\ARM_GCC_541\Debug\stdio_user.o
 .debug_aranges
                0x000000f0       0x30 .\CortexM0p\ARM_GCC_541\Debug\cyfitter_cfg.o
 .debug_aranges
                0x00000120       0x18 .\CortexM0p\ARM_GCC_541\Debug\cymetadata.o
 .debug_aranges
                0x00000138       0x20 .\CortexM0p\ARM_GCC_541\Debug\UART.o
 .debug_aranges
                0x00000158       0x40 .\CortexM0p\ARM_GCC_541\Debug\cy_sysint.o
 .debug_aranges
                0x00000198       0x30 .\CortexM0p\ARM_GCC_541\Debug\cy_ipc_drv.o
 .debug_aranges
                0x000001c8       0x40 .\CortexM0p\ARM_GCC_541\Debug\cy_ipc_sema.o
 .debug_aranges
                0x00000208       0x60 .\CortexM0p\ARM_GCC_541\Debug\cy_ipc_pipe.o
 .debug_aranges
                0x00000268       0xa8 .\CortexM0p\ARM_GCC_541\Debug\cy_sysclk.o
 .debug_aranges
                0x00000310       0x68 .\CortexM0p\ARM_GCC_541\Debug\cy_scb_common.o
 .debug_aranges
                0x00000378       0xc8 .\CortexM0p\ARM_GCC_541\Debug\cy_scb_uart.o
 .debug_aranges
                0x00000440       0xa8 .\CortexM0p\ARM_GCC_541\Debug\cy_flash.o
 .debug_aranges
                0x000004e8       0x38 .\CortexM0p\ARM_GCC_541\Debug\cy_gpio.o
 .debug_aranges
                0x00000520      0x108 .\CortexM0p\ARM_GCC_541\Debug\cy_syspm.o
 .debug_aranges
                0x00000628       0x80 .\CortexM0p\ARM_GCC_541\Debug\cy_syslib.o
 .debug_aranges
                0x000006a8       0x20 .\CortexM0p\ARM_GCC_541\Debug\cy_syslib_gcc.o
 .debug_aranges
                0x000006c8       0x58 .\CortexM0p\ARM_GCC_541\Debug\cy_systick.o
 .debug_aranges
                0x00000720       0x28 .\CortexM0p\ARM_GCC_541\Debug\retarget.o

.debug_loc      0x00000000     0x7076
 .debug_loc     0x00000000       0x13 .\CortexM0p\ARM_GCC_541\Debug\main_cm0p.o
 .debug_loc     0x00000013      0x342 .\CortexM0p\ARM_GCC_541\Debug\system_psoc62_cm0plus.o
 .debug_loc     0x00000355       0x1e .\CortexM0p\ARM_GCC_541\Debug\cy_ipc_config.o
 .debug_loc     0x00000373       0x87 .\CortexM0p\ARM_GCC_541\Debug\stdio_user.o
 .debug_loc     0x000003fa      0x22d .\CortexM0p\ARM_GCC_541\Debug\cyfitter_cfg.o
 .debug_loc     0x00000627       0x18 .\CortexM0p\ARM_GCC_541\Debug\UART.o
 .debug_loc     0x0000063f      0x583 .\CortexM0p\ARM_GCC_541\Debug\cy_sysint.o
 .debug_loc     0x00000bc2      0x303 .\CortexM0p\ARM_GCC_541\Debug\cy_ipc_drv.o
 .debug_loc     0x00000ec5      0x743 .\CortexM0p\ARM_GCC_541\Debug\cy_ipc_sema.o
 .debug_loc     0x00001608      0x77c .\CortexM0p\ARM_GCC_541\Debug\cy_ipc_pipe.o
 .debug_loc     0x00001d84     0x181e .\CortexM0p\ARM_GCC_541\Debug\cy_sysclk.o
 .debug_loc     0x000035a2      0x5d8 .\CortexM0p\ARM_GCC_541\Debug\cy_scb_common.o
 .debug_loc     0x00003b7a     0x1395 .\CortexM0p\ARM_GCC_541\Debug\cy_scb_uart.o
 .debug_loc     0x00004f0f      0xb51 .\CortexM0p\ARM_GCC_541\Debug\cy_flash.o
 .debug_loc     0x00005a60      0x758 .\CortexM0p\ARM_GCC_541\Debug\cy_gpio.o
 .debug_loc     0x000061b8      0x91a .\CortexM0p\ARM_GCC_541\Debug\cy_syspm.o
 .debug_loc     0x00006ad2      0x228 .\CortexM0p\ARM_GCC_541\Debug\cy_syslib.o
 .debug_loc     0x00006cfa      0x19a .\CortexM0p\ARM_GCC_541\Debug\cy_systick.o
 .debug_loc     0x00006e94      0x1e2 .\CortexM0p\ARM_GCC_541\Debug\retarget.o

.debug_ranges   0x00000000      0x6c8
 .debug_ranges  0x00000000       0x10 .\CortexM0p\ARM_GCC_541\Debug\main_cm0p.o
 .debug_ranges  0x00000010       0x60 .\CortexM0p\ARM_GCC_541\Debug\system_psoc62_cm0plus.o
 .debug_ranges  0x00000070       0x20 .\CortexM0p\ARM_GCC_541\Debug\cy_ipc_config.o
 .debug_ranges  0x00000090       0x18 .\CortexM0p\ARM_GCC_541\Debug\stdio_user.o
 .debug_ranges  0x000000a8       0x20 .\CortexM0p\ARM_GCC_541\Debug\cyfitter_cfg.o
 .debug_ranges  0x000000c8       0x10 .\CortexM0p\ARM_GCC_541\Debug\UART.o
 .debug_ranges  0x000000d8       0x30 .\CortexM0p\ARM_GCC_541\Debug\cy_sysint.o
 .debug_ranges  0x00000108       0x20 .\CortexM0p\ARM_GCC_541\Debug\cy_ipc_drv.o
 .debug_ranges  0x00000128       0x30 .\CortexM0p\ARM_GCC_541\Debug\cy_ipc_sema.o
 .debug_ranges  0x00000158       0x50 .\CortexM0p\ARM_GCC_541\Debug\cy_ipc_pipe.o
 .debug_ranges  0x000001a8      0x128 .\CortexM0p\ARM_GCC_541\Debug\cy_sysclk.o
 .debug_ranges  0x000002d0       0x88 .\CortexM0p\ARM_GCC_541\Debug\cy_scb_common.o
 .debug_ranges  0x00000358       0xd0 .\CortexM0p\ARM_GCC_541\Debug\cy_scb_uart.o
 .debug_ranges  0x00000428       0x98 .\CortexM0p\ARM_GCC_541\Debug\cy_flash.o
 .debug_ranges  0x000004c0       0x28 .\CortexM0p\ARM_GCC_541\Debug\cy_gpio.o
 .debug_ranges  0x000004e8      0x110 .\CortexM0p\ARM_GCC_541\Debug\cy_syspm.o
 .debug_ranges  0x000005f8       0x70 .\CortexM0p\ARM_GCC_541\Debug\cy_syslib.o
 .debug_ranges  0x00000668       0x48 .\CortexM0p\ARM_GCC_541\Debug\cy_systick.o
 .debug_ranges  0x000006b0       0x18 .\CortexM0p\ARM_GCC_541\Debug\retarget.o

.debug_str      0x00000000     0xe974
 .debug_str     0x00000000      0x632 .\CortexM0p\ARM_GCC_541\Debug\main_cm0p.o
                                0x68d (size before relaxing)
 .debug_str     0x00000632      0xe1f .\CortexM0p\ARM_GCC_541\Debug\system_psoc62_cm0plus.o
                               0x11d2 (size before relaxing)
 .debug_str     0x00001451      0x527 .\CortexM0p\ARM_GCC_541\Debug\cy_ipc_config.o
                                0x751 (size before relaxing)
 .debug_str     0x00001978      0x2e6 .\CortexM0p\ARM_GCC_541\Debug\stdio_user.o
                                0x64b (size before relaxing)
 .debug_str     0x00001c5e     0x1511 .\CortexM0p\ARM_GCC_541\Debug\cyfitter_cfg.o
                               0x1dcd (size before relaxing)
 .debug_str     0x0000316f       0x30 .\CortexM0p\ARM_GCC_541\Debug\cymetadata.o
                                0x194 (size before relaxing)
 .debug_str     0x0000319f      0x3d2 .\CortexM0p\ARM_GCC_541\Debug\UART.o
                                0x99c (size before relaxing)
 .debug_str     0x00003571     0x113c .\CortexM0p\ARM_GCC_541\Debug\cy_sysint.o
                               0x1859 (size before relaxing)
 .debug_str     0x000046ad      0x191 .\CortexM0p\ARM_GCC_541\Debug\cy_ipc_drv.o
                                0x37f (size before relaxing)
 .debug_str     0x0000483e      0x24d .\CortexM0p\ARM_GCC_541\Debug\cy_ipc_sema.o
                                0x5a5 (size before relaxing)
 .debug_str     0x00004a8b      0x460 .\CortexM0p\ARM_GCC_541\Debug\cy_ipc_pipe.o
                               0x1c02 (size before relaxing)
 .debug_str     0x00004eeb      0xb5b .\CortexM0p\ARM_GCC_541\Debug\cy_sysclk.o
                               0x1b84 (size before relaxing)
 .debug_str     0x00005a46      0x1be .\CortexM0p\ARM_GCC_541\Debug\cy_scb_common.o
                                0x6e8 (size before relaxing)
 .debug_str     0x00005c04      0x503 .\CortexM0p\ARM_GCC_541\Debug\cy_scb_uart.o
                               0x1106 (size before relaxing)
 .debug_str     0x00006107      0x760 .\CortexM0p\ARM_GCC_541\Debug\cy_flash.o
                               0x192a (size before relaxing)
 .debug_str     0x00006867     0x7015 .\CortexM0p\ARM_GCC_541\Debug\cy_gpio.o
                               0x72d1 (size before relaxing)
 .debug_str     0x0000d87c      0xc9e .\CortexM0p\ARM_GCC_541\Debug\cy_syspm.o
                               0x22ae (size before relaxing)
 .debug_str     0x0000e51a      0x237 .\CortexM0p\ARM_GCC_541\Debug\cy_syslib.o
                               0x16b8 (size before relaxing)
 .debug_str     0x0000e751      0x1e0 .\CortexM0p\ARM_GCC_541\Debug\cy_systick.o
                                0x762 (size before relaxing)
 .debug_str     0x0000e931       0x43 .\CortexM0p\ARM_GCC_541\Debug\retarget.o
                                0x2e5 (size before relaxing)

.debug_frame    0x00000000     0x224c
 .debug_frame   0x00000000       0x2c .\CortexM0p\ARM_GCC_541\Debug\main_cm0p.o
 .debug_frame   0x0000002c       0xe0 .\CortexM0p\ARM_GCC_541\Debug\system_psoc62_cm0plus.o
 .debug_frame   0x0000010c       0x64 .\CortexM0p\ARM_GCC_541\Debug\cy_ipc_config.o
 .debug_frame   0x00000170       0x3c .\CortexM0p\ARM_GCC_541\Debug\stdio_user.o
 .debug_frame   0x000001ac       0x64 .\CortexM0p\ARM_GCC_541\Debug\cyfitter_cfg.o
 .debug_frame   0x00000210       0x2c .\CortexM0p\ARM_GCC_541\Debug\UART.o
 .debug_frame   0x0000023c       0x94 .\CortexM0p\ARM_GCC_541\Debug\cy_sysint.o
 .debug_frame   0x000002d0       0x70 .\CortexM0p\ARM_GCC_541\Debug\cy_ipc_drv.o
 .debug_frame   0x00000340       0xa8 .\CortexM0p\ARM_GCC_541\Debug\cy_ipc_sema.o
 .debug_frame   0x000003e8      0x134 .\CortexM0p\ARM_GCC_541\Debug\cy_ipc_pipe.o
 .debug_frame   0x0000051c      0x264 .\CortexM0p\ARM_GCC_541\Debug\cy_sysclk.o
 .debug_frame   0x00000780      0x128 .\CortexM0p\ARM_GCC_541\Debug\cy_scb_common.o
 .debug_frame   0x000008a8      0x288 .\CortexM0p\ARM_GCC_541\Debug\cy_scb_uart.o
 .debug_frame   0x00000b30      0x1f8 .\CortexM0p\ARM_GCC_541\Debug\cy_flash.o
 .debug_frame   0x00000d28       0x90 .\CortexM0p\ARM_GCC_541\Debug\cy_gpio.o
 .debug_frame   0x00000db8      0x344 .\CortexM0p\ARM_GCC_541\Debug\cy_syspm.o