Archive member included to satisfy reference by file (symbol)

c:/program files (x86)/cypress/psoc creator/4.2/psoc creator/import/gnu/arm/5.4.1/bin/../lib/gcc/arm-none-eabi/5.4.1/armv6-m\libgcc.a(_udivsi3.o)
                              .\CortexM0p\ARM_GCC_541\Debug\system_psoc62_cm0plus.o (__aeabi_uidiv)
c:/program files (x86)/cypress/psoc creator/4.2/psoc creator/import/gnu/arm/5.4.1/bin/../lib/gcc/arm-none-eabi/5.4.1/armv6-m\libgcc.a(_divsi3.o)
                              .\CortexM0p\ARM_GCC_541\Debug\cy_sar.o (__aeabi_idiv)
c:/program files (x86)/cypress/psoc creator/4.2/psoc creator/import/gnu/arm/5.4.1/bin/../lib/gcc/arm-none-eabi/5.4.1/armv6-m\libgcc.a(_dvmd_tls.o)
                              c:/program files (x86)/cypress/psoc creator/4.2/psoc creator/import/gnu/arm/5.4.1/bin/../lib/gcc/arm-none-eabi/5.4.1/armv6-m\libgcc.a(_udivsi3.o) (__aeabi_idiv0)
c:/program files (x86)/cypress/psoc creator/4.2/psoc creator/import/gnu/arm/5.4.1/bin/../lib/gcc/arm-none-eabi/5.4.1/armv6-m\libgcc.a(_arm_cmpsf2.o)
                              .\CortexM0p\ARM_GCC_541\Debug\cy_sysclk.o (__aeabi_fcmplt)
c:/program files (x86)/cypress/psoc creator/4.2/psoc creator/import/gnu/arm/5.4.1/bin/../lib/gcc/arm-none-eabi/5.4.1/armv6-m\libgcc.a(_aeabi_ldivmod.o)
                              .\CortexM0p\ARM_GCC_541\Debug\cy_sar.o (__aeabi_ldivmod)
c:/program files (x86)/cypress/psoc creator/4.2/psoc creator/import/gnu/arm/5.4.1/bin/../lib/gcc/arm-none-eabi/5.4.1/armv6-m\libgcc.a(_aeabi_uldivmod.o)
                              .\CortexM0p\ARM_GCC_541\Debug\cy_sysclk.o (__aeabi_uldivmod)
c:/program files (x86)/cypress/psoc creator/4.2/psoc creator/import/gnu/arm/5.4.1/bin/../lib/gcc/arm-none-eabi/5.4.1/armv6-m\libgcc.a(_muldi3.o)
                              .\CortexM0p\ARM_GCC_541\Debug\cy_sysclk.o (__aeabi_lmul)
c:/program files (x86)/cypress/psoc creator/4.2/psoc creator/import/gnu/arm/5.4.1/bin/../lib/gcc/arm-none-eabi/5.4.1/armv6-m\libgcc.a(_fixunssfsi.o)
                              .\CortexM0p\ARM_GCC_541\Debug\cy_sysclk.o (__aeabi_f2uiz)
c:/program files (x86)/cypress/psoc creator/4.2/psoc creator/import/gnu/arm/5.4.1/bin/../lib/gcc/arm-none-eabi/5.4.1/armv6-m\libgcc.a(_fixunsdfsi.o)
                              .\CortexM0p\ARM_GCC_541\Debug\cy_sysclk.o (__aeabi_d2uiz)
c:/program files (x86)/cypress/psoc creator/4.2/psoc creator/import/gnu/arm/5.4.1/bin/../lib/gcc/arm-none-eabi/5.4.1/armv6-m\libgcc.a(_udivmoddi4.o)
                              c:/program files (x86)/cypress/psoc creator/4.2/psoc creator/import/gnu/arm/5.4.1/bin/../lib/gcc/arm-none-eabi/5.4.1/armv6-m\libgcc.a(_aeabi_uldivmod.o) (__udivmoddi4)
c:/program files (x86)/cypress/psoc creator/4.2/psoc creator/import/gnu/arm/5.4.1/bin/../lib/gcc/arm-none-eabi/5.4.1/armv6-m\libgcc.a(bpabi.o)
                              c:/program files (x86)/cypress/psoc creator/4.2/psoc creator/import/gnu/arm/5.4.1/bin/../lib/gcc/arm-none-eabi/5.4.1/armv6-m\libgcc.a(_aeabi_ldivmod.o) (__gnu_ldivmod_helper)
c:/program files (x86)/cypress/psoc creator/4.2/psoc creator/import/gnu/arm/5.4.1/bin/../lib/gcc/arm-none-eabi/5.4.1/armv6-m\libgcc.a(addsf3.o)
                              .\CortexM0p\ARM_GCC_541\Debug\cy_sysclk.o (__aeabi_fadd)
c:/program files (x86)/cypress/psoc creator/4.2/psoc creator/import/gnu/arm/5.4.1/bin/../lib/gcc/arm-none-eabi/5.4.1/armv6-m\libgcc.a(divsf3.o)
                              .\CortexM0p\ARM_GCC_541\Debug\cy_sysclk.o (__aeabi_fdiv)
c:/program files (x86)/cypress/psoc creator/4.2/psoc creator/import/gnu/arm/5.4.1/bin/../lib/gcc/arm-none-eabi/5.4.1/armv6-m\libgcc.a(eqsf2.o)
                              c:/program files (x86)/cypress/psoc creator/4.2/psoc creator/import/gnu/arm/5.4.1/bin/../lib/gcc/arm-none-eabi/5.4.1/armv6-m\libgcc.a(_arm_cmpsf2.o) (__eqsf2)
c:/program files (x86)/cypress/psoc creator/4.2/psoc creator/import/gnu/arm/5.4.1/bin/../lib/gcc/arm-none-eabi/5.4.1/armv6-m\libgcc.a(gesf2.o)
                              c:/program files (x86)/cypress/psoc creator/4.2/psoc creator/import/gnu/arm/5.4.1/bin/../lib/gcc/arm-none-eabi/5.4.1/armv6-m\libgcc.a(_arm_cmpsf2.o) (__gesf2)
c:/program files (x86)/cypress/psoc creator/4.2/psoc creator/import/gnu/arm/5.4.1/bin/../lib/gcc/arm-none-eabi/5.4.1/armv6-m\libgcc.a(lesf2.o)
                              c:/program files (x86)/cypress/psoc creator/4.2/psoc creator/import/gnu/arm/5.4.1/bin/../lib/gcc/arm-none-eabi/5.4.1/armv6-m\libgcc.a(_arm_cmpsf2.o) (__lesf2)
c:/program files (x86)/cypress/psoc creator/4.2/psoc creator/import/gnu/arm/5.4.1/bin/../lib/gcc/arm-none-eabi/5.4.1/armv6-m\libgcc.a(mulsf3.o)
                              .\CortexM0p\ARM_GCC_541\Debug\cy_sysclk.o (__aeabi_fmul)
c:/program files (x86)/cypress/psoc creator/4.2/psoc creator/import/gnu/arm/5.4.1/bin/../lib/gcc/arm-none-eabi/5.4.1/armv6-m\libgcc.a(subsf3.o)
                              .\CortexM0p\ARM_GCC_541\Debug\cy_sysclk.o (__aeabi_fsub)
[...]
Memory Configuration

Name             Origin             Length             Attributes
ram              0x08000000         0x00024000         xrw
flash            0x10000000         0x00080000         xr
em_eeprom        0x14000000         0x00008000         xr
sflash_user_data 0x16000800         0x00000800         xr
sflash_nar       0x16001a00         0x00000200         xr
sflash_public_key 0x16005a00         0x00000c00         xr
sflash_toc_2     0x16007c00         0x00000200         xr
sflash_rtoc_2    0x16007e00         0x00000200         xr
xip              0x18000000         0x08000000         xr
efuse            0x90700000         0x00100000         r
*default*        0x00000000         0xffffffff

Linker script and memory map

LOAD c:/program files (x86)/cypress/psoc creator/4.2/psoc creator/import/gnu/arm/5.4.1/bin/../lib/gcc/arm-none-eabi/5.4.1/armv6-m/crti.o
LOAD c:/program files (x86)/cypress/psoc creator/4.2/psoc creator/import/gnu/arm/5.4.1/bin/../lib/gcc/arm-none-eabi/5.4.1/armv6-m/crtbegin.o
LOAD c:/program files (x86)/cypress/psoc creator/4.2/psoc creator/import/gnu/arm/5.4.1/bin/../lib/gcc/arm-none-eabi/5.4.1/../../../../arm-none-eabi/lib/armv6-m/crt0.o
START GROUP
LOAD .\CortexM0p\ARM_GCC_541\Debug\startup_psoc62_cm0plus.o
LOAD .\CortexM0p\ARM_GCC_541\Debug\main_cm0p.o
LOAD .\CortexM0p\ARM_GCC_541\Debug\system_psoc62_cm0plus.o
LOAD .\CortexM0p\ARM_GCC_541\Debug\cy_ipc_config.o
LOAD .\CortexM0p\ARM_GCC_541\Debug\cyfitter_sysint_cfg.o
LOAD .\CortexM0p\ARM_GCC_541\Debug\cyfitter_cfg.o
LOAD .\CortexM0p\ARM_GCC_541\Debug\cymetadata.o
LOAD .\CortexM0p\ARM_GCC_541\Debug\ADC.o
LOAD .\CortexM0p\ARM_GCC_541\Debug\ADC_INT.o
LOAD .\CortexM0p\ARM_GCC_541\Debug\ADC_INIT.o
LOAD .\CortexM0p\ARM_GCC_541\Debug\ADC_PM.o
LOAD .\CortexM0p\ARM_GCC_541\Debug\cy_sysint.o
LOAD .\CortexM0p\ARM_GCC_541\Debug\cy_ipc_drv.o
LOAD .\CortexM0p\ARM_GCC_541\Debug\cy_ipc_sema.o
LOAD .\CortexM0p\ARM_GCC_541\Debug\cy_ipc_pipe.o
LOAD .\CortexM0p\ARM_GCC_541\Debug\cy_sysclk.o
LOAD .\CortexM0p\ARM_GCC_541\Debug\cy_wdt.o
LOAD .\CortexM0p\ARM_GCC_541\Debug\cy_efuse.o
LOAD .\CortexM0p\ARM_GCC_541\Debug\cy_flash.o
LOAD .\CortexM0p\ARM_GCC_541\Debug\cy_gpio.o
LOAD .\CortexM0p\ARM_GCC_541\Debug\cy_sar.o
LOAD .\CortexM0p\ARM_GCC_541\Debug\cy_sysanalog.o
LOAD .\CortexM0p\ARM_GCC_541\Debug\cy_syspm.o
LOAD .\CortexM0p\ARM_GCC_541\Debug\cy_syslib.o
LOAD .\CortexM0p\ARM_GCC_541\Debug\cy_syslib_gcc.o
LOAD .\CortexM0p\ARM_GCC_541\Debug\cy_trigmux.o
LOAD .\CortexM0p\ARM_GCC_541\Debug\cy_systick.o
LOAD .\CortexM0p\ARM_GCC_541\Debug\cy_profile.o
LOAD .\CortexM0p\ARM_GCC_541\Debug\cy_prot.o
LOAD .\CortexM0p\ARM_GCC_541\Debug\cy_lvd.o
END GROUP
START GROUP
LOAD c:/program files (x86)/cypress/psoc creator/4.2/psoc creator/import/gnu/arm/5.4.1/bin/../lib/gcc/arm-none-eabi/5.4.1/armv6-m\libgcc.a
LOAD c:/program files (x86)/cypress/psoc creator/4.2/psoc creator/import/gnu/arm/5.4.1/bin/../lib/gcc/arm-none-eabi/5.4.1/../../../../arm-none-eabi/lib/armv6-m\libg_nano.a
LOAD c:/program files (x86)/cypress/psoc creator/4.2/psoc creator/import/gnu/arm/5.4.1/bin/../lib/gcc/arm-none-eabi/5.4.1/../../../../arm-none-eabi/lib/armv6-m\libc_nano.a
END GROUP
START GROUP
LOAD c:/program files (x86)/cypress/psoc creator/4.2/psoc creator/import/gnu/arm/5.4.1/bin/../lib/gcc/arm-none-eabi/5.4.1/armv6-m\libgcc.a
LOAD c:/program files (x86)/cypress/psoc creator/4.2/psoc creator/import/gnu/arm/5.4.1/bin/../lib/gcc/arm-none-eabi/5.4.1/../../../../arm-none-eabi/lib/armv6-m\libc_nano.a
END GROUP
LOAD c:/program files (x86)/cypress/psoc creator/4.2/psoc creator/import/gnu/arm/5.4.1/bin/../lib/gcc/arm-none-eabi/5.4.1/armv6-m/crtend.o
LOAD c:/program files (x86)/cypress/psoc creator/4.2/psoc creator/import/gnu/arm/5.4.1/bin/../lib/gcc/arm-none-eabi/5.4.1/armv6-m/crtn.o
START GROUP
LOAD c:/program files (x86)/cypress/psoc creator/4.2/psoc creator/import/gnu/arm/5.4.1/bin/../lib/gcc/arm-none-eabi/5.4.1/armv6-m\libgcc.a
LOAD c:/program files (x86)/cypress/psoc creator/4.2/psoc creator/import/gnu/arm/5.4.1/bin/../lib/gcc/arm-none-eabi/5.4.1/../../../../arm-none-eabi/lib/armv6-m\libc.a
LOAD c:/program files (x86)/cypress/psoc creator/4.2/psoc creator/import/gnu/arm/5.4.1/bin/../lib/gcc/arm-none-eabi/5.4.1/../../../../arm-none-eabi/lib/armv6-m\libnosys.a
END GROUP
START GROUP
LOAD c:/program files (x86)/cypress/psoc creator/4.2/psoc creator/import/gnu/arm/5.4.1/bin/../lib/gcc/arm-none-eabi/5.4.1/armv6-m\libgcc.a
LOAD c:/program files (x86)/cypress/psoc creator/4.2/psoc creator/import/gnu/arm/5.4.1/bin/../lib/gcc/arm-none-eabi/5.4.1/../../../../arm-none-eabi/lib/armv6-m\libc.a
LOAD c:/program files (x86)/cypress/psoc creator/4.2/psoc creator/import/gnu/arm/5.4.1/bin/../lib/gcc/arm-none-eabi/5.4.1/../../../../arm-none-eabi/lib/armv6-m\libm.a
LOAD c:/program files (x86)/cypress/psoc creator/4.2/psoc creator/import/gnu/arm/5.4.1/bin/../lib/gcc/arm-none-eabi/5.4.1/../../../../arm-none-eabi/lib/armv6-m\libnosys.a
END GROUP

.cy_app_header
 *(.cy_app_header)

.text           0x10000000     0x2464
                0x10000000                . = ALIGN (0x4)
                0x10000000                __Vectors = .
 *(.vectors)
 .vectors       0x10000000       0xc0 .\CortexM0p\ARM_GCC_541\Debug\startup_psoc62_cm0plus.o
                0x100000c0                . = ALIGN (0x4)
                0x100000c0                __Vectors_End = .
                0x000000c0                __Vectors_Size = (__Vectors_End - __Vectors)
                0x100000c0                __end__ = .
                0x100000c0                . = ALIGN (0x4)
 *(.text*)
 .text          0x100000c0       0x60 c:/program files (x86)/cypress/psoc creator/4.2/psoc creator/import/gnu/arm/5.4.1/bin/../lib/gcc/arm-none-eabi/5.4.1/armv6-m/crtbegin.o
 .text          0x10000120       0x90 .\CortexM0p\ARM_GCC_541\Debug\startup_psoc62_cm0plus.o
                0x10000120                Cy_OnResetUser
                0x10000122                Cy_SaveIRQ
                0x1000012a                Cy_RestoreIRQ
                0x10000130                Reset_Handler
                0x10000190                SysTick_Handler
                0x10000190                PendSV_Handler
                0x10000190                NMI_Handler
                0x10000190                NvicMux19_IRQHandler
                0x10000190                NvicMux8_IRQHandler
                0x10000190                NvicMux27_IRQHandler
                0x10000190                NvicMux10_IRQHandler
                0x10000190                NvicMux17_IRQHandler
                0x10000190                NvicMux0_IRQHandler
                0x10000190                NvicMux25_IRQHandler
                0x10000190                NvicMux13_IRQHandler
                0x10000190                NvicMux11_IRQHandler
                0x10000190                NvicMux9_IRQHandler
                0x10000190                NvicMux21_IRQHandler
                0x10000190                NvicMux6_IRQHandler
                0x10000190                NvicMux22_IRQHandler
                0x10000190                NvicMux7_IRQHandler
                0x10000190                NvicMux26_IRQHandler
                0x10000190                NvicMux4_IRQHandler
                0x10000190                Default_Handler
                0x10000190                NvicMux30_IRQHandler
                0x10000190                NvicMux12_IRQHandler
                0x10000190                NvicMux5_IRQHandler
                0x10000190                NvicMux14_IRQHandler
                0x10000190                NvicMux3_IRQHandler
                0x10000190                SVC_Handler
                0x10000190                NvicMux16_IRQHandler
                0x10000190                NvicMux29_IRQHandler
                0x10000190                NvicMux31_IRQHandler
                0x10000190                NvicMux18_IRQHandler
                0x10000190                NvicMux24_IRQHandler
                0x10000190                NvicMux20_IRQHandler
                0x10000190                NvicMux2_IRQHandler
                0x10000190                NvicMux15_IRQHandler
                0x10000190                NvicMux28_IRQHandler
                0x10000190                NvicMux23_IRQHandler
                0x10000194                HardFault_Handler
 .text.main     0x100001b0       0x50 .\CortexM0p\ARM_GCC_541\Debug\main_cm0p.o
                0x100001b0                main
 .text.SystemCoreClockUpdate
                0x10000200      0x1a4 .\CortexM0p\ARM_GCC_541\Debug\system_psoc62_cm0plus.o
                0x10000200                SystemCoreClockUpdate
 .text.SystemInit
                0x100003a4       0xa4 .\CortexM0p\ARM_GCC_541\Debug\system_psoc62_cm0plus.o
                0x100003a4                SystemInit
 .text.Cy_SysGetCM4Status
                0x10000448       0x10 .\CortexM0p\ARM_GCC_541\Debug\system_psoc62_cm0plus.o
                0x10000448                Cy_SysGetCM4Status
 .text.Cy_SysResetCM4
                0x10000458       0x34 .\CortexM0p\ARM_GCC_541\Debug\system_psoc62_cm0plus.o
                0x10000458                Cy_SysResetCM4
 .text.Cy_SysEnableCM4
                0x1000048c       0x4c .\CortexM0p\ARM_GCC_541\Debug\system_psoc62_cm0plus.o
                0x1000048c                Cy_SysEnableCM4
 .text.NvicMux1_IRQHandler
                0x100004d8       0x10 .\CortexM0p\ARM_GCC_541\Debug\cy_ipc_config.o
                0x100004d8                NvicMux1_IRQHandler
 .text.Cy_IPC_SystemSemaInit
                0x100004e8       0x14 .\CortexM0p\ARM_GCC_541\Debug\cy_ipc_config.o
                0x100004e8                Cy_IPC_SystemSemaInit
 .text.Cy_IPC_SystemPipeInit
                0x100004fc       0x24 .\CortexM0p\ARM_GCC_541\Debug\cy_ipc_config.o
                0x100004fc                Cy_IPC_SystemPipeInit
 .text.CyClockStartupError
                0x10000520        0x4 .\CortexM0p\ARM_GCC_541\Debug\cyfitter_cfg.o
 .text.AnalogSetDefault
                0x10000524       0x3c .\CortexM0p\ARM_GCC_541\Debug\cyfitter_cfg.o
 .text.ClockInit
                0x10000560      0x190 .\CortexM0p\ARM_GCC_541\Debug\cyfitter_cfg.o
 .text.Cy_SystemInit
                0x100006f0       0xa0 .\CortexM0p\ARM_GCC_541\Debug\cyfitter_cfg.o
                0x100006f0                Cy_SystemInit
 .text.ADC_InitConfig
                0x10000790       0x5c .\CortexM0p\ARM_GCC_541\Debug\ADC.o
                0x10000790                ADC_InitConfig
 .text.ADC_Init
                0x100007ec       0x28 .\CortexM0p\ARM_GCC_541\Debug\ADC.o
                0x100007ec                ADC_Init
 .text.ADC_Start
                0x10000814       0x28 .\CortexM0p\ARM_GCC_541\Debug\ADC.o
                0x10000814                ADC_Start
 .text.Cy_SysInt_SetIntSource
                0x1000083c       0x88 .\CortexM0p\ARM_GCC_541\Debug\cy_sysint.o
                0x1000083c                Cy_SysInt_SetIntSource
 .text.Cy_SysInt_GetIntSource
                0x100008c4       0x78 .\CortexM0p\ARM_GCC_541\Debug\cy_sysint.o
                0x100008c4                Cy_SysInt_GetIntSource
 .text.Cy_SysInt_SetVector
                0x1000093c       0x44 .\CortexM0p\ARM_GCC_541\Debug\cy_sysint.o
                0x1000093c                Cy_SysInt_SetVector
 .text.Cy_SysInt_Init
                0x10000980       0xcc .\CortexM0p\ARM_GCC_541\Debug\cy_sysint.o
                0x10000980                Cy_SysInt_Init
 .text.Cy_IPC_Drv_LockRelease
                0x10000a4c       0x34 .\CortexM0p\ARM_GCC_541\Debug\cy_ipc_drv.o
                0x10000a4c                Cy_IPC_Drv_LockRelease
 .text.Cy_IPC_Drv_SendMsgWord
                0x10000a80       0x40 .\CortexM0p\ARM_GCC_541\Debug\cy_ipc_drv.o
                0x10000a80                Cy_IPC_Drv_SendMsgWord
 .text.Cy_IPC_Drv_ReadMsgWord
                0x10000ac0       0x2c .\CortexM0p\ARM_GCC_541\Debug\cy_ipc_drv.o
                0x10000ac0                Cy_IPC_Drv_ReadMsgWord
 .text.Cy_IPC_Sema_Init
                0x10000aec       0xb8 .\CortexM0p\ARM_GCC_541\Debug\cy_ipc_sema.o
                0x10000aec                Cy_IPC_Sema_Init
 .text.Cy_IPC_Sema_Clear
                0x10000ba4       0x8c .\CortexM0p\ARM_GCC_541\Debug\cy_ipc_sema.o
                0x10000ba4                Cy_IPC_Sema_Clear
 .text.Cy_IPC_Sema_Status
                0x10000c30       0x3c .\CortexM0p\ARM_GCC_541\Debug\cy_ipc_sema.o
                0x10000c30                Cy_IPC_Sema_Status
 .text.Cy_IPC_Pipe_Config
                0x10000c6c       0x14 .\CortexM0p\ARM_GCC_541\Debug\cy_ipc_pipe.o
                0x10000c6c                Cy_IPC_Pipe_Config
 .text.Cy_IPC_Pipe_EndpointInit
                0x10000c80       0xc0 .\CortexM0p\ARM_GCC_541\Debug\cy_ipc_pipe.o
                0x10000c80                Cy_IPC_Pipe_EndpointInit
 .text.Cy_IPC_Pipe_Init
                0x10000d40       0xcc .\CortexM0p\ARM_GCC_541\Debug\cy_ipc_pipe.o
                0x10000d40                Cy_IPC_Pipe_Init
 .text.Cy_IPC_Pipe_SendMessage
                0x10000e0c       0xc0 .\CortexM0p\ARM_GCC_541\Debug\cy_ipc_pipe.o
                0x10000e0c                Cy_IPC_Pipe_SendMessage
 .text.Cy_IPC_Pipe_RegisterCallback
                0x10000ecc       0x40 .\CortexM0p\ARM_GCC_541\Debug\cy_ipc_pipe.o
                0x10000ecc                Cy_IPC_Pipe_RegisterCallback
 .text.Cy_IPC_Pipe_ExecCallback
                0x10000f0c       0xc4 .\CortexM0p\ARM_GCC_541\Debug\cy_ipc_pipe.o
                0x10000f0c                Cy_IPC_Pipe_ExecCallback
 .text.Cy_SysClk_ClkPathSetSource
                0x10000fd0       0x50 .\CortexM0p\ARM_GCC_541\Debug\cy_sysclk.o
                0x10000fd0                Cy_SysClk_ClkPathSetSource
 .text.Cy_SysClk_FllManualConfigure
                0x10001020      0x174 .\CortexM0p\ARM_GCC_541\Debug\cy_sysclk.o
                0x10001020                Cy_SysClk_FllManualConfigure
 .text.Cy_SysClk_FllEnable
                0x10001194       0xcc .\CortexM0p\ARM_GCC_541\Debug\cy_sysclk.o
                0x10001194                Cy_SysClk_FllEnable
 .text.Cy_Flash_ProcessOpcode
                0x10001260       0xbc .\CortexM0p\ARM_GCC_541\Debug\cy_flash.o
 .text.Cy_Flash_OperationStatus
                0x1000131c       0x4c .\CortexM0p\ARM_GCC_541\Debug\cy_flash.o
 .text.Cy_Flash_Init
                0x10001368       0x14 .\CortexM0p\ARM_GCC_541\Debug\cy_flash.o
                0x10001368                Cy_Flash_Init
 .text.Cy_GPIO_Port_Init
                0x1000137c       0xb4 .\CortexM0p\ARM_GCC_541\Debug\cy_gpio.o
                0x1000137c                Cy_GPIO_Port_Init
 .text.Cy_SAR_Init
                0x10001430      0x21c .\CortexM0p\ARM_GCC_541\Debug\cy_sar.o
                0x10001430                Cy_SAR_Init
 .text.Cy_SAR_DeInit
                0x1000164c       0x80 .\CortexM0p\ARM_GCC_541\Debug\cy_sar.o
                0x1000164c                Cy_SAR_DeInit
 .text.Cy_SAR_Enable
                0x100016cc       0x24 .\CortexM0p\ARM_GCC_541\Debug\cy_sar.o
                0x100016cc                Cy_SAR_Enable
 .text.Cy_SAR_StartConvert
                0x100016f0       0x30 .\CortexM0p\ARM_GCC_541\Debug\cy_sar.o
                0x100016f0                Cy_SAR_StartConvert
 .text.Cy_SAR_IsChannelSingleEnded
                0x10001720       0x3c .\CortexM0p\ARM_GCC_541\Debug\cy_sar.o
                0x10001720                Cy_SAR_IsChannelSingleEnded
 .text.Cy_SAR_IsChannelSigned
                0x1000175c       0x50 .\CortexM0p\ARM_GCC_541\Debug\cy_sar.o
                0x1000175c                Cy_SAR_IsChannelSigned
 .text.Cy_SAR_GetResult16
                0x100017ac       0x30 .\CortexM0p\ARM_GCC_541\Debug\cy_sar.o
                0x100017ac                Cy_SAR_GetResult16
 .text.Cy_SAR_RawCounts2Counts
                0x100017dc       0x84 .\CortexM0p\ARM_GCC_541\Debug\cy_sar.o
                0x100017dc                Cy_SAR_RawCounts2Counts
 .text.Cy_SAR_CountsTo_mVolts
                0x10001860       0x74 .\CortexM0p\ARM_GCC_541\Debug\cy_sar.o
                0x10001860                Cy_SAR_CountsTo_mVolts
 .text.SetVoltageBitForFlash
                0x100018d4       0x14 .\CortexM0p\ARM_GCC_541\Debug\cy_syspm.o
 .text.ClearVoltageBitForFlash
                0x100018e8       0x14 .\CortexM0p\ARM_GCC_541\Debug\cy_syspm.o
 .text.SetReadMarginTrimUlp
                0x100018fc       0x28 .\CortexM0p\ARM_GCC_541\Debug\cy_syspm.o
 .text.SetReadMarginTrimLp
                0x10001924       0x28 .\CortexM0p\ARM_GCC_541\Debug\cy_syspm.o
 .text.SetWriteAssistTrimUlp
                0x1000194c       0x20 .\CortexM0p\ARM_GCC_541\Debug\cy_syspm.o
 .text.SetWriteAssistTrimLp
                0x1000196c       0x20 .\CortexM0p\ARM_GCC_541\Debug\cy_syspm.o
 .text.Cy_SysPm_LdoSetVoltage
                0x1000198c       0xc8 .\CortexM0p\ARM_GCC_541\Debug\cy_syspm.o
                0x1000198c                Cy_SysPm_LdoSetVoltage
 .text.Cy_SysLib_Delay
                0x10001a54       0x34 .\CortexM0p\ARM_GCC_541\Debug\cy_syslib.o
                0x10001a54                Cy_SysLib_Delay
 .text.Cy_SysLib_DelayUs
                0x10001a88       0x14 .\CortexM0p\ARM_GCC_541\Debug\cy_syslib.o
                0x10001a88                Cy_SysLib_DelayUs
 .text.Cy_SysLib_Halt
                0x10001a9c        0x4 .\CortexM0p\ARM_GCC_541\Debug\cy_syslib.o
                0x10001a9c                Cy_SysLib_Halt
 .text.Cy_SysLib_AssertFailed
                0x10001aa0       0x1c .\CortexM0p\ARM_GCC_541\Debug\cy_syslib.o
                0x10001aa0                Cy_SysLib_AssertFailed
 .text.Cy_SysLib_ResetBackupDomain
                0x10001abc       0x20 .\CortexM0p\ARM_GCC_541\Debug\cy_syslib.o
                0x10001abc                Cy_SysLib_ResetBackupDomain
 .text.Cy_SysLib_GetResetReason
                0x10001adc       0x1c .\CortexM0p\ARM_GCC_541\Debug\cy_syslib.o
                0x10001adc                Cy_SysLib_GetResetReason
 .text.Cy_SysLib_ProcessingFault
                0x10001af8        0x4 .\CortexM0p\ARM_GCC_541\Debug\cy_syslib.o
                0x10001af8                Cy_SysLib_ProcessingFault
 .text.Cy_SysLib_FaultHandler
                0x10001afc       0x30 .\CortexM0p\ARM_GCC_541\Debug\cy_syslib.o
                0x10001afc                Cy_SysLib_FaultHandler
 .text.Cy_SysLib_SetWaitStates
                0x10001b2c       0x90 .\CortexM0p\ARM_GCC_541\Debug\cy_syslib.o
                0x10001b2c                Cy_SysLib_SetWaitStates
 *fill*         0x10001bbc        0x4 
 .text          0x10001bc0       0x20 .\CortexM0p\ARM_GCC_541\Debug\cy_syslib_gcc.o
                0x10001bc0                Cy_SysLib_DelayCycles
                0x10001bd2                Cy_SysLib_EnterCriticalSection
                0x10001bda                Cy_SysLib_ExitCriticalSection
 .text.Cy_SysTick_SetClockSource
                0x10001be0       0x34 .\CortexM0p\ARM_GCC_541\Debug\cy_systick.o
                0x10001be0                Cy_SysTick_SetClockSource
 .text          0x10001c14      0x114 c:/program files (x86)/cypress/psoc creator/4.2/psoc creator/import/gnu/arm/5.4.1/bin/../lib/gcc/arm-none-eabi/5.4.1/armv6-m\libgcc.a(_udivsi3.o)
                0x10001c14                __aeabi_uidiv
                0x10001c14                __udivsi3
                0x10001d20                __aeabi_uidivmod
 .text          0x10001d28      0x1d4 c:/program files (x86)/cypress/psoc creator/4.2/psoc creator/import/gnu/arm/5.4.1/bin/../lib/gcc/arm-none-eabi/5.4.1/armv6-m\libgcc.a(_divsi3.o)
                0x10001d28                __divsi3
                0x10001d28                __aeabi_idiv
                0x10001ef4                __aeabi_idivmod
 .text          0x10001efc        0x4 c:/program files (x86)/cypress/psoc creator/4.2/psoc creator/import/gnu/arm/5.4.1/bin/../lib/gcc/arm-none-eabi/5.4.1/armv6-m\libgcc.a(_dvmd_tls.o)
                0x10001efc                __aeabi_idiv0
                0x10001efc                __aeabi_ldiv0
 .text          0x10001f00       0x44 c:/program files (x86)/cypress/psoc creator/4.2/psoc creator/import/gnu/arm/5.4.1/bin/../lib/gcc/arm-none-eabi/5.4.1/armv6-m\libgcc.a(fixsfsi.o)
                0x10001f00                __aeabi_f2iz
 .text          0x10001f44       0x90 c:/program files (x86)/cypress/psoc creator/4.2/psoc creator/import/gnu/arm/5.4.1/bin/../lib/gcc/arm-none-eabi/5.4.1/armv6-m\libgcc.a(floatsisf.o)
                0x10001f44                __aeabi_i2f
 .text          0x10001fd4       0x3c c:/program files (x86)/cypress/psoc creator/4.2/psoc creator/import/gnu/arm/5.4.1/bin/../lib/gcc/arm-none-eabi/5.4.1/armv6-m\libgcc.a(_clzsi2.o)
                0x10001fd4                __clzsi2
 .text.memset   0x10002010       0x10 c:/program files (x86)/cypress/psoc creator/4.2/psoc creator/import/gnu/arm/5.4.1/bin/../lib/gcc/arm-none-eabi/5.4.1/../../../../arm-none-eabi/lib/armv6-m\libg_nano.a(lib_a-memset.o)
                0x10002010                memset
 .text.strncpy  0x10002020       0x26 c:/program files (x86)/cypress/psoc creator/4.2/psoc creator/import/gnu/arm/5.4.1/bin/../lib/gcc/arm-none-eabi/5.4.1/../../../../arm-none-eabi/lib/armv6-m\libg_nano.a(lib_a-strncpy.o)
                0x10002020                strncpy
 *(.init)
 *fill*         0x10002046        0x2 
 .init          0x10002048        0x4 c:/program files (x86)/cypress/psoc creator/4.2/psoc creator/import/gnu/arm/5.4.1/bin/../lib/gcc/arm-none-eabi/5.4.1/armv6-m/crti.o
                0x10002048                _init
 .init          0x1000204c        0x8 c:/program files (x86)/cypress/psoc creator/4.2/psoc creator/import/gnu/arm/5.4.1/bin/../lib/gcc/arm-none-eabi/5.4.1/armv6-m/crtn.o
 *(.fini)
 .fini          0x10002054        0x4 c:/program files (x86)/cypress/psoc creator/4.2/psoc creator/import/gnu/arm/5.4.1/bin/../lib/gcc/arm-none-eabi/5.4.1/armv6-m/crti.o
                0x10002054                _fini
 .fini          0x10002058        0x8 c:/program files (x86)/cypress/psoc creator/4.2/psoc creator/import/gnu/arm/5.4.1/bin/../lib/gcc/arm-none-eabi/5.4.1/armv6-m/crtn.o
 *crtbegin.o(.ctors)
 *crtbegin?.o(.ctors)
 *(EXCLUDE_FILE(*crtend.o *crtend?.o) .ctors)
 *(SORT(.ctors.*))
 *(.ctors)
 *crtbegin.o(.dtors)
 *crtbegin?.o(.dtors)
 *(EXCLUDE_FILE(*crtend.o *crtend?.o) .dtors)
 *(SORT(.dtors.*))
 *(.dtors)
 *(.rodata .rodata.* .constdata .constdata.* .conststring .conststring.*)
 .rodata        0x10002060       0x34 .\CortexM0p\ARM_GCC_541\Debug\cy_ipc_config.o
 .rodata        0x10002094       0x38 .\CortexM0p\ARM_GCC_541\Debug\cyfitter_cfg.o
 .rodata        0x100020cc       0x8c .\CortexM0p\ARM_GCC_541\Debug\ADC_INIT.o
                0x100020cc                ADC_allConfigs
 .rodata        0x10002158       0x40 .\CortexM0p\ARM_GCC_541\Debug\cy_sysint.o
 .rodata.str1.4
                0x10002198       0x41 .\CortexM0p\ARM_GCC_541\Debug\cy_sysint.o
 *fill*         0x100021d9        0x3 
 .rodata.str1.4
                0x100021dc       0x7f .\CortexM0p\ARM_GCC_541\Debug\cy_ipc_drv.o
 *fill*         0x1000225b        0x1 
 .rodata.str1.4
                0x1000225c       0x3f .\CortexM0p\ARM_GCC_541\Debug\cy_ipc_sema.o
 *fill*         0x1000229b        0x1 
 .rodata.str1.4
                0x1000229c       0x40 .\CortexM0p\ARM_GCC_541\Debug\cy_ipc_pipe.o
                                 0x7f (size before relaxing)
 .rodata.str1.4
                0x100022dc       0x85 .\CortexM0p\ARM_GCC_541\Debug\cy_sysclk.o
 *fill*         0x10002361        0x3 
 .rodata.str1.4
                0x10002364       0x7d .\CortexM0p\ARM_GCC_541\Debug\cy_gpio.o
 *fill*         0x100023e1        0x3 
 .rodata.str1.4
                0x100023e4       0x3b .\CortexM0p\ARM_GCC_541\Debug\cy_sar.o
 *fill*         0x1000241f        0x1 
 .rodata.str1.4
                0x10002420       0x40 .\CortexM0p\ARM_GCC_541\Debug\cy_syspm.o
                                 0x3f (size before relaxing)
 *(.eh_frame*)
 .eh_frame      0x10002460        0x0 c:/program files (x86)/cypress/psoc creator/4.2/psoc creator/import/gnu/arm/5.4.1/bin/../lib/gcc/arm-none-eabi/5.4.1/armv6-m/crtbegin.o
 .eh_frame      0x10002460        0x4 c:/program files (x86)/cypress/psoc creator/4.2/psoc creator/import/gnu/arm/5.4.1/bin/../lib/gcc/arm-none-eabi/5.4.1/armv6-m/crtend.o

.glue_7         0x10002464        0x0
 .glue_7        0x10002464        0x0 linker stubs

.glue_7t        0x10002464        0x0
 .glue_7t       0x10002464        0x0 linker stubs

.vfp11_veneer   0x10002464        0x0
 .vfp11_veneer  0x10002464        0x0 linker stubs

.v4_bx          0x10002464        0x0
 .v4_bx         0x10002464        0x0 linker stubs

.iplt           0x10002464        0x0
 .iplt          0x10002464        0x0 c:/program files (x86)/cypress/psoc creator/4.2/psoc creator/import/gnu/arm/5.4.1/bin/../lib/gcc/arm-none-eabi/5.4.1/armv6-m/crtbegin.o

.ARM.extab
 *(.ARM.extab* .gnu.linkonce.armextab.*)
                0x10002464                __exidx_start = .

.ARM.exidx
 *(.ARM.exidx* .gnu.linkonce.armexidx.*)
                0x10002464                __exidx_end = .

.copy.table     0x10002464       0x18
                0x10002464                . = ALIGN (0x4)
                0x10002464                __copy_table_start__ = .
                0x10002464        0x4 LONG 0x10000000 __Vectors
                0x10002468        0x4 LONG 0x8000000 __ram_vectors_start__
                0x1000246c        0x4 LONG 0xc0 (__Vectors_End - __Vectors)
                0x10002470        0x4 LONG 0x10002484 __etext
                0x10002474        0x4 LONG 0x80000c0 __data_start__
                0x10002478        0x4 LONG 0x350 (__data_end__ - __data_start__)
                0x1000247c                __copy_table_end__ = .

.zero.table     0x1000247c        0x8
                0x1000247c                . = ALIGN (0x4)
                0x1000247c                __zero_table_start__ = .
                0x1000247c        0x4 LONG 0x800044c __bss_start__
                0x10002480        0x4 LONG 0x234 (__bss_end__ - __bss_start__)
                0x10002484                __zero_table_end__ = .
                0x10002484                __etext = .

.ramVectors     0x08000000       0xc0
                0x08000000                __ram_vectors_start__ = .
 *(.ram_vectors)
 .ram_vectors   0x08000000       0xc0 .\CortexM0p\ARM_GCC_541\Debug\startup_psoc62_cm0plus.o
                0x08000000                __ramVectors
                0x080000c0                __ram_vectors_end__ = .

.data           0x080000c0      0x350 load address 0x10002484
                0x080000c0                __data_start__ = .
 *(vtable)
 *(.data*)
 .data          0x080000c0       0x1c .\CortexM0p\ARM_GCC_541\Debug\system_psoc62_cm0plus.o
                0x080000c0                cy_Hfclk0FreqHz
                0x080000c4                cy_PeriClkFreqHz
                0x080000c8                SystemCoreClock
                0x080000cc                cy_delayFreqHz
                0x080000d0                cy_delayFreqMhz
                0x080000d4                cy_delayFreqKhz
                0x080000d8                cy_delay32kMs
 .data          0x080000dc        0x4 .\CortexM0p\ARM_GCC_541\Debug\cy_flash.o
                0x080000e0                . = ALIGN (0x4)
                0x080000e0                PROVIDE (__preinit_array_start, .)
 *(.preinit_array)
                0x080000e0                PROVIDE (__preinit_array_end, .)
                0x080000e0                . = ALIGN (0x4)
                0x080000e0                PROVIDE (__init_array_start, .)
 *(SORT(.init_array.*))
 *(.init_array)
 .init_array    0x080000e0        0x4 c:/program files (x86)/cypress/psoc creator/4.2/psoc creator/import/gnu/arm/5.4.1/bin/../lib/gcc/arm-none-eabi/5.4.1/armv6-m/crtbegin.o
                0x080000e4                PROVIDE (__init_array_end, .)
                0x080000e4                . = ALIGN (0x4)
                [!provide]                PROVIDE (__fini_array_start, .)
 *(SORT(.fini_array.*))
 *(.fini_array)
 .fini_array    0x080000e4        0x4 c:/program files (x86)/cypress/psoc creator/4.2/psoc creator/import/gnu/arm/5.4.1/bin/../lib/gcc/arm-none-eabi/5.4.1/armv6-m/crtbegin.o
                [!provide]                PROVIDE (__fini_array_end, .)
 *(.jcr*)
 .jcr           0x080000e8        0x0 c:/program files (x86)/cypress/psoc creator/4.2/psoc creator/import/gnu/arm/5.4.1/bin/../lib/gcc/arm-none-eabi/5.4.1/armv6-m/crtbegin.o
 .jcr           0x080000e8        0x4 c:/program files (x86)/cypress/psoc creator/4.2/psoc creator/import/gnu/arm/5.4.1/bin/../lib/gcc/arm-none-eabi/5.4.1/armv6-m/crtend.o
                0x080000ec                . = ALIGN (0x4)
 *(.cy_ramfunc*)
 .cy_ramfunc    0x080000ec      0x150 .\CortexM0p\ARM_GCC_541\Debug\cy_flash.o
 .cy_ramfunc    0x0800023c      0x154 .\CortexM0p\ARM_GCC_541\Debug\cy_syspm.o
 .cy_ramfunc.__stub
                0x08000390       0x80 linker stubs
                0x08000410                . = ALIGN (0x4)
                0x08000410                __data_end__ = .

.igot.plt       0x08000410        0x0 load address 0x100027d4
 .igot.plt      0x08000410        0x0 c:/program files (x86)/cypress/psoc creator/4.2/psoc creator/import/gnu/arm/5.4.1/bin/../lib/gcc/arm-none-eabi/5.4.1/armv6-m/crtbegin.o

.noinit         0x08000410       0x3c load address 0x100027d8
 *(.noinit)
 .noinit        0x08000410       0x3c .\CortexM0p\ARM_GCC_541\Debug\cy_syslib.o
                0x08000410                cy_assertFileName
                0x08000428                cy_assertLine
                0x0800042c                cy_faultFrame

.bss            0x0800044c      0x234 load address 0x10002814
                0x0800044c                . = ALIGN (0x4)
                0x0800044c                __bss_start__ = .
 *(.bss*)
 .bss           0x0800044c       0x1c c:/program files (x86)/cypress/psoc creator/4.2/psoc creator/import/gnu/arm/5.4.1/bin/../lib/gcc/arm-none-eabi/5.4.1/armv6-m/crtbegin.o
 .bss           0x08000468      0x190 .\CortexM0p\ARM_GCC_541\Debug\cy_ipc_config.o
 .bss           0x080005f8        0x6 .\CortexM0p\ARM_GCC_541\Debug\ADC.o
                0x080005f8                ADC_currentConfig
                0x080005fc                ADC_initVar
                0x080005fd                ADC_selected
 *fill*         0x080005fe        0x2 
 .bss           0x08000600        0xc .\CortexM0p\ARM_GCC_541\Debug\cy_ipc_sema.o
 .bss           0x0800060c        0x4 .\CortexM0p\ARM_GCC_541\Debug\cy_ipc_pipe.o
 .bss           0x08000610       0x10 .\CortexM0p\ARM_GCC_541\Debug\cy_flash.o
 *(COMMON)
 COMMON         0x08000620       0x60 .\CortexM0p\ARM_GCC_541\Debug\cy_sar.o
                0x08000620                Cy_SAR_offset
                0x08000640                Cy_SAR_countsPer10Volt
                0x08000680                . = ALIGN (0x4)
                0x08000680                __bss_end__ = .

.heap           0x08000680      0x400
                0x08000680                __HeapBase = .
                0x08000680                __end__ = .
                0x08000680                end = __end__
 *(.heap*)
 .heap          0x08000680      0x400 .\CortexM0p\ARM_GCC_541\Debug\startup_psoc62_cm0plus.o
                0x08000a80                __HeapLimit = .

.stack_dummy    0x08000680     0x1000
 *(.stack*)
 .stack         0x08000680     0x1000 .\CortexM0p\ARM_GCC_541\Debug\startup_psoc62_cm0plus.o
                0x08024000                __StackTop = (ORIGIN (ram) + LENGTH (ram))
                0x08023000                __StackLimit = (__StackTop - SIZEOF (.stack_dummy))
                0x08024000                PROVIDE (__stack, __StackTop)
                0x00000001                ASSERT ((__StackLimit >= __HeapLimit), region RAM overflowed with stack)

.cy_em_eeprom
 *(.cy_em_eeprom)

.cy_sflash_user_data
 *(.cy_sflash_user_data)

.cy_sflash_nar
 *(.cy_sflash_nar)

.cy_sflash_public_key
 *(.cy_sflash_public_key)

.cy_toc_part2
 *(.cy_toc_part2)

.cy_rtoc_part2
 *(.cy_rtoc_part2)

.cy_xip
 *(.cy_xip)

.cy_efuse
 *(.cy_efuse)

.cymeta         0x90500000        0xc
 *(.cymeta)
 .cymeta        0x90500000        0xc .\CortexM0p\ARM_GCC_541\Debug\cymetadata.o
                0x90500000                cy_metadata
                0x10000000                __cy_memory_0_start = 0x10000000
                0x00100000                __cy_memory_0_length = 0x100000
                0x00000200                __cy_memory_0_row_size = 0x200
                0x14000000                __cy_memory_1_start = 0x14000000
                0x00008000                __cy_memory_1_length = 0x8000
                0x00000200                __cy_memory_1_row_size = 0x200
                0x16000000                __cy_memory_2_start = 0x16000000
                0x00008000                __cy_memory_2_length = 0x8000
                0x00000200                __cy_memory_2_row_size = 0x200
                0x18000000                __cy_memory_3_start = 0x18000000
                0x08000000                __cy_memory_3_length = 0x8000000
                0x00000200                __cy_memory_3_row_size = 0x200
                0x90700000                __cy_memory_4_start = 0x90700000
                0x00100000                __cy_memory_4_length = 0x100000
                0x00000001                __cy_memory_4_row_size = 0x1
OUTPUT(D:\Documents\PSoC Creator\Workspace02\Analog.cydsn\CortexM0p\ARM_GCC_541\Debug\Analog_link.elf elf32-littlearm)

.rel.dyn        0x08000680        0x0 load address 0x985023d4
 .rel.iplt      0x08000680        0x0 c:/program files (x86)/cypress/psoc creator/4.2/psoc creator/import/gnu/arm/5.4.1/bin/../lib/gcc/arm-none-eabi/5.4.1/armv6-m/crtbegin.o

.ARM.attributes
                0x00000000       0x28
 .ARM.attributes
                0x00000000       0x1e c:/program files (x86)/cypress/psoc creator/4.2/psoc creator/import/gnu/arm/5.4.1/bin/../lib/gcc/arm-none-eabi/5.4.1/armv6-m/crti.o
 .ARM.attributes
                0x0000001e       0x2c c:/program files (x86)/cypress/psoc creator/4.2/psoc creator/import/gnu/arm/5.4.1/bin/../lib/gcc/arm-none-eabi/5.4.1/armv6-m/crtbegin.o
 .ARM.attributes
                0x0000004a       0x1b .\CortexM0p\ARM_GCC_541\Debug\startup_psoc62_cm0plus.o
 .ARM.attributes
                0x00000065       0x32 .\CortexM0p\ARM_GCC_541\Debug\main_cm0p.o
 .ARM.attributes
                0x00000097       0x32 .\CortexM0p\ARM_GCC_541\Debug\system_psoc62_cm0plus.o
 .ARM.attributes
                0x000000c9       0x32 .\CortexM0p\ARM_GCC_541\Debug\cy_ipc_config.o
 .ARM.attributes
                0x000000fb       0x32 .\CortexM0p\ARM_GCC_541\Debug\cyfitter_cfg.o
 .ARM.attributes
                0x0000012d       0x32 .\CortexM0p\ARM_GCC_541\Debug\cymetadata.o
 .ARM.attributes
                0x0000015f       0x32 .\CortexM0p\ARM_GCC_541\Debug\ADC.o
 .ARM.attributes
                0x00000191       0x32 .\CortexM0p\ARM_GCC_541\Debug\ADC_INIT.o
 .ARM.attributes
                0x000001c3       0x32 .\CortexM0p\ARM_GCC_541\Debug\cy_sysint.o
 .ARM.attributes
                0x000001f5       0x32 .\CortexM0p\ARM_GCC_541\Debug\cy_ipc_drv.o
 .ARM.attributes
                0x00000227       0x32 .\CortexM0p\ARM_GCC_541\Debug\cy_ipc_sema.o
 .ARM.attributes
                0x00000259       0x32 .\CortexM0p\ARM_GCC_541\Debug\cy_ipc_pipe.o
 .ARM.attributes
                0x0000028b       0x32 .\CortexM0p\ARM_GCC_541\Debug\cy_sysclk.o
 .ARM.attributes
                0x000002bd       0x32 .\CortexM0p\ARM_GCC_541\Debug\cy_flash.o
 .ARM.attributes
                0x000002ef       0x32 .\CortexM0p\ARM_GCC_541\Debug\cy_gpio.o
 .ARM.attributes
                0x00000321       0x32 .\CortexM0p\ARM_GCC_541\Debug\cy_sar.o
 .ARM.attributes
                0x00000353       0x32 .\CortexM0p\ARM_GCC_541\Debug\cy_syspm.o
 .ARM.attributes
                0x00000385       0x32 .\CortexM0p\ARM_GCC_541\Debug\cy_syslib.o
 .ARM.attributes
                0x000003b7       0x22 .\CortexM0p\ARM_GCC_541\Debug\cy_syslib_gcc.o
 .ARM.attributes
                0x000003d9       0x32 .\CortexM0p\ARM_GCC_541\Debug\cy_systick.o
 .ARM.attributes
                0x0000040b       0x1e c:/program files (x86)/cypress/psoc creator/4.2/psoc creator/import/gnu/arm/5.4.1/bin/../lib/gcc/arm-none-eabi/5.4.1/armv6-m\libgcc.a(_udivsi3.o)
 .ARM.attributes
                0x00000429       0x1e c:/program files (x86)/cypress/psoc creator/4.2/psoc creator/import/gnu/arm/5.4.1/bin/../lib/gcc/arm-none-eabi/5.4.1/armv6-m\libgcc.a(_divsi3.o)
 .ARM.attributes
                0x00000447       0x1e c:/program files (x86)/cypress/psoc creator/4.2/psoc creator/import/gnu/arm/5.4.1/bin/../lib/gcc/arm-none-eabi/5.4.1/armv6-m\libgcc.a(_dvmd_tls.o)
 .ARM.attributes
                0x00000465       0x2c c:/program files (x86)/cypress/psoc creator/4.2/psoc creator/import/gnu/arm/5.4.1/bin/../lib/gcc/arm-none-eabi/5.4.1/armv6-m\libgcc.a(fixsfsi.o)
 .ARM.attributes
                0x00000491       0x2c c:/program files (x86)/cypress/psoc creator/4.2/psoc creator/import/gnu/arm/5.4.1/bin/../lib/gcc/arm-none-eabi/5.4.1/armv6-m\libgcc.a(floatsisf.o)
 .ARM.attributes
                0x000004bd       0x1e c:/program files (x86)/cypress/psoc creator/4.2/psoc creator/import/gnu/arm/5.4.1/bin/../lib/gcc/arm-none-eabi/5.4.1/armv6-m\libgcc.a(_clzsi2.o)
 .ARM.attributes
                0x000004db       0x2c c:/program files (x86)/cypress/psoc creator/4.2/psoc creator/import/gnu/arm/5.4.1/bin/../lib/gcc/arm-none-eabi/5.4.1/../../../../arm-none-eabi/lib/armv6-m\libg_nano.a(lib_a-memset.o)
 .ARM.attributes
                0x00000507       0x2c c:/program files (x86)/cypress/psoc creator/4.2/psoc creator/import/gnu/arm/5.4.1/bin/../lib/gcc/arm-none-eabi/5.4.1/../../../../arm-none-eabi/lib/armv6-m\libg_nano.a(lib_a-strncpy.o)
 .ARM.attributes
                0x00000533       0x2c c:/program files (x86)/cypress/psoc creator/4.2/psoc creator/import/gnu/arm/5.4.1/bin/../lib/gcc/arm-none-eabi/5.4.1/armv6-m/crtend.o
 .ARM.attributes
                0x0000055f       0x1e c:/program files (x86)/cypress/psoc creator/4.2/psoc creator/import/gnu/arm/5.4.1/bin/../lib/gcc/arm-none-eabi/5.4.1/armv6-m/crtn.o

.comment        0x00000000       0x6e
 .comment       0x00000000       0x6e .\CortexM0p\ARM_GCC_541\Debug\main_cm0p.o
                                 0x6f (size before relaxing)
 .comment       0x0000006e       0x6f .\CortexM0p\ARM_GCC_541\Debug\system_psoc62_cm0plus.o
 .comment       0x0000006e       0x6f .\CortexM0p\ARM_GCC_541\Debug\cy_ipc_config.o
 .comment       0x0000006e       0x6f .\CortexM0p\ARM_GCC_541\Debug\cyfitter_cfg.o
 .comment       0x0000006e       0x6f .\CortexM0p\ARM_GCC_541\Debug\cymetadata.o
 .comment       0x0000006e       0x6f .\CortexM0p\ARM_GCC_541\Debug\ADC.o
 .comment       0x0000006e       0x6f .\CortexM0p\ARM_GCC_541\Debug\ADC_INIT.o
 .comment       0x0000006e       0x6f .\CortexM0p\ARM_GCC_541\Debug\cy_sysint.o
 .comment       0x0000006e       0x6f .\CortexM0p\ARM_GCC_541\Debug\cy_ipc_drv.o
 .comment       0x0000006e       0x6f .\CortexM0p\ARM_GCC_541\Debug\cy_ipc_sema.o
 .comment       0x0000006e       0x6f .\CortexM0p\ARM_GCC_541\Debug\cy_ipc_pipe.o
 .comment       0x0000006e       0x6f .\CortexM0p\ARM_GCC_541\Debug\cy_sysclk.o
 .comment       0x0000006e       0x6f .\CortexM0p\ARM_GCC_541\Debug\cy_flash.o
 .comment       0x0000006e       0x6f .\CortexM0p\ARM_GCC_541\Debug\cy_gpio.o
 .comment       0x0000006e       0x6f .\CortexM0p\ARM_GCC_541\Debug\cy_sar.o
 .comment       0x0000006e       0x6f .\CortexM0p\ARM_GCC_541\Debug\cy_syspm.o
 .comment       0x0000006e       0x6f .\CortexM0p\ARM_GCC_541\Debug\cy_syslib.o
 .comment       0x0000006e       0x6f .\CortexM0p\ARM_GCC_541\Debug\cy_systick.o

.debug_line     0x00000000     0x4ac9
 .debug_line    0x00000000       0xa4 .\CortexM0p\ARM_GCC_541\Debug\startup_psoc62_cm0plus.o
 .debug_line    0x000000a4      0x272 .\CortexM0p\ARM_GCC_541\Debug\main_cm0p.o
 .debug_line    0x00000316      0x38f .\CortexM0p\ARM_GCC_541\Debug\system_psoc62_cm0plus.o
 .debug_line    0x000006a5      0x284 .\CortexM0p\ARM_GCC_541\Debug\cy_ipc_config.o
 .debug_line    0x00000929      0x432 .\CortexM0p\ARM_GCC_541\Debug\cyfitter_cfg.o
 .debug_line    0x00000d5b      0x141 .\CortexM0p\ARM_GCC_541\Debug\cymetadata.o
 .debug_line    0x00000e9c      0x3aa .\CortexM0p\ARM_GCC_541\Debug\ADC.o
 .debug_line    0x00001246      0x1ca .\CortexM0p\ARM_GCC_541\Debug\ADC_INIT.o
 .debug_line    0x00001410      0x342 .\CortexM0p\ARM_GCC_541\Debug\cy_sysint.o
 .debug_line    0x00001752      0x275 .\CortexM0p\ARM_GCC_541\Debug\cy_ipc_drv.o
 .debug_line    0x000019c7      0x323 .\CortexM0p\ARM_GCC_541\Debug\cy_ipc_sema.o
 .debug_line    0x00001cea      0x51f .\CortexM0p\ARM_GCC_541\Debug\cy_ipc_pipe.o
 .debug_line    0x00002209      0x91d .\CortexM0p\ARM_GCC_541\Debug\cy_sysclk.o
 .debug_line    0x00002b26      0x5e3 .\CortexM0p\ARM_GCC_541\Debug\cy_flash.o
 .debug_line    0x00003109      0x409 .\CortexM0p\ARM_GCC_541\Debug\cy_gpio.o
 .debug_line    0x00003512      0x629 .\CortexM0p\ARM_GCC_541\Debug\cy_sar.o
 .debug_line    0x00003b3b      0x7c4 .\CortexM0p\ARM_GCC_541\Debug\cy_syspm.o
 .debug_line    0x000042ff      0x42e .\CortexM0p\ARM_GCC_541\Debug\cy_syslib.o
 .debug_line    0x0000472d       0x89 .\CortexM0p\ARM_GCC_541\Debug\cy_syslib_gcc.o
 .debug_line    0x000047b6      0x313 .\CortexM0p\ARM_GCC_541\Debug\cy_systick.o

.debug_info     0x00000000    0x17f97
 .debug_info    0x00000000       0x83 .\CortexM0p\ARM_GCC_541\Debug\startup_psoc62_cm0plus.o
 .debug_info    0x00000083      0x727 .\CortexM0p\ARM_GCC_541\Debug\main_cm0p.o
 .debug_info    0x000007aa     0x1889 .\CortexM0p\ARM_GCC_541\Debug\system_psoc62_cm0plus.o
 .debug_info    0x00002033      0x5ac .\CortexM0p\ARM_GCC_541\Debug\cy_ipc_config.o
 .debug_info    0x000025df     0x1fee .\CortexM0p\ARM_GCC_541\Debug\cyfitter_cfg.o
 .debug_info    0x000045cd       0xac .\CortexM0p\ARM_GCC_541\Debug\cymetadata.o
 .debug_info    0x00004679     0x10f6 .\CortexM0p\ARM_GCC_541\Debug\ADC.o
 .debug_info    0x0000576f      0x283 .\CortexM0p\ARM_GCC_541\Debug\ADC_INIT.o
 .debug_info    0x000059f2      0xf3f .\CortexM0p\ARM_GCC_541\Debug\cy_sysint.o
 .debug_info    0x00006931      0x45f .\CortexM0p\ARM_GCC_541\Debug\cy_ipc_drv.o
 .debug_info    0x00006d90      0x7e3 .\CortexM0p\ARM_GCC_541\Debug\cy_ipc_sema.o
 .debug_info    0x00007573     0x1526 .\CortexM0p\ARM_GCC_541\Debug\cy_ipc_pipe.o
 .debug_info    0x00008a99     0x252e .\CortexM0p\ARM_GCC_541\Debug\cy_sysclk.o
 .debug_info    0x0000afc7     0x20fc .\CortexM0p\ARM_GCC_541\Debug\cy_flash.o
 .debug_info    0x0000d0c3     0x356a .\CortexM0p\ARM_GCC_541\Debug\cy_gpio.o
 .debug_info    0x0001062d     0x15fb .\CortexM0p\ARM_GCC_541\Debug\cy_sar.o
 .debug_info    0x00011c28     0x396c .\CortexM0p\ARM_GCC_541\Debug\cy_syspm.o
 .debug_info    0x00015594     0x20d1 .\CortexM0p\ARM_GCC_541\Debug\cy_syslib.o
 .debug_info    0x00017665       0xa4 .\CortexM0p\ARM_GCC_541\Debug\cy_syslib_gcc.o
 .debug_info    0x00017709      0x88e .\CortexM0p\ARM_GCC_541\Debug\cy_systick.o

.debug_abbrev   0x00000000     0x2767
 .debug_abbrev  0x00000000       0x14 .\CortexM0p\ARM_GCC_541\Debug\startup_psoc62_cm0plus.o
 .debug_abbrev  0x00000014      0x190 .\CortexM0p\ARM_GCC_541\Debug\main_cm0p.o
 .debug_abbrev  0x000001a4      0x1e8 .\CortexM0p\ARM_GCC_541\Debug\system_psoc62_cm0plus.o
 .debug_abbrev  0x0000038c      0x14a .\CortexM0p\ARM_GCC_541\Debug\cy_ipc_config.o
 .debug_abbrev  0x000004d6      0x2b5 .\CortexM0p\ARM_GCC_541\Debug\cyfitter_cfg.o
 .debug_abbrev  0x0000078b       0x5d .\CortexM0p\ARM_GCC_541\Debug\cymetadata.o
 .debug_abbrev  0x000007e8      0x2e9 .\CortexM0p\ARM_GCC_541\Debug\ADC.o
 .debug_abbrev  0x00000ad1       0xe3 .\CortexM0p\ARM_GCC_541\Debug\ADC_INIT.o
 .debug_abbrev  0x00000bb4      0x260 .\CortexM0p\ARM_GCC_541\Debug\cy_sysint.o
 .debug_abbrev  0x00000e14      0x166 .\CortexM0p\ARM_GCC_541\Debug\cy_ipc_drv.o
 .debug_abbrev  0x00000f7a      0x21c .\CortexM0p\ARM_GCC_541\Debug\cy_ipc_sema.o
 .debug_abbrev  0x00001196      0x2f1 .\CortexM0p\ARM_GCC_541\Debug\cy_ipc_pipe.o
 .debug_abbrev  0x00001487      0x37a .\CortexM0p\ARM_GCC_541\Debug\cy_sysclk.o
 .debug_abbrev  0x00001801      0x308 .\CortexM0p\ARM_GCC_541\Debug\cy_flash.o
 .debug_abbrev  0x00001b09      0x1c6 .\CortexM0p\ARM_GCC_541\Debug\cy_gpio.o
 .debug_abbrev  0x00001ccf      0x2a4 .\CortexM0p\ARM_GCC_541\Debug\cy_sar.o
 .debug_abbrev  0x00001f73      0x2fb .\CortexM0p\ARM_GCC_541\Debug\cy_syspm.o
 .debug_abbrev  0x0000226e      0x2d9 .\CortexM0p\ARM_GCC_541\Debug\cy_syslib.o
 .debug_abbrev  0x00002547       0x14 .\CortexM0p\ARM_GCC_541\Debug\cy_syslib_gcc.o
 .debug_abbrev  0x0000255b      0x20c .\CortexM0p\ARM_GCC_541\Debug\cy_systick.o

.debug_aranges  0x00000000      0x720
 .debug_aranges
                0x00000000       0x20 .\CortexM0p\ARM_GCC_541\Debug\startup_psoc62_cm0plus.o
 .debug_aranges
                0x00000020       0x20 .\CortexM0p\ARM_GCC_541\Debug\main_cm0p.o
 .debug_aranges
                0x00000040       0x58 .\CortexM0p\ARM_GCC_541\Debug\system_psoc62_cm0plus.o
 .debug_aranges
                0x00000098       0x30 .\CortexM0p\ARM_GCC_541\Debug\cy_ipc_config.o
 .debug_aranges
                0x000000c8       0x38 .\CortexM0p\ARM_GCC_541\Debug\cyfitter_cfg.o
 .debug_aranges
                0x00000100       0x18 .\CortexM0p\ARM_GCC_541\Debug\cymetadata.o
 .debug_aranges
                0x00000118       0x78 .\CortexM0p\ARM_GCC_541\Debug\ADC.o
 .debug_aranges
                0x00000190       0x18 .\CortexM0p\ARM_GCC_541\Debug\ADC_INIT.o
 .debug_aranges
                0x000001a8       0x40 .\CortexM0p\ARM_GCC_541\Debug\cy_sysint.o
 .debug_aranges
                0x000001e8       0x30 .\CortexM0p\ARM_GCC_541\Debug\cy_ipc_drv.o
 .debug_aranges
                0x00000218       0x40 .\CortexM0p\ARM_GCC_541\Debug\cy_ipc_sema.o
 .debug_aranges
                0x00000258       0x60 .\CortexM0p\ARM_GCC_541\Debug\cy_ipc_pipe.o
 .debug_aranges
                0x000002b8       0xa8 .\CortexM0p\ARM_GCC_541\Debug\cy_sysclk.o
 .debug_aranges
                0x00000360       0xa8 .\CortexM0p\ARM_GCC_541\Debug\cy_flash.o
 .debug_aranges
                0x00000408       0x38 .\CortexM0p\ARM_GCC_541\Debug\cy_gpio.o
 .debug_aranges
                0x00000440       0xe0 .\CortexM0p\ARM_GCC_541\Debug\cy_sar.o
 .debug_aranges
                0x00000520      0x108 .\CortexM0p\ARM_GCC_541\Debug\cy_syspm.o
 .debug_aranges
                0x00000628       0x80 .\CortexM0p\ARM_GCC_541\Debug\cy_syslib.o
 .debug_aranges
                0x000006a8       0x20 .\CortexM0p\ARM_GCC_541\Debug\cy_syslib_gcc.o
 .debug_aranges
                0x000006c8       0x58 .\CortexM0p\ARM_GCC_541\Debug\cy_systick.o

.debug_ranges   0x00000000      0x670
 .debug_ranges  0x00000000       0x10 .\CortexM0p\ARM_GCC_541\Debug\main_cm0p.o
 .debug_ranges  0x00000010       0x60 .\CortexM0p\ARM_GCC_541\Debug\system_psoc62_cm0plus.o
 .debug_ranges  0x00000070       0x20 .\CortexM0p\ARM_GCC_541\Debug\cy_ipc_config.o
 .debug_ranges  0x00000090       0x28 .\CortexM0p\ARM_GCC_541\Debug\cyfitter_cfg.o
 .debug_ranges  0x000000b8       0x68 .\CortexM0p\ARM_GCC_541\Debug\ADC.o
 .debug_ranges  0x00000120       0x30 .\CortexM0p\ARM_GCC_541\Debug\cy_sysint.o
 .debug_ranges  0x00000150       0x20 .\CortexM0p\ARM_GCC_541\Debug\cy_ipc_drv.o
 .debug_ranges  0x00000170       0x30 .\CortexM0p\ARM_GCC_541\Debug\cy_ipc_sema.o
 .debug_ranges  0x000001a0       0x50 .\CortexM0p\ARM_GCC_541\Debug\cy_ipc_pipe.o
 .debug_ranges  0x000001f0      0x128 .\CortexM0p\ARM_GCC_541\Debug\cy_sysclk.o
 .debug_ranges  0x00000318       0x98 .\CortexM0p\ARM_GCC_541\Debug\cy_flash.o
 .debug_ranges  0x000003b0       0x28 .\CortexM0p\ARM_GCC_541\Debug\cy_gpio.o
 .debug_ranges  0x000003d8       0xd0 .\CortexM0p\ARM_GCC_541\Debug\cy_sar.o
 .debug_ranges  0x000004a8      0x110 .\CortexM0p\ARM_GCC_541\Debug\cy_syspm.o
 .debug_ranges  0x000005b8       0x70 .\CortexM0p\ARM_GCC_541\Debug\cy_syslib.o
 .debug_ranges  0x00000628       0x48 .\CortexM0p\ARM_GCC_541\Debug\cy_systick.o

.debug_str      0x00000000     0xe446
 .debug_str     0x00000000      0x5fc .\CortexM0p\ARM_GCC_541\Debug\main_cm0p.o
                                0x692 (size before relaxing)
 .debug_str     0x000005fc      0xdb1 .\CortexM0p\ARM_GCC_541\Debug\system_psoc62_cm0plus.o
                               0x11d2 (size before relaxing)
 .debug_str     0x000013ad      0x527 .\CortexM0p\ARM_GCC_541\Debug\cy_ipc_config.o
                                0x751 (size before relaxing)
 .debug_str     0x000018d4     0x1520 .\CortexM0p\ARM_GCC_541\Debug\cyfitter_cfg.o
                               0x1de5 (size before relaxing)
 .debug_str     0x00002df4       0x30 .\CortexM0p\ARM_GCC_541\Debug\cymetadata.o
                                0x194 (size before relaxing)
 .debug_str     0x00002e24      0x3f8 .\CortexM0p\ARM_GCC_541\Debug\ADC.o
                                0xc52 (size before relaxing)
 .debug_str     0x0000321c       0x30 .\CortexM0p\ARM_GCC_541\Debug\ADC_INIT.o
                                0x370 (size before relaxing)
 .debug_str     0x0000324c     0x1126 .\CortexM0p\ARM_GCC_541\Debug\cy_sysint.o
                               0x1859 (size before relaxing)
 .debug_str     0x00004372      0x191 .\CortexM0p\ARM_GCC_541\Debug\cy_ipc_drv.o
                                0x37f (size before relaxing)
 .debug_str     0x00004503      0x24c .\CortexM0p\ARM_GCC_541\Debug\cy_ipc_sema.o
                                0x5a5 (size before relaxing)
 .debug_str     0x0000474f      0x460 .\CortexM0p\ARM_GCC_541\Debug\cy_ipc_pipe.o
                               0x1c02 (size before relaxing)
 .debug_str     0x00004baf      0xb63 .\CortexM0p\ARM_GCC_541\Debug\cy_sysclk.o
                               0x1b84 (size before relaxing)
 .debug_str     0x00005712      0x759 .\CortexM0p\ARM_GCC_541\Debug\cy_flash.o
                               0x192a (size before relaxing)
 .debug_str     0x00005e6b     0x7015 .\CortexM0p\ARM_GCC_541\Debug\cy_gpio.o
                               0x72d1 (size before relaxing)
 .debug_str     0x0000ce80      0x528 .\CortexM0p\ARM_GCC_541\Debug\cy_sar.o
                                0xebb (size before relaxing)
 .debug_str     0x0000d3a8      0xc9e .\CortexM0p\ARM_GCC_541\Debug\cy_syspm.o
                               0x22ae (size before relaxing)
 .debug_str     0x0000e046      0x22c .\CortexM0p\ARM_GCC_541\Debug\cy_syslib.o
                               0x16b8 (size before relaxing)
 .debug_str     0x0000e272      0x1d4 .\CortexM0p\ARM_GCC_541\Debug\cy_systick.o
                                0x762 (size before relaxing)

.debug_frame    0x00000000     0x1414
 .debug_frame   0x00000000       0x2c .\CortexM0p\ARM_GCC_541\Debug\main_cm0p.o
 .debug_frame   0x0000002c       0xe0 .\CortexM0p\ARM_GCC_541\Debug\system_psoc62_cm0plus.o
 .debug_frame   0x0000010c       0x64 .\CortexM0p\ARM_GCC_541\Debug\cy_ipc_config.o
 .debug_frame   0x00000170       0x70 .\CortexM0p\ARM_GCC_541\Debug\cyfitter_cfg.o
 .debug_frame   0x000001e0      0x144 .\CortexM0p\ARM_GCC_541\Debug\ADC.o
 .debug_frame   0x00000324       0x94 .\CortexM0p\ARM_GCC_541\Debug\cy_sysint.o
 .debug_frame   0x000003b8       0x70 .\CortexM0p\ARM_GCC_541\Debug\cy_ipc_drv.o
 .debug_frame   0x00000428       0xa8 .\CortexM0p\ARM_GCC_541\Debug\cy_ipc_sema.o
 .debug_frame   0x000004d0      0x134 .\CortexM0p\ARM_GCC_541\Debug\cy_ipc_pipe.o
 .debug_frame   0x00000604      0x264 .\CortexM0p\ARM_GCC_541\Debug\cy_sysclk.o
 .debug_frame   0x00000868      0x1f8 .\CortexM0p\ARM_GCC_541\Debug\cy_flash.o
 .debug_frame   0x00000a60       0x90 .\CortexM0p\ARM_GCC_541\Debug\cy_gpio.o
 .debug_frame   0x00000af0      0x328 .\CortexM0p\ARM_GCC_541\Debug\cy_sar.o
 .debug_frame   0x00000e18      0x344 .\CortexM0p\ARM_GCC_541\Debug\cy_syspm.o
 .debug_frame   0x0000115c      0x134 .\CortexM0p\ARM_GCC_541\Debug\cy_syslib.o
 .debug_frame   0x00001290       0xac .\CortexM0p\ARM_GCC_541\Debug\cy_systick.o
 .debug_frame   0x0000133c       0x20 c:/program files (x86)/cypress/psoc creator/4.2/psoc creator/import/gnu/arm/5.4.1/bin/../lib/gcc/arm-none-eabi/5.4.1/armv6-m\libgcc.a(_udivsi3.o)
 .debug_frame   0x0000135c       0x20 c:/program files (x86)/cypress/psoc creator/4.2/psoc creator/import/gnu/arm/5.4.1/bin/../lib/gcc/arm-none-eabi/5.4.1/armv6-m\libgcc.a(_divsi3.o)
 .debug_frame   0x0000137c       0x20 c:/program files (x86)/cypress/psoc creator/4.2/psoc creator/import/gnu/arm/5.4.1/bin/../lib/gcc/arm-none-eabi/5.4.1/armv6-m\libgcc.a(fixsfsi.o)
 .debug_frame   0x0000139c       0x2c c:/program files (x86)/cypress/psoc creator/4.2/psoc creator/import/gnu/arm/5.4.1/bin/../lib/gcc/arm-none-eabi/5.4.1/armv6-m\libgcc.a(floatsisf.o)
 .debug_frame   0x000013c8       0x20 c:/program files (x86)/cypress/psoc creator/4.2/psoc creator/import/gnu/arm/5.4.1/bin/../lib/gcc/arm-none-eabi/5.4.1/../../../../arm-none-eabi/lib/armv6-m\libg_nano.a(lib_a-memset.o)
 .debug_frame   0x000013e8       0x2c c:/program files (x86)/cypress/psoc creator/4.2/psoc creator/import/gnu/arm/5.4.1/bin/../lib/gcc/arm-none-eabi/5.4.1/../../../../arm-none-eabi/lib/armv6-m\libg_nano.a(lib_a-strncpy.o)

.debug_loc      0x00000000     0x66d8
 .debug_loc     0x00000000      0x342 .\CortexM0p\ARM_GCC_541\Debug\system_psoc62_cm0plus.o
 .debug_loc     0x00000342       0x1e .\CortexM0p\ARM_GCC_541\Debug\cy_ipc_config.o
 .debug_loc     0x00000360      0x22e .\CortexM0p\ARM_GCC_541\Debug\cyfitter_cfg.o
 .debug_loc     0x0000058e      0x2a0 .\CortexM0p\ARM_GCC_541\Debug\ADC.o
 .debug_loc     0x0000082e      0x583 .\CortexM0p\ARM_GCC_541\Debug\cy_sysint.o
 .debug_loc     0x00000db1      0x303 .\CortexM0p\ARM_GCC_541\Debug\cy_ipc_drv.o
 .debug_loc     0x000010b4      0x743 .\CortexM0p\ARM_GCC_541\Debug\cy_ipc_sema.o
 .debug_loc     0x000017f7      0x77c .\CortexM0p\ARM_GCC_541\Debug\cy_ipc_pipe.o
 .debug_loc     0x00001f73     0x181e .\CortexM0p\ARM_GCC_541\Debug\cy_sysclk.o
 .debug_loc     0x00003791      0xb51 .\CortexM0p\ARM_GCC_541\Debug\cy_flash.o
 .debug_loc     0x000042e2      0x758 .\CortexM0p\ARM_GCC_541\Debug\cy_gpio.o
 .debug_loc     0x00004a3a      0xfc2 .\CortexM0p\ARM_GCC_541\Debug\cy_sar.o
 .debug_loc     0x000059fc      0x91a .\CortexM0p\ARM_GCC_541\Debug\cy_syspm.o
 .debug_loc     0x00006316      0x228 .\CortexM0p\ARM_GCC_541\Debug\cy_syslib.o
 .debug_loc     0x0000653e      0x19a .\CortexM0p\ARM_GCC_541\Debug\cy_systick.o
